<html>
<body>
<pre>
<h1>µVision Build Log</h1>
<h2>Tool Versions:</h2>
IDE-Version: µVision V5.27.1.0
Copyright (C) 2019 ARM Ltd and ARM Germany GmbH. All rights reserved.
License Information: Anh Vo, SFU, LIC=----
 
Tool Versions:
Toolchain:       MDK-Lite  Version: 5.27.1.0
Toolchain Path:  C:\Keil_v5\ARM\ARMCC\Bin
C Compiler:      Armcc.exe V5.06 update 6 (build 750)
Assembler:       Armasm.exe V5.06 update 6 (build 750)
Linker/Locator:  ArmLink.exe V5.06 update 6 (build 750)
Library Manager: ArmAr.exe V5.06 update 6 (build 750)
Hex Converter:   FromElf.exe V5.06 update 6 (build 750)
CPU DLL:         SARM.DLL V5.27.1.0
Dialog DLL:      DARMST.DLL V1.17.0.0
Target DLL:      UL2ARM.DLL V1.74.10.0
Dialog DLL:      TARMST.DLL V1.16.0.0
 
<h2>Project:</h2>
E:\Engineering\2021 Summer\ENSC 254\A2-bigFib\hw5.uvproj
Project File Date:  07/12/2021

<h2>Output:</h2>
*** Using Compiler 'V5.06 update 6 (build 750)', folder: 'C:\Keil_v5\ARM\ARMCC\Bin'
Rebuild target 'Simulator'
assembling bigAdd.S...
assembling STR73x.s...
compiling BigFib.c...
compiling main.c...
compiling Retarget.c...
compiling InitHw.c...
compiling 73x_it.c...
linking...
Program Size: Code=15412 RO-data=600 RW-data=24 ZI-data=9652  
".\Flash\Blinky.axf" - 0 Error(s), 0 Warning(s).
Build Time Elapsed:  00:00:01
</pre>
</body>
</html>
