<!doctype html public "-//w3c//dtd html 4.0 transitional//en">
<html><head>
<title>Static Call Graph - [.\Objects\uVisionProject.axf]</title></head>
<body><HR>
<H1>Static Call Graph for image .\Objects\uVisionProject.axf</H1><HR>
<BR><P>#&#060CALLGRAPH&#062# ARM Linker, 5060750: Last Updated: Tue Aug 10 22:31:06 2021
<BR><P>
<H3>Maximum Stack Usage =          0 bytes + Unknown(Functions without stacksize)</H3><H3>
Call chain for Maximum Stack Depth:</H3>

<P>
<H3>
Functions with no stack information
</H3><UL>
 <LI><a href="#[0]">Reset_Handler</a>
 <LI><a href="#[2]">repeat</a>
 <LI><a href="#[1]">Start</a>
 <LI><a href="#[3]">bigAdd</a>
</UL>
</UL>
<P>
<H3>
Global Symbols
</H3>
<P><STRONG><a name="[0]"></a>Reset_Handler</STRONG> (ARM, 0 bytes, Stack size unknown bytes, reset_handler.o(.aRESET))
<BR><BR>[Calls]<UL><LI><a href="#[1]">&gt;&gt;</a>&nbsp;&nbsp;&nbsp;Start
</UL>

<P><STRONG><a name="[2]"></a>repeat</STRONG> (ARM, 4 bytes, Stack size unknown bytes, test.o(.text))
<BR><BR>[Called By]<UL><LI><a href="#[1]">&gt;&gt;</a>&nbsp;&nbsp;&nbsp;Start
</UL>

<P><STRONG><a name="[1]"></a>Start</STRONG> (ARM, 4 bytes, Stack size unknown bytes, test.o(.text))
<BR><BR>[Calls]<UL><LI><a href="#[4]">&gt;&gt;</a>&nbsp;&nbsp;&nbsp;memcmp
<LI><a href="#[3]">&gt;&gt;</a>&nbsp;&nbsp;&nbsp;bigAdd
<LI><a href="#[2]">&gt;&gt;</a>&nbsp;&nbsp;&nbsp;repeat
</UL>
<BR>[Called By]<UL><LI><a href="#[0]">&gt;&gt;</a>&nbsp;&nbsp;&nbsp;Reset_Handler
</UL>

<P><STRONG><a name="[3]"></a>bigAdd</STRONG> (ARM, 0 bytes, Stack size unknown bytes, bigadd.o(.text))
<BR><BR>[Called By]<UL><LI><a href="#[1]">&gt;&gt;</a>&nbsp;&nbsp;&nbsp;Start
</UL>

<P><STRONG><a name="[4]"></a>memcmp</STRONG> (ARM, 172 bytes, Stack size 0 bytes, memcmp.o(.text))
<BR><BR>[Called By]<UL><LI><a href="#[1]">&gt;&gt;</a>&nbsp;&nbsp;&nbsp;Start
</UL>
<P>
<H3>
Local Symbols
</H3><P>
<H3>
Undefined Global Symbols
</H3><HR></body></html>
