Archive member included to satisfy reference by file (symbol)

c:/program files (x86)/gnu tools arm embedded/6 2017-q2-update/bin/../lib/gcc/arm-none-eabi/6.3.1/../../../../arm-none-eabi/lib\libc.a(lib_a-memcmp.o)
                              ./objects/reset_handler.o (memcmp)

Discarded input sections

 .group         0x00000000       0x10 ./objects/bigadd.o
 .group         0x00000000       0x10 ./objects/bigadd.o
 .group         0x00000000       0x10 ./objects/bigadd.o
 .group         0x00000000       0x10 ./objects/bigadd.o
 .group         0x00000000       0x10 ./objects/bigadd.o
 .group         0x00000000       0x10 ./objects/bigadd.o
 .group         0x00000000       0x10 ./objects/bigadd.o
 .group         0x00000000       0x10 ./objects/bigadd.o
 .group         0x00000000       0x10 ./objects/bigadd.o
 .group         0x00000000       0x10 ./objects/bigadd.o
 .group         0x00000000       0x10 ./objects/bigadd.o
 .group         0x00000000       0x10 ./objects/bigadd.o
 .group         0x00000000       0x10 ./objects/bigadd.o

Memory Configuration

Name             Origin             Length             Attributes
FLASH            0x00000000         0x00020000         xr
RAM              0x40000000         0x00004000         xrw
*default*        0x00000000         0xffffffff

Linker script and memory map

LOAD ./objects/reset_handler.o
LOAD ./objects/testtablebigadd.o
LOAD ./objects/bigadd.o
LOAD c:/program files (x86)/gnu tools arm embedded/6 2017-q2-update/bin/../lib/gcc/arm-none-eabi/6.3.1/../../../../arm-none-eabi/lib\libm.a
START GROUP
LOAD c:/program files (x86)/gnu tools arm embedded/6 2017-q2-update/bin/../lib/gcc/arm-none-eabi/6.3.1\libgcc.a
LOAD c:/program files (x86)/gnu tools arm embedded/6 2017-q2-update/bin/../lib/gcc/arm-none-eabi/6.3.1/../../../../arm-none-eabi/lib\libc.a
END GROUP

.text           0x00000000     0x13d1
 *(.text*)
 .text          0x00000000      0x140 ./objects/reset_handler.o
                0x00000000                Reset_Handler
 .text          0x00000140        0x0 ./objects/testtablebigadd.o
 .text          0x00000140      0x274 ./objects/bigadd.o
                0x00000140                bigAdd
 .text._ZN10primitives9primitiveIjvEC2IjvEERKT_
                0x000003b4       0x2c ./objects/bigadd.o
                0x000003b4                primitives::primitive<unsigned int, void>::primitive<unsigned int, void>(unsigned int const&)
 .text._ZN10primitives17carried_primitiveC1IjvEERKT_
                0x000003e0       0x34 ./objects/bigadd.o
                0x000003e0                primitives::carried_primitive::carried_primitive<unsigned int, void>(unsigned int const&)
 .text._ZN10primitives17carried_primitivepLERKj
                0x00000414       0x68 ./objects/bigadd.o
                0x00000414                primitives::carried_primitive::operator+=(unsigned int const&)
 .text._ZNK10primitives9primitiveIjvE3getEv
                0x0000047c       0x18 ./objects/bigadd.o
                0x0000047c                primitives::primitive<unsigned int, void>::get() const
 .text._ZN10primitives17carried_primitivepLERKS0_
                0x00000494       0x88 ./objects/bigadd.o
                0x00000494                primitives::carried_primitive::operator+=(primitives::carried_primitive const&)
 .text._ZN10primitivesltIjEEbRKNS_9primitiveIT_NSt9enable_ifIXsrSt13is_arithmeticIS2_E5valueEvE4typeEEERKS2_
                0x0000051c       0x48 ./objects/bigadd.o
                0x0000051c                bool primitives::operator< <unsigned int>(primitives::primitive<unsigned int, std::enable_if<std::is_arithmetic<unsigned int>::value, void>::type> const&, unsigned int const&)
 .text._ZN10primitivesplERKNS_17carried_primitiveERKj
                0x00000564       0x80 ./objects/bigadd.o
                0x00000564                primitives::operator+(primitives::carried_primitive const&, unsigned int const&)
 .text._ZN10primitivesltIjjEEbRKNS_9primitiveIT_NSt9enable_ifIXsrSt13is_arithmeticIS2_E5valueEvE4typeEEERKNS1_IT0_NS3_IXsrS4_ISB_E5valueEvE4typeEEE
                0x000005e4       0x50 ./objects/bigadd.o
                0x000005e4                bool primitives::operator< <unsigned int, unsigned int>(primitives::primitive<unsigned int, std::enable_if<std::is_arithmetic<unsigned int>::value, void>::type> const&, primitives::primitive<unsigned int, std::enable_if<std::is_arithmetic<unsigned int>::value, void>::type> const&)
 .text._ZSt3maxIN10primitives17carried_primitiveEERKT_S4_S4_
                0x00000634       0x4c ./objects/bigadd.o
                0x00000634                primitives::carried_primitive const& std::max<primitives::carried_primitive>(primitives::carried_primitive const&, primitives::carried_primitive const&)
 .text._ZN10primitivesgtIjEEbRKNS_9primitiveIT_NSt9enable_ifIXsrSt13is_arithmeticIS2_E5valueEvE4typeEEERKS2_
                0x00000680       0x48 ./objects/bigadd.o
                0x00000680                bool primitives::operator><unsigned int>(primitives::primitive<unsigned int, std::enable_if<std::is_arithmetic<unsigned int>::value, void>::type> const&, unsigned int const&)
 .text._ZSt3minIN10primitives17carried_primitiveEERKT_S4_S4_
                0x000006c8       0x4c ./objects/bigadd.o
                0x000006c8                primitives::carried_primitive const& std::min<primitives::carried_primitive>(primitives::carried_primitive const&, primitives::carried_primitive const&)
 .text._ZN10primitivesleIjEEbRKT_RKNS_9primitiveIS1_NSt9enable_ifIXsrSt13is_arithmeticIS1_E5valueEvE4typeEEE
                0x00000714       0x48 ./objects/bigadd.o
                0x00000714                bool primitives::operator<=<unsigned int>(unsigned int const&, primitives::primitive<unsigned int, std::enable_if<std::is_arithmetic<unsigned int>::value, void>::type> const&)
 .text._ZN10primitivesneIjEEbRKNS_9primitiveIT_NSt9enable_ifIXsrSt13is_arithmeticIS2_E5valueEvE4typeEEERKS2_
                0x0000075c       0x48 ./objects/bigadd.o
                0x0000075c                bool primitives::operator!=<unsigned int>(primitives::primitive<unsigned int, std::enable_if<std::is_arithmetic<unsigned int>::value, void>::type> const&, unsigned int const&)
 .text          0x000007a4        0x0 c:/program files (x86)/gnu tools arm embedded/6 2017-q2-update/bin/../lib/gcc/arm-none-eabi/6.3.1/../../../../arm-none-eabi/lib\libc.a(lib_a-memcmp.o)
 .text.memcmp   0x000007a4       0xf0 c:/program files (x86)/gnu tools arm embedded/6 2017-q2-update/bin/../lib/gcc/arm-none-eabi/6.3.1/../../../../arm-none-eabi/lib\libc.a(lib_a-memcmp.o)
                0x000007a4                memcmp
                0x00001000                . = ALIGN (0x1000)
 *fill*         0x00000894      0x76c 
 *(.rodata*)
 .rodata        0x00001000      0x3d0 ./objects/testtablebigadd.o
                0x00001000                TestTableBigAdd
 .rodata        0x000013d0        0x1 ./objects/bigadd.o

.ARM.extab.text._ZN10primitives9primitiveIjvEC2IjvEERKT_
                0x000013d1        0x0
 .ARM.extab.text._ZN10primitives9primitiveIjvEC2IjvEERKT_
                0x000013d1        0x0 ./objects/bigadd.o

.ARM.exidx.text._ZN10primitives9primitiveIjvEC2IjvEERKT_
                0x000013d4        0x0
 .ARM.exidx.text._ZN10primitives9primitiveIjvEC2IjvEERKT_
                0x000013d4        0x0 ./objects/bigadd.o
                                  0x8 (size before relaxing)

.ARM.extab.text._ZN10primitives17carried_primitiveC1IjvEERKT_
                0x000013d4        0x0
 .ARM.extab.text._ZN10primitives17carried_primitiveC1IjvEERKT_
                0x000013d4        0x0 ./objects/bigadd.o

.ARM.exidx.text._ZN10primitives17carried_primitiveC1IjvEERKT_
                0x000013d4        0x0
 .ARM.exidx.text._ZN10primitives17carried_primitiveC1IjvEERKT_
                0x000013d4        0x0 ./objects/bigadd.o
                                  0x8 (size before relaxing)

.ARM.extab.text._ZN10primitives17carried_primitivepLERKj
                0x000013d4        0x0
 .ARM.extab.text._ZN10primitives17carried_primitivepLERKj
                0x000013d4        0x0 ./objects/bigadd.o

.ARM.exidx.text._ZN10primitives17carried_primitivepLERKj
                0x000013d4        0x0
 .ARM.exidx.text._ZN10primitives17carried_primitivepLERKj
                0x000013d4        0x0 ./objects/bigadd.o
                                  0x8 (size before relaxing)

.ARM.extab.text._ZNK10primitives9primitiveIjvE3getEv
                0x000013d4        0x0
 .ARM.extab.text._ZNK10primitives9primitiveIjvE3getEv
                0x000013d4        0x0 ./objects/bigadd.o

.ARM.exidx.text._ZNK10primitives9primitiveIjvE3getEv
                0x000013d4        0x0
 .ARM.exidx.text._ZNK10primitives9primitiveIjvE3getEv
                0x000013d4        0x0 ./objects/bigadd.o
                                  0x8 (size before relaxing)

.ARM.extab.text._ZN10primitives17carried_primitivepLERKS0_
                0x000013d4        0x0
 .ARM.extab.text._ZN10primitives17carried_primitivepLERKS0_
                0x000013d4        0x0 ./objects/bigadd.o

.ARM.exidx.text._ZN10primitives17carried_primitivepLERKS0_
                0x000013d4        0x0
 .ARM.exidx.text._ZN10primitives17carried_primitivepLERKS0_
                0x000013d4        0x0 ./objects/bigadd.o
                                  0x8 (size before relaxing)

.ARM.extab.text._ZN10primitivesltIjEEbRKNS_9primitiveIT_NSt9enable_ifIXsrSt13is_arithmeticIS2_E5valueEvE4typeEEERKS2_
                0x000013d4        0x0
 .ARM.extab.text._ZN10primitivesltIjEEbRKNS_9primitiveIT_NSt9enable_ifIXsrSt13is_arithmeticIS2_E5valueEvE4typeEEERKS2_
                0x000013d4        0x0 ./objects/bigadd.o

.ARM.exidx.text._ZN10primitivesltIjEEbRKNS_9primitiveIT_NSt9enable_ifIXsrSt13is_arithmeticIS2_E5valueEvE4typeEEERKS2_
                0x000013d4        0x0
 .ARM.exidx.text._ZN10primitivesltIjEEbRKNS_9primitiveIT_NSt9enable_ifIXsrSt13is_arithmeticIS2_E5valueEvE4typeEEERKS2_
                0x000013d4        0x0 ./objects/bigadd.o
                                  0x8 (size before relaxing)

.ARM.extab.text._ZN10primitivesplERKNS_17carried_primitiveERKj
                0x000013d4        0x0
 .ARM.extab.text._ZN10primitivesplERKNS_17carried_primitiveERKj
                0x000013d4        0x0 ./objects/bigadd.o

.ARM.exidx.text._ZN10primitivesplERKNS_17carried_primitiveERKj
                0x000013d4        0x0
 .ARM.exidx.text._ZN10primitivesplERKNS_17carried_primitiveERKj
                0x000013d4        0x0 ./objects/bigadd.o
                                  0x8 (size before relaxing)

.ARM.extab.text._ZN10primitivesltIjjEEbRKNS_9primitiveIT_NSt9enable_ifIXsrSt13is_arithmeticIS2_E5valueEvE4typeEEERKNS1_IT0_NS3_IXsrS4_ISB_E5valueEvE4typeEEE
                0x000013d4        0x0
 .ARM.extab.text._ZN10primitivesltIjjEEbRKNS_9primitiveIT_NSt9enable_ifIXsrSt13is_arithmeticIS2_E5valueEvE4typeEEERKNS1_IT0_NS3_IXsrS4_ISB_E5valueEvE4typeEEE
                0x000013d4        0x0 ./objects/bigadd.o

.ARM.exidx.text._ZN10primitivesltIjjEEbRKNS_9primitiveIT_NSt9enable_ifIXsrSt13is_arithmeticIS2_E5valueEvE4typeEEERKNS1_IT0_NS3_IXsrS4_ISB_E5valueEvE4typeEEE
                0x000013d4        0x0
 .ARM.exidx.text._ZN10primitivesltIjjEEbRKNS_9primitiveIT_NSt9enable_ifIXsrSt13is_arithmeticIS2_E5valueEvE4typeEEERKNS1_IT0_NS3_IXsrS4_ISB_E5valueEvE4typeEEE
                0x000013d4        0x0 ./objects/bigadd.o
                                  0x8 (size before relaxing)

.ARM.extab.text._ZSt3maxIN10primitives17carried_primitiveEERKT_S4_S4_
                0x000013d4        0x0
 .ARM.extab.text._ZSt3maxIN10primitives17carried_primitiveEERKT_S4_S4_
                0x000013d4        0x0 ./objects/bigadd.o

.ARM.exidx.text._ZSt3maxIN10primitives17carried_primitiveEERKT_S4_S4_
                0x000013d4        0x0
 .ARM.exidx.text._ZSt3maxIN10primitives17carried_primitiveEERKT_S4_S4_
                0x000013d4        0x0 ./objects/bigadd.o
                                  0x8 (size before relaxing)

.ARM.extab.text._ZN10primitivesgtIjEEbRKNS_9primitiveIT_NSt9enable_ifIXsrSt13is_arithmeticIS2_E5valueEvE4typeEEERKS2_
                0x000013d4        0x0
 .ARM.extab.text._ZN10primitivesgtIjEEbRKNS_9primitiveIT_NSt9enable_ifIXsrSt13is_arithmeticIS2_E5valueEvE4typeEEERKS2_
                0x000013d4        0x0 ./objects/bigadd.o

.ARM.exidx.text._ZN10primitivesgtIjEEbRKNS_9primitiveIT_NSt9enable_ifIXsrSt13is_arithmeticIS2_E5valueEvE4typeEEERKS2_
                0x000013d4        0x0
 .ARM.exidx.text._ZN10primitivesgtIjEEbRKNS_9primitiveIT_NSt9enable_ifIXsrSt13is_arithmeticIS2_E5valueEvE4typeEEERKS2_
                0x000013d4        0x0 ./objects/bigadd.o
                                  0x8 (size before relaxing)

.ARM.extab.text._ZSt3minIN10primitives17carried_primitiveEERKT_S4_S4_
                0x000013d4        0x0
 .ARM.extab.text._ZSt3minIN10primitives17carried_primitiveEERKT_S4_S4_
                0x000013d4        0x0 ./objects/bigadd.o

.ARM.exidx.text._ZSt3minIN10primitives17carried_primitiveEERKT_S4_S4_
                0x000013d4        0x0
 .ARM.exidx.text._ZSt3minIN10primitives17carried_primitiveEERKT_S4_S4_
                0x000013d4        0x0 ./objects/bigadd.o
                                  0x8 (size before relaxing)

.ARM.extab.text._ZN10primitivesleIjEEbRKT_RKNS_9primitiveIS1_NSt9enable_ifIXsrSt13is_arithmeticIS1_E5valueEvE4typeEEE
                0x000013d4        0x0
 .ARM.extab.text._ZN10primitivesleIjEEbRKT_RKNS_9primitiveIS1_NSt9enable_ifIXsrSt13is_arithmeticIS1_E5valueEvE4typeEEE
                0x000013d4        0x0 ./objects/bigadd.o

.ARM.exidx.text._ZN10primitivesleIjEEbRKT_RKNS_9primitiveIS1_NSt9enable_ifIXsrSt13is_arithmeticIS1_E5valueEvE4typeEEE
                0x000013d4        0x0
 .ARM.exidx.text._ZN10primitivesleIjEEbRKT_RKNS_9primitiveIS1_NSt9enable_ifIXsrSt13is_arithmeticIS1_E5valueEvE4typeEEE
                0x000013d4        0x0 ./objects/bigadd.o
                                  0x8 (size before relaxing)

.ARM.extab.text._ZN10primitivesneIjEEbRKNS_9primitiveIT_NSt9enable_ifIXsrSt13is_arithmeticIS2_E5valueEvE4typeEEERKS2_
                0x000013d4        0x0
 .ARM.extab.text._ZN10primitivesneIjEEbRKNS_9primitiveIT_NSt9enable_ifIXsrSt13is_arithmeticIS2_E5valueEvE4typeEEERKS2_
                0x000013d4        0x0 ./objects/bigadd.o

.ARM.exidx.text._ZN10primitivesneIjEEbRKNS_9primitiveIT_NSt9enable_ifIXsrSt13is_arithmeticIS2_E5valueEvE4typeEEERKS2_
                0x000013d4        0x0
 .ARM.exidx.text._ZN10primitivesneIjEEbRKNS_9primitiveIT_NSt9enable_ifIXsrSt13is_arithmeticIS2_E5valueEvE4typeEEERKS2_
                0x000013d4        0x0 ./objects/bigadd.o
                                  0x8 (size before relaxing)

.ARM.extab      0x000013d4        0x0
 .ARM.extab     0x000013d4        0x0 ./objects/bigadd.o

.ARM.exidx      0x000013d4        0x8
 .ARM.exidx     0x000013d4        0x8 ./objects/bigadd.o

.glue_7         0x000013dc        0x0
 .glue_7        0x000013dc        0x0 linker stubs

.glue_7t        0x000013dc        0x0
 .glue_7t       0x000013dc        0x0 linker stubs

.vfp11_veneer   0x000013dc        0x0
 .vfp11_veneer  0x000013dc        0x0 linker stubs

.v4_bx          0x000013dc        0x0
 .v4_bx         0x000013dc        0x0 linker stubs

.iplt           0x000013dc        0x0
 .iplt          0x000013dc        0x0 ./objects/reset_handler.o

.rel.dyn        0x000013dc        0x0
 .rel.iplt      0x000013dc        0x0 ./objects/reset_handler.o

.data           0x40000000       0x64
                0x40000000                __data_start__ = .
 *(.data*)
 .data          0x40000000       0x64 ./objects/reset_handler.o
 .data          0x40000064        0x0 ./objects/testtablebigadd.o
 .data          0x40000064        0x0 ./objects/bigadd.o
 .data          0x40000064        0x0 c:/program files (x86)/gnu tools arm embedded/6 2017-q2-update/bin/../lib/gcc/arm-none-eabi/6.3.1/../../../../arm-none-eabi/lib\libc.a(lib_a-memcmp.o)
                0x40000064                . = ALIGN (0x4)
                0x40000064                __data_end__ = .
OUTPUT(./Objects/uVisionProject.elf elf32-littlearm)

.igot.plt       0x40000064        0x0
 .igot.plt      0x40000064        0x0 ./objects/reset_handler.o

.bss            0x40000064        0x4
 .bss           0x40000064        0x0 ./objects/reset_handler.o
 .bss           0x40000064        0x0 ./objects/testtablebigadd.o
 .bss           0x40000064        0x4 ./objects/bigadd.o
                0x40000064                primitives::carry
 .bss           0x40000068        0x0 c:/program files (x86)/gnu tools arm embedded/6 2017-q2-update/bin/../lib/gcc/arm-none-eabi/6.3.1/../../../../arm-none-eabi/lib\libc.a(lib_a-memcmp.o)

.ARM.attributes
                0x00000000       0x2c
 .ARM.attributes
                0x00000000       0x14 ./objects/reset_handler.o
 .ARM.attributes
                0x00000014       0x30 ./objects/testtablebigadd.o
 .ARM.attributes
                0x00000044       0x30 ./objects/bigadd.o
 .ARM.attributes
                0x00000074       0x30 c:/program files (x86)/gnu tools arm embedded/6 2017-q2-update/bin/../lib/gcc/arm-none-eabi/6.3.1/../../../../arm-none-eabi/lib\libc.a(lib_a-memcmp.o)

.comment        0x00000000       0x7f
 .comment       0x00000000       0x7f ./objects/testtablebigadd.o
                                 0x80 (size before relaxing)
 .comment       0x0000007f       0x80 ./objects/bigadd.o

.debug_line     0x00000000      0x697
 .debug_line    0x00000000       0x9a ./objects/reset_handler.o
 .debug_line    0x0000009a       0x32 ./objects/testtablebigadd.o
 .debug_line    0x000000cc      0x5cb ./objects/bigadd.o

.debug_info     0x00000000     0x2364
 .debug_info    0x00000000       0x6e ./objects/reset_handler.o
 .debug_info    0x0000006e       0x58 ./objects/testtablebigadd.o
 .debug_info    0x000000c6     0x229e ./objects/bigadd.o

.debug_abbrev   0x00000000      0x545
 .debug_abbrev  0x00000000       0x14 ./objects/reset_handler.o
 .debug_abbrev  0x00000014       0x50 ./objects/testtablebigadd.o
 .debug_abbrev  0x00000064      0x4e1 ./objects/bigadd.o

.debug_aranges  0x00000000       0xc0
 .debug_aranges
                0x00000000       0x20 ./objects/reset_handler.o
 .debug_aranges
                0x00000020       0x18 ./objects/testtablebigadd.o
 .debug_aranges
                0x00000038       0x88 ./objects/bigadd.o

.debug_str      0x00000000     0x123d
 .debug_str     0x00000000       0xcd ./objects/testtablebigadd.o
 .debug_str     0x000000cd     0x1170 ./objects/bigadd.o
                               0x12ce (size before relaxing)

.debug_loc      0x00000000      0x370
 .debug_loc     0x00000000      0x370 ./objects/bigadd.o

.debug_ranges   0x00000000       0x78
 .debug_ranges  0x00000000       0x78 ./objects/bigadd.o

.debug_frame    0x00000000      0x230
 .debug_frame   0x00000000      0x1f4 ./objects/bigadd.o
 .debug_frame   0x000001f4       0x3c c:/program files (x86)/gnu tools arm embedded/6 2017-q2-update/bin/../lib/gcc/arm-none-eabi/6.3.1/../../../../arm-none-eabi/lib\libc.a(lib_a-memcmp.o)
