Component: ARM Compiler 5.06 update 6 (build 750) Tool: armlink [4d35ed]

==============================================================================

Section Cross References

    str73x.o(STACK) refers (Special) to heapauxi.o(.text) for __use_two_region_memory
    str73x.o(HEAP) refers (Special) to heapauxi.o(.text) for __use_two_region_memory
    str73x.o(Reset) refers (Special) to heapauxi.o(.text) for __use_two_region_memory
    str73x.o(Reset) refers to fiq.o(FIQ) for FIQHandler
    str73x.o(Reset) refers to undef.o(Undef) for UndefHandler
    str73x.o(Reset) refers to swi.o(SWI) for SWIHandler
    str73x.o(Reset) refers to pabt.o(PAbt) for PAbtHandler
    str73x.o(Reset) refers to dabt.o(DAbt) for DAbtHandler
    str73x.o(Reset) refers to irq.o(IRQ) for IRQHandler
    str73x.o(Reset) refers to assembly.o(.text) for FIQ_Init
    str73x.o(Reset) refers to str73x.o(STACK) for Stack_Top
    str73x.o(Reset) refers to __main.o(!!!main) for __main
    str73x.o(.text) refers (Special) to heapauxi.o(.text) for __use_two_region_memory
    str73x.o(.text) refers to str73x.o(HEAP) for Heap_Mem
    str73x.o(.text) refers to str73x.o(STACK) for Stack_Mem
    inithw.o(.text) refers to 73x_cfg.o(.text) for CFG_PeripheralClockConfig
    inithw.o(.text) refers to 73x_cmu.o(.text) for CMU_DeInit
    inithw.o(.text) refers to 73x_prccu.o(.text) for PRCCU_DeInit
    inithw.o(.text) refers to 73x_uart.o(.text) for UART_StructInit
    inithw.o(.text) refers to inithw.o(.bss) for CMU_InitStruct
    inithw.o(.text) refers to inithw.o(.data) for PRCCU_InitStruct
    retarget.o(.text) refers (Special) to use_no_semi.o(.text) for __use_no_semihosting_swi
    retarget.o(.text) refers to 73x_uart.o(.text) for UART_ByteBufferSend
    retarget.o(.data) refers (Special) to use_no_semi.o(.text) for __use_no_semihosting_swi
    dabt.o(DAbt) refers to 73x_it.o(.text) for Abort_Handler
    fiq.o(FIQ) refers to assembly.o(.text) for FIQ_Handler
    irq.o(IRQ) refers to 73x_it.o(.text) for PRCCUCMU_IRQHandler
    pabt.o(PAbt) refers to 73x_it.o(.text) for Prefetch_Handler
    swi.o(SWI) refers to 73x_it.o(.text) for SWI_Handler
    undef.o(Undef) refers to 73x_it.o(.text) for Undefined_Handler
    73x_gpio.o(.text) refers to 73x_cfg.o(.text) for CFG_PeripheralClockConfig
    73x_uart.o(.text) refers to 73x_cfg.o(.text) for CFG_PeripheralClockConfig
    73x_uart.o(.text) refers to 73x_prccu.o(.text) for PRCCU_GetFrequencyValue
    73x_uart.o(.text) refers to aeabi_sdiv.o(.text_udiv) for __aeabi_uidivmod
    73x_prccu.o(.text) refers to aeabi_sdiv.o(.text) for __aeabi_idivmod
    73x_prccu.o(.text) refers to aeabi_sdiv.o(.text_udiv) for __aeabi_uidivmod
    73x_eic.o(.text) refers to 73x_cfg.o(.text) for CFG_PeripheralClockConfig
    73x_eic.o(.text) refers to f_i_bit.o(F_I_BIT) for ARMIRQ_Disable
    73x_eic.o(.text) refers to str73x.o(Reset) for PRCCUCMU_Addr
    73x_tim.o(.text) refers to 73x_cfg.o(.text) for CFG_PeripheralClockConfig
    main.o(.text) refers to _printf_percent.o(.ARM.Collect$$_printf_percent$$00000000) for _printf_percent
    main.o(.text) refers to _printf_d.o(.ARM.Collect$$_printf_percent$$00000009) for _printf_d
    main.o(.text) refers to _printf_u.o(.ARM.Collect$$_printf_percent$$0000000A) for _printf_u
    main.o(.text) refers to _printf_dec.o(.text) for _printf_int_dec
    main.o(.text) refers to bigfib.o(.text) for bigFib
    main.o(.text) refers to __2printf.o(.text) for __2printf
    main.o(.text) refers to stats.o(.text) for __heapstats
    main.o(.text) refers to h1_free.o(.text) for free
    main.o(.text) refers to inithw.o(.text) for InitHwC
    main.o(.text) refers to assembly.o(.text) for InitHwAssembly
    main.o(.text) refers to main.o(.conststring) for .conststring
    main.o(.text) refers to retarget.o(.data) for __stdout
    main.o(.text) refers to fprintf.o(.text) for fprintf
    assembly.o(.text) refers (Special) to printf.o(.text) for printf
    bigfib.o(.text) refers to rt_errno_addr_intlibspace.o(.text) for __aeabi_errno_addr
    rt_errno_addr.o(.text) refers to rt_errno_addr.o(.bss) for __aeabi_errno_addr_data
    rt_errno_addr_intlibspace.o(.text) refers to libspace.o(.bss) for __libspace_start
    stats.o(.text) refers (Special) to hguard.o(.text) for __heap$guard
    stats.o(.text) refers to rt_heap_descriptor_intlibspace.o(.text) for __rt_heap_descriptor
    stats.o(.text) refers to h1_stats.o(.text) for __Heap_Stats
    free.o(.text) refers (Special) to hguard.o(.text) for __heap$guard
    free.o(.text) refers to rt_heap_descriptor_intlibspace.o(.text) for __rt_heap_descriptor
    h1_free.o(.text) refers to rt_heap_descriptor_intlibspace.o(.text) for __rt_heap_descriptor
    h1_free_mt.o(.text) refers to rt_heap_descriptor_intlibspace.o(.text) for __rt_heap_descriptor
    heap2.o(i._FDIterate) refers to heap2.o(i.__ARM_common_call_via_r6) for __ARM_common_call_via_r6
    heap2.o(i._FDIterate) refers to heap2.o(.conststring) for .conststring
[...]
    .ARM.Collect$$libinit$$0000000E          0x800003aa   Section        0  libinit2.o(.ARM.Collect$$libinit$$0000000E)
    .ARM.Collect$$libinit$$0000000F          0x800003aa   Section        6  libinit2.o(.ARM.Collect$$libinit$$0000000F)
    .ARM.Collect$$libinit$$00000011          0x800003b0   Section        0  libinit2.o(.ARM.Collect$$libinit$$00000011)
    .ARM.Collect$$libinit$$00000012          0x800003b0   Section       12  libinit2.o(.ARM.Collect$$libinit$$00000012)
    .ARM.Collect$$libinit$$00000013          0x800003bc   Section        0  libinit2.o(.ARM.Collect$$libinit$$00000013)
    .ARM.Collect$$libinit$$00000015          0x800003bc   Section        0  libinit2.o(.ARM.Collect$$libinit$$00000015)
    .ARM.Collect$$libinit$$00000016          0x800003bc   Section       10  libinit2.o(.ARM.Collect$$libinit$$00000016)
    .ARM.Collect$$libinit$$00000017          0x800003c6   Section        0  libinit2.o(.ARM.Collect$$libinit$$00000017)
    .ARM.Collect$$libinit$$00000019          0x800003c6   Section        0  libinit2.o(.ARM.Collect$$libinit$$00000019)
    .ARM.Collect$$libinit$$0000001B          0x800003c6   Section        0  libinit2.o(.ARM.Collect$$libinit$$0000001B)
    .ARM.Collect$$libinit$$0000001D          0x800003c6   Section        0  libinit2.o(.ARM.Collect$$libinit$$0000001D)
    .ARM.Collect$$libinit$$0000001F          0x800003c6   Section        0  libinit2.o(.ARM.Collect$$libinit$$0000001F)
    .ARM.Collect$$libinit$$00000021          0x800003c6   Section        0  libinit2.o(.ARM.Collect$$libinit$$00000021)
    .ARM.Collect$$libinit$$00000023          0x800003c6   Section        0  libinit2.o(.ARM.Collect$$libinit$$00000023)
    .ARM.Collect$$libinit$$00000025          0x800003c6   Section        0  libinit2.o(.ARM.Collect$$libinit$$00000025)
    .ARM.Collect$$libinit$$0000002C          0x800003c6   Section        0  libinit2.o(.ARM.Collect$$libinit$$0000002C)
    .ARM.Collect$$libinit$$0000002E          0x800003c6   Section        0  libinit2.o(.ARM.Collect$$libinit$$0000002E)
    .ARM.Collect$$libinit$$00000030          0x800003c6   Section        0  libinit2.o(.ARM.Collect$$libinit$$00000030)
    .ARM.Collect$$libinit$$00000032          0x800003c6   Section        0  libinit2.o(.ARM.Collect$$libinit$$00000032)
    .ARM.Collect$$libinit$$00000033          0x800003c6   Section       12  libinit2.o(.ARM.Collect$$libinit$$00000033)
    .ARM.Collect$$libshutdown$$00000000      0x800003dc   Section        4  libshutdown.o(.ARM.Collect$$libshutdown$$00000000)
    .ARM.Collect$$libshutdown$$00000002      0x800003e0   Section        0  libshutdown2.o(.ARM.Collect$$libshutdown$$00000002)
    .ARM.Collect$$libshutdown$$00000004      0x800003e0   Section        0  libshutdown2.o(.ARM.Collect$$libshutdown$$00000004)
    .ARM.Collect$$libshutdown$$00000007      0x800003e0   Section        0  libshutdown2.o(.ARM.Collect$$libshutdown$$00000007)
    .ARM.Collect$$libshutdown$$0000000A      0x800003e0   Section        0  libshutdown2.o(.ARM.Collect$$libshutdown$$0000000A)
    .ARM.Collect$$libshutdown$$0000000C      0x800003e0   Section        0  libshutdown2.o(.ARM.Collect$$libshutdown$$0000000C)
    .ARM.Collect$$libshutdown$$0000000F      0x800003e0   Section        0  libshutdown2.o(.ARM.Collect$$libshutdown$$0000000F)
    .ARM.Collect$$libshutdown$$00000010      0x800003e0   Section        6  libshutdown2.o(.ARM.Collect$$libshutdown$$00000010)
    .ARM.Collect$$rtentry$$00000000          0x800003e8   Section        0  __rtentry.o(.ARM.Collect$$rtentry$$00000000)
    .ARM.Collect$$rtentry$$00000002          0x800003e8   Section        0  __rtentry2.o(.ARM.Collect$$rtentry$$00000002)
    .ARM.Collect$$rtentry$$00000004          0x800003e8   Section        8  __rtentry4.o(.ARM.Collect$$rtentry$$00000004)
    .ARM.Collect$$rtentry$$00000009          0x800003f0   Section        0  __rtentry2.o(.ARM.Collect$$rtentry$$00000009)
    .ARM.Collect$$rtentry$$0000000A          0x800003f0   Section        4  __rtentry2.o(.ARM.Collect$$rtentry$$0000000A)
    .ARM.Collect$$rtentry$$0000000C          0x800003f4   Section        0  __rtentry2.o(.ARM.Collect$$rtentry$$0000000C)
    .ARM.Collect$$rtentry$$0000000D          0x800003f4   Section       40  __rtentry2.o(.ARM.Collect$$rtentry$$0000000D)
    .ARM.Collect$$rtexit$$00000000           0x80000420   Section        4  rtexit.o(.ARM.Collect$$rtexit$$00000000)
    .ARM.Collect$$rtexit$$00000002           0x80000424   Section        0  rtexit2.o(.ARM.Collect$$rtexit$$00000002)
    .ARM.Collect$$rtexit$$00000003           0x80000424   Section        4  rtexit2.o(.ARM.Collect$$rtexit$$00000003)
    .ARM.Collect$$rtexit$$00000004           0x80000428   Section        8  rtexit2.o(.ARM.Collect$$rtexit$$00000004)
    .text                                    0x80000430   Section       36  str73x.o(.text)
    .text                                    0x80000454   Section        0  inithw.o(.text)
    .text                                    0x80000534   Section        0  73x_it.o(.text)
    .text                                    0x8000062c   Section        0  retarget.o(.text)
    .text                                    0x80000684   Section        0  73x_cfg.o(.text)
    .text                                    0x8000091c   Section        0  73x_uart.o(.text)
    .text                                    0x80000f0c   Section        0  73x_prccu.o(.text)
    .text                                    0x800015f8   Section        0  73x_cmu.o(.text)
    .text                                    0x8000193c   Section        0  main.o(.text)
    .text                                    0x800019fc   Section      372  assembly.o(.text)
    .text                                    0x80001b70   Section        0  bigfib.o(.text)
    .text                                    0x80001b98   Section        4  use_no_semi.o(.text)
    .text                                    0x80001b9c   Section       12  rt_errno_addr_intlibspace.o(.text)
    .text                                    0x80001bb0   Section        0  stats.o(.text)
    .text                                    0x80001bd4   Section        0  h1_free.o(.text)
    .text                                    0x80001c28   Section        0  printf.o(.text)
    .text                                    0x80001c44   Section        0  fprintf.o(.text)
    .text                                    0x80001c64   Section        0  __2printf.o(.text)
    .text                                    0x80001c88   Section        0  _printf_dec.o(.text)
    .text                                    0x80001cf8   Section        0  __printf_flags_ss_wp.o(.text)
    .text                                    0x80001e98   Section      384  aeabi_sdiv.o(.text)
    __arm_div8                               0x80001ec4   ARM Code       0  aeabi_sdiv.o(.text)
    __arm_div5                               0x80001ee8   ARM Code       0  aeabi_sdiv.o(.text)
    __arm_div2                               0x80001f0c   ARM Code       0  aeabi_sdiv.o(.text)
    __arm_div_large                          0x80001f48   ARM Code       0  aeabi_sdiv.o(.text)
    .text                                    0x80002018   Section        0  heapauxi.o(.text)
    .text                                    0x80002020   Section       12  libspace.o(.text)
    .text                                    0x80002030   Section       12  rt_heap_descriptor_intlibspace.o(.text)
    .text                                    0x8000203c   Section        0  hguard.o(.text)
    .text                                    0x80002040   Section        0  h1_stats.o(.text)
    .text                                    0x80002124   Section        0  _printf_pad.o(.text)
    .text                                    0x8000217a   Section        0  _printf_truncate.o(.text)
    .text                                    0x800021a6   Section        0  _printf_str.o(.text)
    .text                                    0x800021fe   Section        0  _printf_intcommon.o(.text)
    .text                                    0x800022c0   Section        0  _printf_charcount.o(.text)
    .text                                    0x800022e8   Section        0  _printf_char_file.o(.text)
    .text                                    0x80002314   Section        0  _printf_wctomb.o(.text)
    .text                                    0x800023dc   Section        0  _printf_longlong_dec.o(.text)
    .text                                    0x80002458   Section        0  _printf_oct_int_ll.o(.text)
    _printf_longlong_oct_internal            0x80002459   Thumb Code     0  _printf_oct_int_ll.o(.text)
    .text                                    0x800024d8   Section        0  _printf_hex_int_ll_ptr.o(.text)
    _printf_hex_common                       0x800024d9   Thumb Code     0  _printf_hex_int_ll_ptr.o(.text)
    .text                                    0x8000257c   Section       44  rtudiv10.o(.text)
    .text                                    0x800025ac   Section      160  lludiv10.o(.text)
    .text                                    0x8000264c   Section        0  _printf_fp_dec.o(.text)
    _fp_digits                               0x8000264f   Thumb Code   414  _printf_fp_dec.o(.text)
    .text                                    0x80002a74   Section        0  _printf_fp_hex.o(.text)
    .text                                    0x80002d54   Section        0  _printf_char_common.o(.text)
    _printf_input_char                       0x80002d55   Thumb Code    10  _printf_char_common.o(.text)
    .text                                    0x80002d8c   Section        0  _printf_char.o(.text)
    .text                                    0x80002dc8   Section        0  _printf_wchar.o(.text)
    .text                                    0x80002dfa   Section        0  _wcrtomb.o(.text)
    .text                                    0x80002e40   Section       96  sys_stackheap_outer.o(.text)
    .text                                    0x80002ea4   Section       24  rt_ctype_table.o(.text)
    .text                                    0x80002ec0   Section       12  rt_locale_intlibspace.o(.text)
    .text                                    0x80002ecc   Section        0  _printf_fp_infnan.o(.text)
    .text                                    0x80002f5c   Section        0  bigflt0.o(.text)
    .text                                    0x80003038   Section        0  exit.o(.text)
    .text                                    0x8000304c   Section      244  strcmp.o(.text)
    .text_udiv                               0x80003144   Section       36  aeabi_sdiv.o(.text_udiv)
    CL$$btod_d2e                             0x8000316c   Section       56  btod.o(CL$$btod_d2e)
    CL$$btod_d2e_denorm_low                  0x800031a4   Section       84  btod.o(CL$$btod_d2e_denorm_low)
    CL$$btod_d2e_norm_op1                    0x800031f8   Section      104  btod.o(CL$$btod_d2e_norm_op1)
    CL$$btod_div_common                      0x80003260   Section      844  btod.o(CL$$btod_div_common)
    CL$$btod_e2e                             0x800035ac   Section      244  btod.o(CL$$btod_e2e)
    CL$$btod_ediv                            0x800036a4   Section       56  btod.o(CL$$btod_ediv)
    CL$$btod_emul                            0x800036e0   Section       56  btod.o(CL$$btod_emul)
    CL$$btod_mult_common                     0x80003718   Section      616  btod.o(CL$$btod_mult_common)
    DAbt                                     0x80003980   Section       32  dabt.o(DAbt)
    FIQ                                      0x800039a0   Section       32  fiq.o(FIQ)
    IRQ                                      0x800039c0   Section     1476  irq.o(IRQ)
    ReturnAddress                            0x800039e0   ARM Code       0  irq.o(IRQ)
    PAbt                                     0x80003f84   Section       32  pabt.o(PAbt)
    SWI                                      0x80003fa4   Section       48  swi.o(SWI)
    Undef                                    0x80003fd4   Section       28  undef.o(Undef)
    i.__ARM_common_call_via_r1               0x80004040   Section        0  __printf.o(i.__ARM_common_call_via_r1)
    i.__ARM_common_call_via_r2               0x80004042   Section        0  _printf_wctomb.o(i.__ARM_common_call_via_r2)
    i.__ARM_common_call_via_r3               0x80004044   Section        0  _wcrtomb.o(i.__ARM_common_call_via_r3)
    i.__ARM_common_call_via_r4               0x80004046   Section        0  h1_stats.o(i.__ARM_common_call_via_r4)
    i.__ARM_common_call_via_r7               0x80004048   Section        0  h1_stats.o(i.__ARM_common_call_via_r7)
    i.__ARM_fpclassify                       0x80004050   Section        0  fpclassify.o(i.__ARM_fpclassify)
    i._is_digit                              0x80004080   Section        0  __printf_wp.o(i._is_digit)
    locale$$code                             0x80004094   Section       80  lc_numeric_c.o(locale$$code)
    locale$$code                             0x800040e8   Section       80  lc_ctype_c.o(locale$$code)
    x$fpl$ieeestatus                         0x8000413c   Section        8  istatus.o(x$fpl$ieeestatus)
    x$fpl$printf1                            0x80004144   Section        4  printf1.o(x$fpl$printf1)
    x$fpl$printf2                            0x80004148   Section        4  printf2.o(x$fpl$printf2)
    .constdata                               0x8000414c   Section       17  __printf_flags_ss_wp.o(.constdata)
    x$fpl$usenofp                            0x8000414c   Section        0  usenofp.o(x$fpl$usenofp)
    maptable                                 0x8000414c   Data          17  __printf_flags_ss_wp.o(.constdata)
    .constdata                               0x80004160   Section        8  _printf_wctomb.o(.constdata)
    initial_mbstate                          0x80004160   Data           8  _printf_wctomb.o(.constdata)
    .constdata                               0x80004168   Section       40  _printf_hex_int_ll_ptr.o(.constdata)
    uc_hextab                                0x80004168   Data          20  _printf_hex_int_ll_ptr.o(.constdata)
    lc_hextab                                0x8000417c   Data          20  _printf_hex_int_ll_ptr.o(.constdata)
    .constdata                               0x80004190   Section       38  _printf_fp_hex.o(.constdata)
    lc_hextab                                0x80004190   Data          19  _printf_fp_hex.o(.constdata)
    uc_hextab                                0x800041a3   Data          19  _printf_fp_hex.o(.constdata)
    .constdata                               0x800041b8   Section      148  bigflt0.o(.constdata)
    tenpwrs_x                                0x800041b8   Data          60  bigflt0.o(.constdata)
    tenpwrs_i                                0x800041f4   Data          64  bigflt0.o(.constdata)
    .conststring                             0x8000424c   Section       65  main.o(.conststring)
    locale$$data                             0x800042b0   Section       28  lc_numeric_c.o(locale$$data)
    __lcnum_c_name                           0x800042b4   Data           2  lc_numeric_c.o(locale$$data)
    __lcnum_c_start                          0x800042bc   Data           0  lc_numeric_c.o(locale$$data)
    __lcnum_c_point                          0x800042c8   Data           0  lc_numeric_c.o(locale$$data)
    __lcnum_c_thousands                      0x800042ca   Data           0  lc_numeric_c.o(locale$$data)
    __lcnum_c_grouping                       0x800042cb   Data           0  lc_numeric_c.o(locale$$data)
    locale$$data                             0x800042cc   Section      272  lc_ctype_c.o(locale$$data)
    __lcnum_c_end                            0x800042cc   Data           0  lc_numeric_c.o(locale$$data)
    __lcctype_c_name                         0x800042d0   Data           2  lc_ctype_c.o(locale$$data)
    __lcctype_c_start                        0x800042d8   Data           0  lc_ctype_c.o(locale$$data)
    __lcctype_c_end                          0x800043dc   Data           0  lc_ctype_c.o(locale$$data)
    .data                                    0xa0000000   Section        9  inithw.o(.data)
    .data                                    0xa000000c   Section        4  retarget.o(.data)
    .bss                                     0xa0000010   Section       58  inithw.o(.bss)
    .bss                                     0xa000004c   Section       96  libspace.o(.bss)
    HEAP                                     0xa00000b0   Section     8192  str73x.o(HEAP)
    Heap_Mem                                 0xa00000b0   Data        8192  str73x.o(HEAP)
    STACK                                    0xa00020b0   Section     2304  str73x.o(STACK)
    Stack_Mem                                0xa00020b0   Data        1024  str73x.o(STACK)
    Stack_Top                                0xa00029b0   Data           0  str73x.o(STACK)

    Global Symbols

    Symbol Name                              Value     Ov Type        Size  Object(Section)

    BuildAttributes$$THM_ISAv1$ARM_ISAv4$S$PE$A:L22$X:L11$S22$IEEE1$IW$USESV6$~STKCKD$USESV7$~SHL$OTIME$ROPI$IEEEJ$EBA8$UX$STANDARDLIB$REQ8$PRES8$EABIv2 0x00000000   Number         0  anon$$obj.o ABSOLUTE
    __ARM_use_no_argv                        0x00000000   Number         0  main.o ABSOLUTE
    _printf_flags                            0x00000000   Number         0  printf_stubs.o ABSOLUTE
    _printf_return_value                     0x00000000   Number         0  printf_stubs.o ABSOLUTE
    _printf_sizespec                         0x00000000   Number         0  printf_stubs.o ABSOLUTE
    _printf_widthprec                        0x00000000   Number         0  printf_stubs.o ABSOLUTE
    __ARM_exceptions_init                     - Undefined Weak Reference
    __alloca_initialize                       - Undefined Weak Reference
    __arm_preinit_                            - Undefined Weak Reference
    __cpp_initialize__aeabi_                  - Undefined Weak Reference
    __cxa_finalize                            - Undefined Weak Reference
    __sigvec_lookup                           - Undefined Weak Reference
    __user_heap_extent                        - Undefined Weak Reference
    _atexit_init                              - Undefined Weak Reference
    _call_atexit_fns                          - Undefined Weak Reference
    _clock_init                               - Undefined Weak Reference
    _fp_trap_init                             - Undefined Weak Reference
    _fp_trap_shutdown                         - Undefined Weak Reference
    _get_lc_collate                           - Undefined Weak Reference
    _get_lc_monetary                          - Undefined Weak Reference
    _get_lc_time                              - Undefined Weak Reference
    _getenv_init                              - Undefined Weak Reference
    _handle_redirection                       - Undefined Weak Reference
    _initio                                   - Undefined Weak Reference
    _mutex_acquire                            - Undefined Weak Reference
    _mutex_free                               - Undefined Weak Reference
    _mutex_release                            - Undefined Weak Reference
    _printf_mbtowc                            - Undefined Weak Reference
    _printf_wc                                - Undefined Weak Reference
    _rand_init                                - Undefined Weak Reference
    _signal_finish                            - Undefined Weak Reference
    _signal_init                              - Undefined Weak Reference
    _terminateio                              - Undefined Weak Reference
    Vectors                                  0x80000000   ARM Code       4  str73x.o(Reset)
    PRCCUCMU_Addr                            0x80000040   Data           4  str73x.o(Reset)
    Reset_Handler                            0x80000140   ARM Code       0  str73x.o(Reset)
    __main                                   0x80000244   ARM Code       8  __main.o(!!!main)
    __scatterload                            0x8000024c   ARM Code       0  __scatter.o(!!!scatter)
    __scatterload_rt2                        0x8000024c   ARM Code      52  __scatter.o(!!!scatter)
    __scatterload_null                       0x80000260   ARM Code       0  __scatter.o(!!!scatter)
    __scatterload_copy                       0x80000288   ARM Code      40  __scatter_copy.o(!!handler_copy)
    __scatterload_zeroinit                   0x800002b0   ARM Code      44  __scatter_zi.o(!!handler_zi)
    Inline Thumb to ARM Veneer to _printf_percent 0x800002dd   Thumb Code     4  _printf_percent.o(.ARM.Collect$$_printf_percent$$00000000)
    _printf_n                                0x800002e0   ARM Code       0  _printf_n.o(.ARM.Collect$$_printf_percent$$00000001)
    _printf_percent                          0x800002e0   ARM Code       0  _printf_percent.o(.ARM.Collect$$_printf_percent$$00000000)
    _printf_p                                0x800002e8   ARM Code       0  _printf_p.o(.ARM.Collect$$_printf_percent$$00000002)
    _printf_f                                0x800002f0   ARM Code       0  _printf_f.o(.ARM.Collect$$_printf_percent$$00000003)
    _printf_e                                0x800002f8   ARM Code       0  _printf_e.o(.ARM.Collect$$_printf_percent$$00000004)
    _printf_g                                0x80000300   ARM Code       0  _printf_g.o(.ARM.Collect$$_printf_percent$$00000005)
    _printf_a                                0x80000308   ARM Code       0  _printf_a.o(.ARM.Collect$$_printf_percent$$00000006)
    _printf_ll                               0x80000310   ARM Code       0  _printf_ll.o(.ARM.Collect$$_printf_percent$$00000007)
    _printf_i                                0x8000031c   ARM Code       0  _printf_i.o(.ARM.Collect$$_printf_percent$$00000008)
    _printf_d                                0x80000324   ARM Code       0  _printf_d.o(.ARM.Collect$$_printf_percent$$00000009)
    _printf_u                                0x8000032c   ARM Code       0  _printf_u.o(.ARM.Collect$$_printf_percent$$0000000A)
    _printf_o                                0x80000334   ARM Code       0  _printf_o.o(.ARM.Collect$$_printf_percent$$0000000B)
    _printf_x                                0x8000033c   ARM Code       0  _printf_x.o(.ARM.Collect$$_printf_percent$$0000000C)
    _printf_lli                              0x80000344   ARM Code       0  _printf_lli.o(.ARM.Collect$$_printf_percent$$0000000D)
    _printf_lld                              0x8000034c   ARM Code       0  _printf_lld.o(.ARM.Collect$$_printf_percent$$0000000E)
    _printf_llu                              0x80000354   ARM Code       0  _printf_llu.o(.ARM.Collect$$_printf_percent$$0000000F)
    _printf_llo                              0x8000035c   ARM Code       0  _printf_llo.o(.ARM.Collect$$_printf_percent$$00000010)
    _printf_llx                              0x80000364   ARM Code       0  _printf_llx.o(.ARM.Collect$$_printf_percent$$00000011)
    _printf_l                                0x8000036c   ARM Code       0  _printf_l.o(.ARM.Collect$$_printf_percent$$00000012)
    _printf_c                                0x80000378   ARM Code       0  _printf_c.o(.ARM.Collect$$_printf_percent$$00000013)
    _printf_s                                0x80000380   ARM Code       0  _printf_s.o(.ARM.Collect$$_printf_percent$$00000014)
    _printf_lc                               0x80000388   ARM Code       0  _printf_lc.o(.ARM.Collect$$_printf_percent$$00000015)
    _printf_ls                               0x80000390   ARM Code       0  _printf_ls.o(.ARM.Collect$$_printf_percent$$00000016)
    _printf_percent_end                      0x80000398   ARM Code       0  _printf_percent_end.o(.ARM.Collect$$_printf_percent$$00000017)
    Inline ARM to Thumb Veneer to __rt_lib_init 0x800003a0   ARM Code       8  libinit.o(.ARM.Collect$$libinit$$00000000)
    __rt_lib_init                            0x800003a9   Thumb Code     0  libinit.o(.ARM.Collect$$libinit$$00000000)
    __rt_lib_init_fp_1                       0x800003ab   Thumb Code     0  libinit2.o(.ARM.Collect$$libinit$$00000002)
    __rt_lib_init_heap_1                     0x800003ab   Thumb Code     0  libinit2.o(.ARM.Collect$$libinit$$0000000A)
    __rt_lib_init_lc_common                  0x800003ab   Thumb Code     0  libinit2.o(.ARM.Collect$$libinit$$0000000F)
    __rt_lib_init_preinit_1                  0x800003ab   Thumb Code     0  libinit2.o(.ARM.Collect$$libinit$$00000004)
    __rt_lib_init_rand_1                     0x800003ab   Thumb Code     0  libinit2.o(.ARM.Collect$$libinit$$0000000E)
    __rt_lib_init_user_alloc_1               0x800003ab   Thumb Code     0  libinit2.o(.ARM.Collect$$libinit$$0000000C)
    __rt_lib_init_lc_collate_1               0x800003b1   Thumb Code     0  libinit2.o(.ARM.Collect$$libinit$$00000011)
    __rt_lib_init_lc_ctype_2                 0x800003b1   Thumb Code     0  libinit2.o(.ARM.Collect$$libinit$$00000012)
    __rt_lib_init_lc_ctype_1                 0x800003bd   Thumb Code     0  libinit2.o(.ARM.Collect$$libinit$$00000013)
    __rt_lib_init_lc_monetary_1              0x800003bd   Thumb Code     0  libinit2.o(.ARM.Collect$$libinit$$00000015)
    __rt_lib_init_lc_numeric_2               0x800003bd   Thumb Code     0  libinit2.o(.ARM.Collect$$libinit$$00000016)
    __rt_lib_init_alloca_1                   0x800003c7   Thumb Code     0  libinit2.o(.ARM.Collect$$libinit$$0000002E)
    __rt_lib_init_argv_1                     0x800003c7   Thumb Code     0  libinit2.o(.ARM.Collect$$libinit$$0000002C)
    __rt_lib_init_atexit_1                   0x800003c7   Thumb Code     0  libinit2.o(.ARM.Collect$$libinit$$0000001B)
    __rt_lib_init_clock_1                    0x800003c7   Thumb Code     0  libinit2.o(.ARM.Collect$$libinit$$00000021)
    __rt_lib_init_cpp_1                      0x800003c7   Thumb Code     0  libinit2.o(.ARM.Collect$$libinit$$00000032)
    __rt_lib_init_exceptions_1               0x800003c7   Thumb Code     0  libinit2.o(.ARM.Collect$$libinit$$00000030)
    __rt_lib_init_fp_trap_1                  0x800003c7   Thumb Code     0  libinit2.o(.ARM.Collect$$libinit$$0000001F)
    __rt_lib_init_getenv_1                   0x800003c7   Thumb Code     0  libinit2.o(.ARM.Collect$$libinit$$00000023)
    __rt_lib_init_lc_numeric_1               0x800003c7   Thumb Code     0  libinit2.o(.ARM.Collect$$libinit$$00000017)
    __rt_lib_init_lc_time_1                  0x800003c7   Thumb Code     0  libinit2.o(.ARM.Collect$$libinit$$00000019)
    __rt_lib_init_return                     0x800003c7   Thumb Code     0  libinit2.o(.ARM.Collect$$libinit$$00000033)
    __rt_lib_init_signal_1                   0x800003c7   Thumb Code     0  libinit2.o(.ARM.Collect$$libinit$$0000001D)
    __rt_lib_init_stdio_1                    0x800003c7   Thumb Code     0  libinit2.o(.ARM.Collect$$libinit$$00000025)
    Inline ARM to Thumb Veneer to __rt_lib_shutdown 0x800003d4   ARM Code       8  libshutdown.o(.ARM.Collect$$libshutdown$$00000000)
    __rt_lib_shutdown                        0x800003dd   Thumb Code     0  libshutdown.o(.ARM.Collect$$libshutdown$$00000000)
    __rt_lib_shutdown_cpp_1                  0x800003e1   Thumb Code     0  libshutdown2.o(.ARM.Collect$$libshutdown$$00000002)
    __rt_lib_shutdown_fp_trap_1              0x800003e1   Thumb Code     0  libshutdown2.o(.ARM.Collect$$libshutdown$$00000007)
    __rt_lib_shutdown_heap_1                 0x800003e1   Thumb Code     0  libshutdown2.o(.ARM.Collect$$libshutdown$$0000000F)
    __rt_lib_shutdown_return                 0x800003e1   Thumb Code     0  libshutdown2.o(.ARM.Collect$$libshutdown$$00000010)
    __rt_lib_shutdown_signal_1               0x800003e1   Thumb Code     0  libshutdown2.o(.ARM.Collect$$libshutdown$$0000000A)
    __rt_lib_shutdown_stdio_1                0x800003e1   Thumb Code     0  libshutdown2.o(.ARM.Collect$$libshutdown$$00000004)
    __rt_lib_shutdown_user_alloc_1           0x800003e1   Thumb Code     0  libshutdown2.o(.ARM.Collect$$libshutdown$$0000000C)
    __rt_entry                               0x800003e8   ARM Code       0  __rtentry.o(.ARM.Collect$$rtentry$$00000000)
    __rt_entry_presh_1                       0x800003e8   ARM Code       0  __rtentry2.o(.ARM.Collect$$rtentry$$00000002)
    __rt_entry_sh                            0x800003e8   ARM Code       0  __rtentry4.o(.ARM.Collect$$rtentry$$00000004)
    __rt_entry_li                            0x800003f0   ARM Code       0  __rtentry2.o(.ARM.Collect$$rtentry$$0000000A)
    __rt_entry_postsh_1                      0x800003f0   ARM Code       0  __rtentry2.o(.ARM.Collect$$rtentry$$00000009)
    __rt_entry_main                          0x800003f4   ARM Code       0  __rtentry2.o(.ARM.Collect$$rtentry$$0000000D)
    __rt_entry_postli_1                      0x800003f4   ARM Code       0  __rtentry2.o(.ARM.Collect$$rtentry$$0000000C)
    Inline Thumb to ARM Veneer to __rt_exit  0x8000041d   Thumb Code     4  rtexit.o(.ARM.Collect$$rtexit$$00000000)
    __rt_exit                                0x80000420   ARM Code       0  rtexit.o(.ARM.Collect$$rtexit$$00000000)
    __rt_exit_ls                             0x80000424   ARM Code       0  rtexit2.o(.ARM.Collect$$rtexit$$00000003)
    __rt_exit_prels_1                        0x80000424   ARM Code       0  rtexit2.o(.ARM.Collect$$rtexit$$00000002)
    __rt_exit_exit                           0x80000428   ARM Code       0  rtexit2.o(.ARM.Collect$$rtexit$$00000004)
    __user_initial_stackheap                 0x80000430   ARM Code       0  str73x.o(.text)
    InitHwC                                  0x80000454   ARM Code     208  inithw.o(.text)
    Undefined_Handler                        0x80000534   ARM Code       4  73x_it.o(.text)
    SWI_Handler                              0x80000538   ARM Code       4  73x_it.o(.text)
    Prefetch_Handler                         0x8000053c   ARM Code       4  73x_it.o(.text)
    Abort_Handler                            0x80000540   ARM Code       4  73x_it.o(.text)
    PRCCUCMU_IRQHandler                      0x80000544   ARM Code       4  73x_it.o(.text)
    EXTIT01_IRQHandler                       0x80000548   ARM Code       4  73x_it.o(.text)
    EXTIT02_IRQHandler                       0x8000054c   ARM Code       4  73x_it.o(.text)
    EXTIT03_IRQHandler                       0x80000550   ARM Code       4  73x_it.o(.text)
    EXTIT04_IRQHandler                       0x80000554   ARM Code       4  73x_it.o(.text)
    EXTIT05_IRQHandler                       0x80000558   ARM Code       4  73x_it.o(.text)
    EXTIT06_IRQHandler                       0x8000055c   ARM Code       4  73x_it.o(.text)
    EXTIT07_IRQHandler                       0x80000560   ARM Code       4  73x_it.o(.text)
    EXTIT08_IRQHandler                       0x80000564   ARM Code       4  73x_it.o(.text)
    EXTIT09_IRQHandler                       0x80000568   ARM Code       4  73x_it.o(.text)
    EXTIT10_IRQHandler                       0x8000056c   ARM Code       4  73x_it.o(.text)
    EXTIT11_IRQHandler                       0x80000570   ARM Code       4  73x_it.o(.text)
    EXTIT12_IRQHandler                       0x80000574   ARM Code       4  73x_it.o(.text)
    EXTIT13_IRQHandler                       0x80000578   ARM Code       4  73x_it.o(.text)
    EXTIT14_IRQHandler                       0x8000057c   ARM Code       4  73x_it.o(.text)
    EXTIT15_IRQHandler                       0x80000580   ARM Code       4  73x_it.o(.text)
    DMATRERR_IRQHandler                      0x80000584   ARM Code       4  73x_it.o(.text)
    TIM1_IRQHandler                          0x80000588   ARM Code       4  73x_it.o(.text)
    TIM2_IRQHandler                          0x8000058c   ARM Code       4  73x_it.o(.text)
    TIM3_IRQHandler                          0x80000590   ARM Code       4  73x_it.o(.text)
    TIM4_IRQHandler                          0x80000594   ARM Code       4  73x_it.o(.text)
    TB0_IRQHandler                           0x80000598   ARM Code       4  73x_it.o(.text)
    TB1_IRQHandler                           0x8000059c   ARM Code       4  73x_it.o(.text)
    TB2_IRQHandler                           0x800005a0   ARM Code       4  73x_it.o(.text)
    TIM5_IRQHandler                          0x800005a4   ARM Code       4  73x_it.o(.text)
    TIM6_IRQHandler                          0x800005a8   ARM Code       4  73x_it.o(.text)
    TIM7_IRQHandler                          0x800005ac   ARM Code       4  73x_it.o(.text)
    TIM8_IRQHandler                          0x800005b0   ARM Code       4  73x_it.o(.text)
    TIM9_IRQHandler                          0x800005b4   ARM Code       4  73x_it.o(.text)
    UART2_IRQHandler                         0x800005b8   ARM Code       4  73x_it.o(.text)
    UART3_IRQHandler                         0x800005bc   ARM Code       4  73x_it.o(.text)
    FLASHEOP_IRQHandler                      0x800005c0   ARM Code       4  73x_it.o(.text)
    PWM0_IRQHandler                          0x800005c4   ARM Code       4  73x_it.o(.text)
    PWM1_IRQHandler                          0x800005c8   ARM Code       4  73x_it.o(.text)
    PWM2_IRQHandler                          0x800005cc   ARM Code       4  73x_it.o(.text)
    PWM3_IRQHandler                          0x800005d0   ARM Code       4  73x_it.o(.text)
    PWM4_IRQHandler                          0x800005d4   ARM Code       4  73x_it.o(.text)
    PWM5_IRQHandler                          0x800005d8   ARM Code       4  73x_it.o(.text)
    WIU_IRQHandler                           0x800005dc   ARM Code       4  73x_it.o(.text)
    WDGWUT_IRQHandler                        0x800005e0   ARM Code       4  73x_it.o(.text)
    BSPI0_IRQHandler                         0x800005e4   ARM Code       4  73x_it.o(.text)
    BSPI1_IRQHandler                         0x800005e8   ARM Code       4  73x_it.o(.text)
    BSPI2_IRQHandler                         0x800005ec   ARM Code       4  73x_it.o(.text)
    UART0_IRQHandler                         0x800005f0   ARM Code       4  73x_it.o(.text)
    UART1_IRQHandler                         0x800005f4   ARM Code       4  73x_it.o(.text)
    I2C0ITERR_IRQHandler                     0x800005f8   ARM Code       4  73x_it.o(.text)
    I2C1ITERR_IRQHandler                     0x800005fc   ARM Code       4  73x_it.o(.text)
    I2C0ITDDC_IRQHandler                     0x80000600   ARM Code       4  73x_it.o(.text)
    I2C1ITDDC_IRQHandler                     0x80000604   ARM Code       4  73x_it.o(.text)
    CAN0_IRQHandler                          0x80000608   ARM Code       4  73x_it.o(.text)
    CAN1_IRQHandler                          0x8000060c   ARM Code       4  73x_it.o(.text)
    CAN2_IRQHandler                          0x80000610   ARM Code       4  73x_it.o(.text)
    DMA0_IRQHandler                          0x80000614   ARM Code       4  73x_it.o(.text)
    DMA1_IRQHandler                          0x80000618   ARM Code       4  73x_it.o(.text)
    DMA2_IRQHandler                          0x8000061c   ARM Code       4  73x_it.o(.text)
    DMA3_IRQHandler                          0x80000620   ARM Code       4  73x_it.o(.text)
    ADC_IRQHandler                           0x80000624   ARM Code       4  73x_it.o(.text)
    RTC_IRQHandler                           0x80000628   ARM Code       4  73x_it.o(.text)
    fputc                                    0x8000062c   ARM Code      36  retarget.o(.text)
    ferror                                   0x80000650   ARM Code      12  retarget.o(.text)
    _ttywrch                                 0x8000065c   ARM Code      28  retarget.o(.text)
    _sys_exit                                0x80000678   ARM Code       8  retarget.o(.text)
    CFG_PeripheralClockConfig                0x80000684   ARM Code     180  73x_cfg.o(.text)
    CFG_EmulationPeripheralClockConfig       0x80000738   ARM Code     180  73x_cfg.o(.text)
    CFG_RemapConfig                          0x800007ec   ARM Code      56  73x_cfg.o(.text)
    CFG_PeripheralClockStop                  0x80000824   ARM Code      68  73x_cfg.o(.text)
    CFG_PeripheralClockStart                 0x80000868   ARM Code      96  73x_cfg.o(.text)
    CFG_FlagStatus                           0x800008c8   ARM Code      40  73x_cfg.o(.text)
    CFG_DeviceID                             0x800008f0   ARM Code      12  73x_cfg.o(.text)
    CFG_FlashPowerOnDelay                    0x800008fc   ARM Code      32  73x_cfg.o(.text)
    UART_DeInit                              0x8000091c   ARM Code     156  73x_uart.o(.text)
    UART_StructInit                          0x800009b8   ARM Code      40  73x_uart.o(.text)
    UART_Init                                0x800009e0   ARM Code     264  73x_uart.o(.text)
    UART_ByteBufferSend                      0x80000ae8   ARM Code     128  73x_uart.o(.text)
    UART_9BitByteBufferSend                  0x80000b68   ARM Code     128  73x_uart.o(.text)
    UART_StringSend                          0x80000be8   ARM Code     168  73x_uart.o(.text)
    UART_ByteBufferReceive                   0x80000c90   ARM Code     148  73x_uart.o(.text)
    UART_9BitBufferReceive                   0x80000d24   ARM Code     152  73x_uart.o(.text)
    UART_StringReceive                       0x80000dbc   ARM Code     100  73x_uart.o(.text)
    UART_SetTimeOutValue                     0x80000e20   ARM Code       8  73x_uart.o(.text)
    UART_ByteReceive                         0x80000e28   ARM Code      16  73x_uart.o(.text)
    UART_9BitReceive                         0x80000e38   ARM Code      12  73x_uart.o(.text)
    UART_ByteSend                            0x80000e44   ARM Code       8  73x_uart.o(.text)
    UART_9BitSend                            0x80000e4c   ARM Code       8  73x_uart.o(.text)
    UART_Cmd                                 0x80000e54   ARM Code      44  73x_uart.o(.text)
    UART_FifoReset                           0x80000e80   ARM Code      36  73x_uart.o(.text)
    UART_ITConfig                            0x80000ea4   ARM Code      40  73x_uart.o(.text)
    UART_FlagStatus                          0x80000ecc   ARM Code      36  73x_uart.o(.text)
    PRCCU_Init                               0x80000f0c   ARM Code     548  73x_prccu.o(.text)
    PRCCU_DeInit                             0x80001130   ARM Code      56  73x_prccu.o(.text)
    PRCCU_StructInit                         0x80001168   ARM Code      40  73x_prccu.o(.text)
    PRCCU_GetFrequencyValue                  0x80001190   ARM Code     340  73x_prccu.o(.text)
    PRCCU_SetExtClkDiv                       0x800012e4   ARM Code      40  73x_prccu.o(.text)
    PRCCU_EnterLPM                           0x8000130c   ARM Code     192  73x_prccu.o(.text)
    PRCCU_ITConfig                           0x800013cc   ARM Code      56  73x_prccu.o(.text)
    PRCCU_FlagStatus                         0x80001404   ARM Code      84  73x_prccu.o(.text)
    PRCCU_FlagClear                          0x80001458   ARM Code      32  73x_prccu.o(.text)
    PRCCU_SwResetGenerate                    0x80001478   ARM Code      44  73x_prccu.o(.text)
    PRCCU_VRCmd                              0x800014a4   ARM Code     176  73x_prccu.o(.text)
    PRCCU_LPVRCurrentConfig                  0x80001554   ARM Code     136  73x_prccu.o(.text)
    CMU_DeInit                               0x800015f8   ARM Code      72  73x_cmu.o(.text)
    CMU_StructInit                           0x80001640   ARM Code      48  73x_cmu.o(.text)
    CMU_Lock                                 0x80001670   ARM Code      48  73x_cmu.o(.text)
    CMU_Init                                 0x800016a0   ARM Code     188  73x_cmu.o(.text)
    CMU_GetOSCFrequency                      0x8000175c   ARM Code      56  73x_cmu.o(.text)
    CMU_ModeOscConfig                        0x80001794   ARM Code     172  73x_cmu.o(.text)
    CMU_StopOscConfig                        0x80001840   ARM Code      24  73x_cmu.o(.text)
    CMU_ResetConfig                          0x80001858   ARM Code      60  73x_cmu.o(.text)
    CMU_ITConfig                             0x80001894   ARM Code      56  73x_cmu.o(.text)
    CMU_FlagStatus                           0x800018cc   ARM Code      40  73x_cmu.o(.text)
    CMU_ITClear                              0x800018f4   ARM Code      24  73x_cmu.o(.text)
    CMU_FlagClear                            0x8000190c   ARM Code      24  73x_cmu.o(.text)
    halt                                     0x8000193c   ARM Code      12  main.o(.text)
    FibCalc                                  0x80001948   ARM Code     108  main.o(.text)
    main                                     0x800019b4   ARM Code      36  main.o(.text)
    LoopFnc                                  0x800019fc   ARM Code       4  assembly.o(.text)
    InitHwAssembly                           0x80001a64   ARM Code       0  assembly.o(.text)
    FIQ_Init                                 0x80001ad0   ARM Code       0  assembly.o(.text)
    FIQ_Handler                              0x80001ad4   ARM Code       0  assembly.o(.text)
    bigFib                                   0x80001b70   ARM Code      40  bigfib.o(.text)
    __I$use$semihosting                      0x80001b98   ARM Code       0  use_no_semi.o(.text)
    __use_no_semihosting_swi                 0x80001b98   ARM Code       4  use_no_semi.o(.text)
    __aeabi_errno_addr                       0x80001b9c   ARM Code      12  rt_errno_addr_intlibspace.o(.text)
    __errno$intlibspace                      0x80001b9c   ARM Code       0  rt_errno_addr_intlibspace.o(.text)
    __rt_errno_addr$intlibspace              0x80001b9c   ARM Code       0  rt_errno_addr_intlibspace.o(.text)
    Inline ARM to Thumb Veneer to __heapstats 0x80001ba8   ARM Code       8  stats.o(.text)
    __heapstats                              0x80001bb1   Thumb Code    26  stats.o(.text)
    Inline ARM to Thumb Veneer to free       0x80001bcc   ARM Code       8  h1_free.o(.text)
    free                                     0x80001bd5   Thumb Code    84  h1_free.o(.text)
    printf                                   0x80001c29   Thumb Code    22  printf.o(.text)
    fprintf                                  0x80001c45   Thumb Code    22  fprintf.o(.text)
    Inline ARM to Thumb Veneer to __2printf  0x80001c5c   ARM Code       8  __2printf.o(.text)
    __2printf                                0x80001c65   Thumb Code    22  __2printf.o(.text)
    Inline ARM to Thumb Veneer to _printf_int_dec 0x80001c80   ARM Code       8  _printf_dec.o(.text)
    _printf_int_dec                          0x80001c89   Thumb Code    94  _printf_dec.o(.text)
    __printf                                 0x80001cf9   Thumb Code   406  __printf_flags_ss_wp.o(.text)
    Inline Thumb to ARM Veneer to __aeabi_idivmod 0x80001e95   Thumb Code     4  aeabi_sdiv.o(.text)
    __aeabi_idiv                             0x80001e98   ARM Code       0  aeabi_sdiv.o(.text)
    __aeabi_idivmod                          0x80001e98   ARM Code     384  aeabi_sdiv.o(.text)
    __use_two_region_memory                  0x80002019   Thumb Code     2  heapauxi.o(.text)
    __rt_heap_escrow                         0x8000201b   Thumb Code     2  heapauxi.o(.text)
    __rt_heap_expand                         0x8000201d   Thumb Code     2  heapauxi.o(.text)
    __user_libspace                          0x80002020   ARM Code      12  libspace.o(.text)
    __user_perproc_libspace                  0x80002020   ARM Code       0  libspace.o(.text)
    __user_perthread_libspace                0x80002020   ARM Code       0  libspace.o(.text)
    Inline Thumb to ARM Veneer to __rt_heap_descriptor 0x8000202d   Thumb Code     4  rt_heap_descriptor_intlibspace.o(.text)
    __rt_heap_descriptor                     0x80002030   ARM Code      12  rt_heap_descriptor_intlibspace.o(.text)
    __use_no_heap                            0x8000203d   Thumb Code     2  hguard.o(.text)
    __heap$guard                             0x8000203f   Thumb Code     2  hguard.o(.text)
    __Heap_Stats                             0x80002041   Thumb Code   156  h1_stats.o(.text)
    _printf_pre_padding                      0x80002125   Thumb Code    50  _printf_pad.o(.text)
    _printf_post_padding                     0x80002157   Thumb Code    36  _printf_pad.o(.text)
    _printf_truncate_signed                  0x8000217b   Thumb Code    22  _printf_truncate.o(.text)
    _printf_truncate_unsigned                0x80002191   Thumb Code    22  _printf_truncate.o(.text)
    _printf_str                              0x800021a7   Thumb Code    88  _printf_str.o(.text)
    _printf_int_common                       0x800021ff   Thumb Code   186  _printf_intcommon.o(.text)
    Inline ARM to Thumb Veneer to _printf_charcount 0x800022b8   ARM Code       8  _printf_charcount.o(.text)
    _printf_charcount                        0x800022c1   Thumb Code    38  _printf_charcount.o(.text)
    _printf_char_file                        0x800022e9   Thumb Code    38  _printf_char_file.o(.text)
    _printf_wctomb                           0x80002315   Thumb Code   188  _printf_wctomb.o(.text)
    Inline ARM to Thumb Veneer to _printf_longlong_dec 0x800023d4   ARM Code       8  _printf_longlong_dec.o(.text)
    _printf_longlong_dec                     0x800023dd   Thumb Code    98  _printf_longlong_dec.o(.text)
    Inline ARM to Thumb Veneer to _printf_int_oct 0x80002450   ARM Code       8  _printf_oct_int_ll.o(.text)
    _printf_longlong_oct                     0x80002459   Thumb Code    72  _printf_oct_int_ll.o(.text)
    _printf_int_oct                          0x800024a1   Thumb Code    28  _printf_oct_int_ll.o(.text)
    _printf_ll_oct                           0x800024bd   Thumb Code    10  _printf_oct_int_ll.o(.text)
    Inline ARM to Thumb Veneer to _printf_hex_ptr 0x800024d0   ARM Code       8  _printf_hex_int_ll_ptr.o(.text)
    _printf_longlong_hex                     0x800024d9   Thumb Code    92  _printf_hex_int_ll_ptr.o(.text)
    _printf_int_hex                          0x80002535   Thumb Code    32  _printf_hex_int_ll_ptr.o(.text)
    _printf_ll_hex                           0x80002555   Thumb Code    10  _printf_hex_int_ll_ptr.o(.text)
    _printf_hex_ptr                          0x8000255f   Thumb Code    22  _printf_hex_int_ll_ptr.o(.text)
    Inline Thumb to ARM Veneer to __rt_udiv10 0x80002579   Thumb Code     4  rtudiv10.o(.text)
    __rt_udiv10                              0x8000257c   ARM Code      44  rtudiv10.o(.text)
    Inline Thumb to ARM Veneer to _ll_udiv10 0x800025a9   Thumb Code     4  lludiv10.o(.text)
    _ll_udiv10                               0x800025ac   ARM Code     160  lludiv10.o(.text)
    __lib_sel_fp_printf                      0x8000264d   Thumb Code     2  _printf_fp_dec.o(.text)
    _printf_fp_dec_real                      0x800027ed   Thumb Code   628  _printf_fp_dec.o(.text)
    Inline ARM to Thumb Veneer to _printf_fp_hex_real 0x80002a6c   ARM Code       8  _printf_fp_hex.o(.text)
    _printf_fp_hex_real                      0x80002a75   Thumb Code   728  _printf_fp_hex.o(.text)
    _printf_char_common                      0x80002d5f   Thumb Code    34  _printf_char_common.o(.text)
    Inline ARM to Thumb Veneer to _printf_char 0x80002d84   ARM Code       8  _printf_char.o(.text)
    _printf_cs_common                        0x80002d8d   Thumb Code    26  _printf_char.o(.text)
    _printf_char                             0x80002da7   Thumb Code    16  _printf_char.o(.text)
    _printf_string                           0x80002db7   Thumb Code     8  _printf_char.o(.text)
    Inline ARM to Thumb Veneer to _printf_wchar 0x80002dc0   ARM Code       8  _printf_wchar.o(.text)
    _printf_lcs_common                       0x80002dc9   Thumb Code    26  _printf_wchar.o(.text)
    _printf_wchar                            0x80002de3   Thumb Code    16  _printf_wchar.o(.text)
    _printf_wstring                          0x80002df3   Thumb Code     8  _printf_wchar.o(.text)
    _wcrtomb                                 0x80002dfb   Thumb Code    70  _wcrtomb.o(.text)
    __user_setup_stackheap                   0x80002e40   ARM Code      96  sys_stackheap_outer.o(.text)
    Inline Thumb to ARM Veneer to __rt_ctype_table 0x80002ea1   Thumb Code     4  rt_ctype_table.o(.text)
    __rt_ctype_table                         0x80002ea4   ARM Code      24  rt_ctype_table.o(.text)
    Inline Thumb to ARM Veneer to __rt_locale 0x80002ebd   Thumb Code     4  rt_locale_intlibspace.o(.text)
    __rt_locale                              0x80002ec0   ARM Code      12  rt_locale_intlibspace.o(.text)
    _printf_fp_infnan                        0x80002ecd   Thumb Code   128  _printf_fp_infnan.o(.text)
    _btod_etento                             0x80002f5d   Thumb Code   214  bigflt0.o(.text)
    exit                                     0x80003039   Thumb Code    20  exit.o(.text)
    strcmp                                   0x8000304c   ARM Code     240  strcmp.o(.text)
    Inline Thumb to ARM Veneer to __aeabi_uidivmod 0x80003141   Thumb Code     4  aeabi_sdiv.o(.text_udiv)
    __aeabi_uidiv                            0x80003144   ARM Code       0  aeabi_sdiv.o(.text_udiv)
    __aeabi_uidivmod                         0x80003144   ARM Code      36  aeabi_sdiv.o(.text_udiv)
    Inline Thumb to ARM Veneer to _btod_d2e  0x80003169   Thumb Code     4  btod.o(CL$$btod_d2e)
    _btod_d2e                                0x8000316c   ARM Code      56  btod.o(CL$$btod_d2e)
    _d2e_denorm_low                          0x800031a4   ARM Code      84  btod.o(CL$$btod_d2e_denorm_low)
    _d2e_norm_op1                            0x800031f8   ARM Code     104  btod.o(CL$$btod_d2e_norm_op1)
    __btod_div_common                        0x80003260   ARM Code     716  btod.o(CL$$btod_div_common)
    _e2e                                     0x800035ac   ARM Code     244  btod.o(CL$$btod_e2e)
    Inline Thumb to ARM Veneer to _btod_ediv 0x800036a1   Thumb Code     4  btod.o(CL$$btod_ediv)
    _btod_ediv                               0x800036a4   ARM Code      56  btod.o(CL$$btod_ediv)
    Inline Thumb to ARM Veneer to _btod_emul 0x800036dd   Thumb Code     4  btod.o(CL$$btod_emul)
    _btod_emul                               0x800036e0   ARM Code      56  btod.o(CL$$btod_emul)
    __btod_mult_common                       0x80003718   ARM Code     616  btod.o(CL$$btod_mult_common)
    DAbtHandler                              0x80003980   ARM Code       0  dabt.o(DAbt)
    FIQHandler                               0x800039a0   ARM Code       0  fiq.o(FIQ)
    IRQHandler                               0x800039c0   ARM Code       0  irq.o(IRQ)
    PRCCUCMUIRQHandler                       0x80003a0c   ARM Code       0  irq.o(IRQ)
    EXTIT01IRQHandler                        0x80003a24   ARM Code       0  irq.o(IRQ)
    EXTIT02IRQHandler                        0x80003a3c   ARM Code       0  irq.o(IRQ)
    EXTIT03IRQHandler                        0x80003a54   ARM Code       0  irq.o(IRQ)
    EXTIT04IRQHandler                        0x80003a6c   ARM Code       0  irq.o(IRQ)
    EXTIT05IRQHandler                        0x80003a84   ARM Code       0  irq.o(IRQ)
    EXTIT06IRQHandler                        0x80003a9c   ARM Code       0  irq.o(IRQ)
    EXTIT07IRQHandler                        0x80003ab4   ARM Code       0  irq.o(IRQ)
    EXTIT08IRQHandler                        0x80003acc   ARM Code       0  irq.o(IRQ)
    EXTIT09IRQHandler                        0x80003ae4   ARM Code       0  irq.o(IRQ)
    EXTIT10IRQHandler                        0x80003afc   ARM Code       0  irq.o(IRQ)
    EXTIT11IRQHandler                        0x80003b14   ARM Code       0  irq.o(IRQ)
    EXTIT12IRQHandler                        0x80003b2c   ARM Code       0  irq.o(IRQ)
    EXTIT13IRQHandler                        0x80003b44   ARM Code       0  irq.o(IRQ)
    EXTIT14IRQHandler                        0x80003b5c   ARM Code       0  irq.o(IRQ)
    EXTIT15IRQHandler                        0x80003b74   ARM Code       0  irq.o(IRQ)
    DMATRERRIRQHandler                       0x80003b8c   ARM Code       0  irq.o(IRQ)
    TIM1IRQHandler                           0x80003ba4   ARM Code       0  irq.o(IRQ)
    TIM2IRQHandler                           0x80003bbc   ARM Code       0  irq.o(IRQ)
    TIM3IRQHandler                           0x80003bd4   ARM Code       0  irq.o(IRQ)
    TIM4IRQHandler                           0x80003bec   ARM Code       0  irq.o(IRQ)
    TB0IRQHandler                            0x80003c04   ARM Code       0  irq.o(IRQ)
    TB1IRQHandler                            0x80003c1c   ARM Code       0  irq.o(IRQ)
    TB2IRQHandler                            0x80003c34   ARM Code       0  irq.o(IRQ)
    TIM5IRQHandler                           0x80003c4c   ARM Code       0  irq.o(IRQ)
    TIM6IRQHandler                           0x80003c64   ARM Code       0  irq.o(IRQ)
    TIM7IRQHandler                           0x80003c7c   ARM Code       0  irq.o(IRQ)
    TIM8IRQHandler                           0x80003c94   ARM Code       0  irq.o(IRQ)
    TIM9IRQHandler                           0x80003cac   ARM Code       0  irq.o(IRQ)
    UART2IRQHandler                          0x80003cc4   ARM Code       0  irq.o(IRQ)
    UART3IRQHandler                          0x80003cdc   ARM Code       0  irq.o(IRQ)
    FLASHEOPIRQHandler                       0x80003cf4   ARM Code       0  irq.o(IRQ)
    PWM0IRQHandler                           0x80003d0c   ARM Code       0  irq.o(IRQ)
    PWM1IRQHandler                           0x80003d24   ARM Code       0  irq.o(IRQ)
    PWM2IRQHandler                           0x80003d3c   ARM Code       0  irq.o(IRQ)
    PWM3IRQHandler                           0x80003d54   ARM Code       0  irq.o(IRQ)
    PWM4IRQHandler                           0x80003d6c   ARM Code       0  irq.o(IRQ)
    PWM5IRQHandler                           0x80003d84   ARM Code       0  irq.o(IRQ)
    WIUIRQHandler                            0x80003d9c   ARM Code       0  irq.o(IRQ)
    WDGWUTIRQHandler                         0x80003db4   ARM Code       0  irq.o(IRQ)
    BSPI0IRQHandler                          0x80003dcc   ARM Code       0  irq.o(IRQ)
    BSPI1IRQHandler                          0x80003de4   ARM Code       0  irq.o(IRQ)
    BSPI2IRQHandler                          0x80003dfc   ARM Code       0  irq.o(IRQ)
    UART0IRQHandler                          0x80003e14   ARM Code       0  irq.o(IRQ)
    UART1IRQHandler                          0x80003e2c   ARM Code       0  irq.o(IRQ)
    I2C0ITERRIRQHandler                      0x80003e44   ARM Code       0  irq.o(IRQ)
    I2C1ITERRIRQHandler                      0x80003e5c   ARM Code       0  irq.o(IRQ)
    I2C0ITDDCIRQHandler                      0x80003e74   ARM Code       0  irq.o(IRQ)
    I2C1ITDDCIRQHandler                      0x80003e8c   ARM Code       0  irq.o(IRQ)
    CAN0IRQHandler                           0x80003ea4   ARM Code       0  irq.o(IRQ)
    CAN1IRQHandler                           0x80003ebc   ARM Code       0  irq.o(IRQ)
    CAN2IRQHandler                           0x80003ed4   ARM Code       0  irq.o(IRQ)
    DMA0IRQHandler                           0x80003eec   ARM Code       0  irq.o(IRQ)
    DMA1IRQHandler                           0x80003f04   ARM Code       0  irq.o(IRQ)
    DMA2IRQHandler                           0x80003f1c   ARM Code       0  irq.o(IRQ)
    DMA3IRQHandler                           0x80003f34   ARM Code       0  irq.o(IRQ)
    ADCIRQHandler                            0x80003f4c   ARM Code       0  irq.o(IRQ)
    RTCIRQHandler                            0x80003f64   ARM Code       0  irq.o(IRQ)
    PAbtHandler                              0x80003f84   ARM Code       0  pabt.o(PAbt)
    SWIHandler                               0x80003fa4   ARM Code       0  swi.o(SWI)
    UndefHandler                             0x80003fd4   ARM Code       0  undef.o(Undef)
    Long ARM to Thumb Veneer to _printf_int_hex 0x80003ff0   ARM Code      12  anon$$obj.o(Veneer$$Code)
    Long ARM to Thumb Veneer to _printf_ll_oct 0x80003ffc   ARM Code      12  anon$$obj.o(Veneer$$Code)
    Long ARM to Thumb Veneer to _printf_ll_hex 0x80004008   ARM Code      12  anon$$obj.o(Veneer$$Code)
    Long ARM to Thumb Veneer to _printf_string 0x80004014   ARM Code      12  anon$$obj.o(Veneer$$Code)
    Long ARM to Thumb Veneer to _printf_wstring 0x80004020   ARM Code      12  anon$$obj.o(Veneer$$Code)
    Short Thumb to ARM Veneer to ferror      0x8000402d   Thumb Code     8  anon$$obj.o(Veneer$$Code)
    Long ARM to Thumb Veneer to _printf_fp_dec_real 0x80004034   ARM Code      12  anon$$obj.o(Veneer$$Code)
    __ARM_common_call_via_r1                 0x80004041   Thumb Code     2  __printf.o(i.__ARM_common_call_via_r1)
    __ARM_common_call_via_r2                 0x80004043   Thumb Code     2  _printf_wctomb.o(i.__ARM_common_call_via_r2)
    __ARM_common_call_via_r3                 0x80004045   Thumb Code     2  _wcrtomb.o(i.__ARM_common_call_via_r3)
    __ARM_common_call_via_r4                 0x80004047   Thumb Code     2  h1_stats.o(i.__ARM_common_call_via_r4)
    __ARM_common_call_via_r7                 0x80004049   Thumb Code     2  h1_stats.o(i.__ARM_common_call_via_r7)
    Inline Thumb to ARM Veneer to __ARM_fpclassify 0x8000404d   Thumb Code     4  fpclassify.o(i.__ARM_fpclassify)
    __ARM_fpclassify                         0x80004050   ARM Code      48  fpclassify.o(i.__ARM_fpclassify)
    _is_digit                                0x80004081   Thumb Code    14  __printf_wp.o(i._is_digit)
    Inline Thumb to ARM Veneer to _get_lc_numeric 0x80004091   Thumb Code     4  lc_numeric_c.o(locale$$code)
    _get_lc_numeric                          0x80004094   ARM Code      80  lc_numeric_c.o(locale$$code)
    Inline Thumb to ARM Veneer to _get_lc_ctype 0x800040e5   Thumb Code     4  lc_ctype_c.o(locale$$code)
    _get_lc_ctype                            0x800040e8   ARM Code      80  lc_ctype_c.o(locale$$code)
    Inline Thumb to ARM Veneer to __ieee_status 0x80004139   Thumb Code     4  istatus.o(x$fpl$ieeestatus)
    __ieee_status                            0x8000413c   ARM Code       8  istatus.o(x$fpl$ieeestatus)
    _printf_fp_dec                           0x80004144   ARM Code       4  printf1.o(x$fpl$printf1)
    _printf_fp_hex                           0x80004148   ARM Code       4  printf2.o(x$fpl$printf2)
    __I$use$fp                               0x8000414c   Number         0  usenofp.o(x$fpl$usenofp)
    Region$$Table$$Base                      0x80004290   Number         0  anon$$obj.o(Region$$Table)
    Region$$Table$$Limit                     0x800042b0   Number         0  anon$$obj.o(Region$$Table)
    __ctype                                  0x800042d9   Data           0  lc_ctype_c.o(locale$$data)
    GPIO_InitStruct                          0xa0000000   Data           4  inithw.o(.data)
    PRCCU_InitStruct                         0xa0000004   Data           5  inithw.o(.data)
    __stdout                                 0xa000000c   Data           4  retarget.o(.data)
    UART_InitStruct                          0xa0000010   Data          16  inithw.o(.bss)
    TIM_InitStructure                        0xa0000020   Data          30  inithw.o(.bss)
    CMU_InitStruct                           0xa000003e   Data          12  inithw.o(.bss)
    __libspace_start                         0xa000004c   Data          96  libspace.o(.bss)
    __temporary_stack_top$libspace           0xa00000ac   Data           0  libspace.o(.bss)



==============================================================================

Memory Map of the image

  Image Entry point : 0x80000244

  Load Region LR_IROM1 (Base: 0x80000000, Size: 0x000043ec, Max: 0x00040000, ABSOLUTE)

    Execution Region ER_IROM1 (Exec base: 0x80000000, Load base: 0x80000000, Size: 0x000043dc, Max: 0x00040000, ABSOLUTE)

    Exec Addr    Load Addr    Size         Type   Attr      Idx    E Section Name        Object

    0x80000000   0x80000000   0x00000244   Code   RO            3    Reset               str73x.o
    0x80000244   0x80000244   0x00000008   Code   RO          431  * !!!main             c_t.l(__main.o)
    0x8000024c   0x8000024c   0x0000003c   Code   RO          793    !!!scatter          c_t.l(__scatter.o)
    0x80000288   0x80000288   0x00000028   Code   RO          795    !!handler_copy      c_t.l(__scatter_copy.o)
    0x800002b0   0x800002b0   0x0000002c   Code   RO          797    !!handler_zi        c_t.l(__scatter_zi.o)
    0x800002dc   0x800002dc   0x00000004   Ven    RO          412    .ARM.Collect$$_printf_percent$$00000000  c_t.l(_printf_percent.o)
    0x800002e0   0x800002e0   0x00000000   Code   RO          412    .ARM.Collect$$_printf_percent$$00000000  c_t.l(_printf_percent.o)
    0x800002e0   0x800002e0   0x00000008   Code   RO          525    .ARM.Collect$$_printf_percent$$00000001  c_t.l(_printf_n.o)
    0x800002e8   0x800002e8   0x00000008   Code   RO          527    .ARM.Collect$$_printf_percent$$00000002  c_t.l(_printf_p.o)
    0x800002f0   0x800002f0   0x00000008   Code   RO          530    .ARM.Collect$$_printf_percent$$00000003  c_t.l(_printf_f.o)
    0x800002f8   0x800002f8   0x00000008   Code   RO          531    .ARM.Collect$$_printf_percent$$00000004  c_t.l(_printf_e.o)
    0x80000300   0x80000300   0x00000008   Code   RO          532    .ARM.Collect$$_printf_percent$$00000005  c_t.l(_printf_g.o)
    0x80000308   0x80000308   0x00000008   Code   RO          533    .ARM.Collect$$_printf_percent$$00000006  c_t.l(_printf_a.o)
    0x80000310   0x80000310   0x0000000c   Code   RO          538    .ARM.Collect$$_printf_percent$$00000007  c_t.l(_printf_ll.o)
    0x8000031c   0x8000031c   0x00000008   Code   RO          529    .ARM.Collect$$_printf_percent$$00000008  c_t.l(_printf_i.o)
    0x80000324   0x80000324   0x00000008   Code   RO          410    .ARM.Collect$$_printf_percent$$00000009  c_t.l(_printf_d.o)
    0x8000032c   0x8000032c   0x00000008   Code   RO          411    .ARM.Collect$$_printf_percent$$0000000A  c_t.l(_printf_u.o)
    0x80000334   0x80000334   0x00000008   Code   RO          528    .ARM.Collect$$_printf_percent$$0000000B  c_t.l(_printf_o.o)
    0x8000033c   0x8000033c   0x00000008   Code   RO          526    .ARM.Collect$$_printf_percent$$0000000C  c_t.l(_printf_x.o)
    0x80000344   0x80000344   0x00000008   Code   RO          535    .ARM.Collect$$_printf_percent$$0000000D  c_t.l(_printf_lli.o)
    0x8000034c   0x8000034c   0x00000008   Code   RO          536    .ARM.Collect$$_printf_percent$$0000000E  c_t.l(_printf_lld.o)
    0x80000354   0x80000354   0x00000008   Code   RO          537    .ARM.Collect$$_printf_percent$$0000000F  c_t.l(_printf_llu.o)
    0x8000035c   0x8000035c   0x00000008   Code   RO          542    .ARM.Collect$$_printf_percent$$00000010  c_t.l(_printf_llo.o)
    0x80000364   0x80000364   0x00000008   Code   RO          543    .ARM.Collect$$_printf_percent$$00000011  c_t.l(_printf_llx.o)
    0x8000036c   0x8000036c   0x0000000c   Code   RO          539    .ARM.Collect$$_printf_percent$$00000012  c_t.l(_printf_l.o)
    0x80000378   0x80000378   0x00000008   Code   RO          523    .ARM.Collect$$_printf_percent$$00000013  c_t.l(_printf_c.o)
    0x80000380   0x80000380   0x00000008   Code   RO          524    .ARM.Collect$$_printf_percent$$00000014  c_t.l(_printf_s.o)
    0x80000388   0x80000388   0x00000008   Code   RO          540    .ARM.Collect$$_printf_percent$$00000015  c_t.l(_printf_lc.o)
    0x80000390   0x80000390   0x00000008   Code   RO          541    .ARM.Collect$$_printf_percent$$00000016  c_t.l(_printf_ls.o)
    0x80000398   0x80000398   0x00000008   Code   RO          534    .ARM.Collect$$_printf_percent$$00000017  c_t.l(_printf_percent_end.o)
    0x800003a0   0x800003a0   0x00000008   Ven    RO          720    .ARM.Collect$$libinit$$00000000  c_t.l(libinit.o)
    0x800003a8   0x800003a8   0x00000002   Code   RO          720    .ARM.Collect$$libinit$$00000000  c_t.l(libinit.o)
    0x800003aa   0x800003aa   0x00000000   Code   RO          610    .ARM.Collect$$libinit$$00000002  c_t.l(libinit2.o)
    0x800003aa   0x800003aa   0x00000000   Code   RO          612    .ARM.Collect$$libinit$$00000004  c_t.l(libinit2.o)
    0x800003aa   0x800003aa   0x00000000   Code   RO          615    .ARM.Collect$$libinit$$0000000A  c_t.l(libinit2.o)
    0x800003aa   0x800003aa   0x00000000   Code   RO          617    .ARM.Collect$$libinit$$0000000C  c_t.l(libinit2.o)
    0x800003aa   0x800003aa   0x00000000   Code   RO          619    .ARM.Collect$$libinit$$0000000E  c_t.l(libinit2.o)
    0x800003aa   0x800003aa   0x00000006   Code   RO          620    .ARM.Collect$$libinit$$0000000F  c_t.l(libinit2.o)
    0x800003b0   0x800003b0   0x00000000   Code   RO          622    .ARM.Collect$$libinit$$00000011  c_t.l(libinit2.o)
    0x800003b0   0x800003b0   0x0000000c   Code   RO          623    .ARM.Collect$$libinit$$00000012  c_t.l(libinit2.o)
    0x800003bc   0x800003bc   0x00000000   Code   RO          624    .ARM.Collect$$libinit$$00000013  c_t.l(libinit2.o)
    0x800003bc   0x800003bc   0x00000000   Code   RO          626    .ARM.Collect$$libinit$$00000015  c_t.l(libinit2.o)
    0x800003bc   0x800003bc   0x0000000a   Code   RO          627    .ARM.Collect$$libinit$$00000016  c_t.l(libinit2.o)
    0x800003c6   0x800003c6   0x00000000   Code   RO          628    .ARM.Collect$$libinit$$00000017  c_t.l(libinit2.o)
    0x800003c6   0x800003c6   0x00000000   Code   RO          630    .ARM.Collect$$libinit$$00000019  c_t.l(libinit2.o)
    0x800003c6   0x800003c6   0x00000000   Code   RO          632    .ARM.Collect$$libinit$$0000001B  c_t.l(libinit2.o)
    0x800003c6   0x800003c6   0x00000000   Code   RO          634    .ARM.Collect$$libinit$$0000001D  c_t.l(libinit2.o)
    0x800003c6   0x800003c6   0x00000000   Code   RO          636    .ARM.Collect$$libinit$$0000001F  c_t.l(libinit2.o)
    0x800003c6   0x800003c6   0x00000000   Code   RO          638    .ARM.Collect$$libinit$$00000021  c_t.l(libinit2.o)
    0x800003c6   0x800003c6   0x00000000   Code   RO          640    .ARM.Collect$$libinit$$00000023  c_t.l(libinit2.o)
    0x800003c6   0x800003c6   0x00000000   Code   RO          642    .ARM.Collect$$libinit$$00000025  c_t.l(libinit2.o)
    0x800003c6   0x800003c6   0x00000000   Code   RO          646    .ARM.Collect$$libinit$$0000002C  c_t.l(libinit2.o)
    0x800003c6   0x800003c6   0x00000000   Code   RO          648    .ARM.Collect$$libinit$$0000002E  c_t.l(libinit2.o)
    0x800003c6   0x800003c6   0x00000000   Code   RO          650    .ARM.Collect$$libinit$$00000030  c_t.l(libinit2.o)
    0x800003c6   0x800003c6   0x00000000   Code   RO          652    .ARM.Collect$$libinit$$00000032  c_t.l(libinit2.o)
    0x800003c6   0x800003c6   0x0000000c   Code   RO          653    .ARM.Collect$$libinit$$00000033  c_t.l(libinit2.o)
    0x800003d2   0x800003d2   0x00000002   PAD
    0x800003d4   0x800003d4   0x00000008   Ven    RO          791    .ARM.Collect$$libshutdown$$00000000  c_t.l(libshutdown.o)
    0x800003dc   0x800003dc   0x00000004   Code   RO          791    .ARM.Collect$$libshutdown$$00000000  c_t.l(libshutdown.o)
    0x800003e0   0x800003e0   0x00000000   Code   RO          751    .ARM.Collect$$libshutdown$$00000002  c_t.l(libshutdown2.o)
    0x800003e0   0x800003e0   0x00000000   Code   RO          753    .ARM.Collect$$libshutdown$$00000004  c_t.l(libshutdown2.o)
    0x800003e0   0x800003e0   0x00000000   Code   RO          756    .ARM.Collect$$libshutdown$$00000007  c_t.l(libshutdown2.o)
    0x800003e0   0x800003e0   0x00000000   Code   RO          759    .ARM.Collect$$libshutdown$$0000000A  c_t.l(libshutdown2.o)
    0x800003e0   0x800003e0   0x00000000   Code   RO          761    .ARM.Collect$$libshutdown$$0000000C  c_t.l(libshutdown2.o)
    0x800003e0   0x800003e0   0x00000000   Code   RO          764    .ARM.Collect$$libshutdown$$0000000F  c_t.l(libshutdown2.o)
    0x800003e0   0x800003e0   0x00000006   Code   RO          765    .ARM.Collect$$libshutdown$$00000010  c_t.l(libshutdown2.o)
    0x800003e6   0x800003e6   0x00000002   PAD
    0x800003e8   0x800003e8   0x00000000   Code   RO          438    .ARM.Collect$$rtentry$$00000000  c_t.l(__rtentry.o)
    0x800003e8   0x800003e8   0x00000000   Code   RO          557    .ARM.Collect$$rtentry$$00000002  c_t.l(__rtentry2.o)
    0x800003e8   0x800003e8   0x00000008   Code   RO          569    .ARM.Collect$$rtentry$$00000004  c_t.l(__rtentry4.o)
    0x800003f0   0x800003f0   0x00000000   Code   RO          559    .ARM.Collect$$rtentry$$00000009  c_t.l(__rtentry2.o)
    0x800003f0   0x800003f0   0x00000004   Code   RO          560    .ARM.Collect$$rtentry$$0000000A  c_t.l(__rtentry2.o)
    0x800003f4   0x800003f4   0x00000000   Code   RO          562    .ARM.Collect$$rtentry$$0000000C  c_t.l(__rtentry2.o)
    0x800003f4   0x800003f4   0x00000028   Code   RO          563    .ARM.Collect$$rtentry$$0000000D  c_t.l(__rtentry2.o)
    0x8000041c   0x8000041c   0x00000004   Ven    RO          729    .ARM.Collect$$rtexit$$00000000  c_t.l(rtexit.o)
    0x80000420   0x80000420   0x00000004   Code   RO          729    .ARM.Collect$$rtexit$$00000000  c_t.l(rtexit.o)
    0x80000424   0x80000424   0x00000000   Code   RO          767    .ARM.Collect$$rtexit$$00000002  c_t.l(rtexit2.o)
    0x80000424   0x80000424   0x00000004   Code   RO          768    .ARM.Collect$$rtexit$$00000003  c_t.l(rtexit2.o)
    0x80000428   0x80000428   0x00000008   Code   RO          769    .ARM.Collect$$rtexit$$00000004  c_t.l(rtexit2.o)
    0x80000430   0x80000430   0x00000024   Code   RO            4    .text               str73x.o
    0x80000454   0x80000454   0x000000e0   Code   RO           11    .text               inithw.o
    0x80000534   0x80000534   0x000000f8   Code   RO           97    .text               73x_it.o
    0x8000062c   0x8000062c   0x00000058   Code   RO          113    .text               retarget.o
    0x80000684   0x80000684   0x00000298   Code   RO          166    .text               73x_cfg.o
    0x8000091c   0x8000091c   0x000005f0   Code   RO          190    .text               73x_uart.o
    0x80000f0c   0x80000f0c   0x000006ec   Code   RO          202    .text               73x_prccu.o
    0x800015f8   0x800015f8   0x00000344   Code   RO          239    .text               73x_cmu.o
    0x8000193c   0x8000193c   0x000000c0   Code   RO          254    .text               main.o
    0x800019fc   0x800019fc   0x00000174   Code   RO          278    .text               assembly.o
    0x80001b70   0x80001b70   0x00000028   Code   RO          281    .text               bigfib.o
    0x80001b98   0x80001b98   0x00000004   Code   RO          305    .text               c_t.l(use_no_semi.o)
    0x80001b9c   0x80001b9c   0x0000000c   Code   RO          310    .text               c_t.l(rt_errno_addr_intlibspace.o)
    0x80001ba8   0x80001ba8   0x00000008   Ven    RO          312    .text               c_t.l(stats.o)
    0x80001bb0   0x80001bb0   0x0000001a   Code   RO          312    .text               c_t.l(stats.o)
    0x80001bca   0x80001bca   0x00000002   PAD
    0x80001bcc   0x80001bcc   0x00000008   Ven    RO          316    .text               c_t.l(h1_free.o)
    0x80001bd4   0x80001bd4   0x00000054   Code   RO          316    .text               c_t.l(h1_free.o)
    0x80001c28   0x80001c28   0x0000001c   Code   RO          374    .text               c_t.l(printf.o)
    0x80001c44   0x80001c44   0x00000016   Code   RO          376    .text               c_t.l(fprintf.o)
    0x80001c5a   0x80001c5a   0x00000002   PAD
    0x80001c5c   0x80001c5c   0x00000008   Ven    RO          378    .text               c_t.l(__2printf.o)
    0x80001c64   0x80001c64   0x0000001c   Code   RO          378    .text               c_t.l(__2printf.o)
    0x80001c80   0x80001c80   0x00000008   Ven    RO          388    .text               c_t.l(_printf_dec.o)
    0x80001c88   0x80001c88   0x00000070   Code   RO          388    .text               c_t.l(_printf_dec.o)
    0x80001cf8   0x80001cf8   0x0000019c   Code   RO          407    .text               c_t.l(__printf_flags_ss_wp.o)
    0x80001e94   0x80001e94   0x00000004   Ven    RO          413    .text               c_t.l(aeabi_sdiv.o)
    0x80001e98   0x80001e98   0x00000180   Code   RO          413    .text               c_t.l(aeabi_sdiv.o)
    0x80002018   0x80002018   0x00000006   Code   RO          429    .text               c_t.l(heapauxi.o)
    0x8000201e   0x8000201e   0x00000002   PAD
    0x80002020   0x80002020   0x0000000c   Code   RO          433    .text               c_t.l(libspace.o)
    0x8000202c   0x8000202c   0x00000004   Ven    RO          446    .text               c_t.l(rt_heap_descriptor_intlibspace.o)
    0x80002030   0x80002030   0x0000000c   Code   RO          446    .text               c_t.l(rt_heap_descriptor_intlibspace.o)
    0x8000203c   0x8000203c   0x00000004   Code   RO          448    .text               c_t.l(hguard.o)
    0x80002040   0x80002040   0x000000e4   Code   RO          460    .text               c_t.l(h1_stats.o)
    0x80002124   0x80002124   0x00000056   Code   RO          476    .text               c_t.l(_printf_pad.o)
    0x8000217a   0x8000217a   0x0000002c   Code   RO          478    .text               c_t.l(_printf_truncate.o)
    0x800021a6   0x800021a6   0x00000058   Code   RO          480    .text               c_t.l(_printf_str.o)
    0x800021fe   0x800021fe   0x000000ba   Code   RO          482    .text               c_t.l(_printf_intcommon.o)
    0x800022b8   0x800022b8   0x00000008   Ven    RO          484    .text               c_t.l(_printf_charcount.o)
    0x800022c0   0x800022c0   0x00000026   Code   RO          484    .text               c_t.l(_printf_charcount.o)
    0x800022e6   0x800022e6   0x00000002   PAD
    0x800022e8   0x800022e8   0x0000002c   Code   RO          486    .text               c_t.l(_printf_char_file.o)
    0x80002314   0x80002314   0x000000c0   Code   RO          488    .text               c_t.l(_printf_wctomb.o)
    0x800023d4   0x800023d4   0x00000008   Ven    RO          494    .text               c_t.l(_printf_longlong_dec.o)
    0x800023dc   0x800023dc   0x00000074   Code   RO          494    .text               c_t.l(_printf_longlong_dec.o)
    0x80002450   0x80002450   0x00000008   Ven    RO          500    .text               c_t.l(_printf_oct_int_ll.o)
    0x80002458   0x80002458   0x00000078   Code   RO          500    .text               c_t.l(_printf_oct_int_ll.o)
    0x800024d0   0x800024d0   0x00000008   Ven    RO          520    .text               c_t.l(_printf_hex_int_ll_ptr.o)
    0x800024d8   0x800024d8   0x000000a0   Code   RO          520    .text               c_t.l(_printf_hex_int_ll_ptr.o)
    0x80002578   0x80002578   0x00000004   Ven    RO          546    .text               c_t.l(rtudiv10.o)
    0x8000257c   0x8000257c   0x0000002c   Code   RO          546    .text               c_t.l(rtudiv10.o)
    0x800025a8   0x800025a8   0x00000004   Ven    RO          583    .text               c_t.l(lludiv10.o)
    0x800025ac   0x800025ac   0x000000a0   Code   RO          583    .text               c_t.l(lludiv10.o)
    0x8000264c   0x8000264c   0x00000420   Code   RO          585    .text               c_t.l(_printf_fp_dec.o)
    0x80002a6c   0x80002a6c   0x00000008   Ven    RO          587    .text               c_t.l(_printf_fp_hex.o)
    0x80002a74   0x80002a74   0x000002e0   Code   RO          587    .text               c_t.l(_printf_fp_hex.o)
    0x80002d54   0x80002d54   0x00000030   Code   RO          590    .text               c_t.l(_printf_char_common.o)
    0x80002d84   0x80002d84   0x00000008   Ven    RO          592    .text               c_t.l(_printf_char.o)
    0x80002d8c   0x80002d8c   0x00000032   Code   RO          592    .text               c_t.l(_printf_char.o)
    0x80002dbe   0x80002dbe   0x00000002   PAD
    0x80002dc0   0x80002dc0   0x00000008   Ven    RO          594    .text               c_t.l(_printf_wchar.o)
    0x80002dc8   0x80002dc8   0x00000032   Code   RO          594    .text               c_t.l(_printf_wchar.o)
    0x80002dfa   0x80002dfa   0x00000046   Code   RO          596    .text               c_t.l(_wcrtomb.o)
    0x80002e40   0x80002e40   0x00000060   Code   RO          656    .text               c_t.l(sys_stackheap_outer.o)
    0x80002ea0   0x80002ea0   0x00000004   Ven    RO          658    .text               c_t.l(rt_ctype_table.o)
    0x80002ea4   0x80002ea4   0x00000018   Code   RO          658    .text               c_t.l(rt_ctype_table.o)
    0x80002ebc   0x80002ebc   0x00000004   Ven    RO          665    .text               c_t.l(rt_locale_intlibspace.o)
    0x80002ec0   0x80002ec0   0x0000000c   Code   RO          665    .text               c_t.l(rt_locale_intlibspace.o)
    0x80002ecc   0x80002ecc   0x00000090   Code   RO          671    .text               c_t.l(_printf_fp_infnan.o)
    0x80002f5c   0x80002f5c   0x000000dc   Code   RO          675    .text               c_t.l(bigflt0.o)
    0x80003038   0x80003038   0x00000014   Code   RO          703    .text               c_t.l(exit.o)
    0x8000304c   0x8000304c   0x000000f4   Code   RO          744    .text               c_t.l(strcmp.o)
    0x80003140   0x80003140   0x00000004   Ven    RO          414    .text_udiv          c_t.l(aeabi_sdiv.o)
    0x80003144   0x80003144   0x00000024   Code   RO          414    .text_udiv          c_t.l(aeabi_sdiv.o)
    0x80003168   0x80003168   0x00000004   Ven    RO          678    CL$$btod_d2e        c_t.l(btod.o)
    0x8000316c   0x8000316c   0x00000038   Code   RO          678    CL$$btod_d2e        c_t.l(btod.o)
    0x800031a4   0x800031a4   0x00000054   Code   RO          680    CL$$btod_d2e_denorm_low  c_t.l(btod.o)
    0x800031f8   0x800031f8   0x00000068   Code   RO          679    CL$$btod_d2e_norm_op1  c_t.l(btod.o)
    0x80003260   0x80003260   0x0000034c   Code   RO          688    CL$$btod_div_common  c_t.l(btod.o)
    0x800035ac   0x800035ac   0x000000f4   Code   RO          685    CL$$btod_e2e        c_t.l(btod.o)
    0x800036a0   0x800036a0   0x00000004   Ven    RO          682    CL$$btod_ediv       c_t.l(btod.o)
    0x800036a4   0x800036a4   0x00000038   Code   RO          682    CL$$btod_ediv       c_t.l(btod.o)
    0x800036dc   0x800036dc   0x00000004   Ven    RO          681    CL$$btod_emul       c_t.l(btod.o)
    0x800036e0   0x800036e0   0x00000038   Code   RO          681    CL$$btod_emul       c_t.l(btod.o)
    0x80003718   0x80003718   0x00000268   Code   RO          687    CL$$btod_mult_common  c_t.l(btod.o)
    0x80003980   0x80003980   0x00000020   Code   RO          144    DAbt                dabt.o
    0x800039a0   0x800039a0   0x00000020   Code   RO          151    FIQ                 fiq.o
    0x800039c0   0x800039c0   0x000005c4   Code   RO          154    IRQ                 irq.o
    0x80003f84   0x80003f84   0x00000020   Code   RO          157    PAbt                pabt.o
    0x80003fa4   0x80003fa4   0x00000030   Code   RO          160    SWI                 swi.o
    0x80003fd4   0x80003fd4   0x0000001c   Code   RO          163    Undef               undef.o
    0x80003ff0   0x80003ff0   0x0000000c   Ven    RO          828    Veneer$$Code        anon$$obj.o
    0x80003ffc   0x80003ffc   0x0000000c   Ven    RO          829    Veneer$$Code        anon$$obj.o
    0x80004008   0x80004008   0x0000000c   Ven    RO          830    Veneer$$Code        anon$$obj.o
    0x80004014   0x80004014   0x0000000c   Ven    RO          831    Veneer$$Code        anon$$obj.o
    0x80004020   0x80004020   0x0000000c   Ven    RO          832    Veneer$$Code        anon$$obj.o
    0x8000402c   0x8000402c   0x00000008   Ven    RO          833    Veneer$$Code        anon$$obj.o
    0x80004034   0x80004034   0x0000000c   Ven    RO          834    Veneer$$Code        anon$$obj.o
    0x80004040   0x80004040   0x00000002   Code   RO          386    i.__ARM_common_call_via_r1  c_t.l(__printf.o)
    0x80004042   0x80004042   0x00000002   Code   RO          492    i.__ARM_common_call_via_r2  c_t.l(_printf_wctomb.o)
    0x80004044   0x80004044   0x00000002   Code   RO          598    i.__ARM_common_call_via_r3  c_t.l(_wcrtomb.o)
    0x80004046   0x80004046   0x00000002   Code   RO          464    i.__ARM_common_call_via_r4  c_t.l(h1_stats.o)
    0x80004048   0x80004048   0x00000002   Code   RO          462    i.__ARM_common_call_via_r7  c_t.l(h1_stats.o)
    0x8000404a   0x8000404a   0x00000002   PAD
    0x8000404c   0x8000404c   0x00000004   Ven    RO          726    i.__ARM_fpclassify  m_ts.l(fpclassify.o)
    0x80004050   0x80004050   0x00000030   Code   RO          726    i.__ARM_fpclassify  m_ts.l(fpclassify.o)
    0x80004080   0x80004080   0x0000000e   Code   RO          400    i._is_digit         c_t.l(__printf_wp.o)
    0x8000408e   0x8000408e   0x00000002   PAD
    0x80004090   0x80004090   0x00000004   Ven    RO          701    locale$$code        c_t.l(lc_numeric_c.o)
    0x80004094   0x80004094   0x00000050   Code   RO          701    locale$$code        c_t.l(lc_numeric_c.o)
    0x800040e4   0x800040e4   0x00000004   Ven    RO          736    locale$$code        c_t.l(lc_ctype_c.o)
    0x800040e8   0x800040e8   0x00000050   Code   RO          736    locale$$code        c_t.l(lc_ctype_c.o)
    0x80004138   0x80004138   0x00000004   Ven    RO          723    x$fpl$ieeestatus    fz_ts.l(istatus.o)
    0x8000413c   0x8000413c   0x00000008   Code   RO          723    x$fpl$ieeestatus    fz_ts.l(istatus.o)
    0x80004144   0x80004144   0x00000004   Code   RO          548    x$fpl$printf1       fz_ts.l(printf1.o)
    0x80004148   0x80004148   0x00000004   Code   RO          550    x$fpl$printf2       fz_ts.l(printf2.o)
    0x8000414c   0x8000414c   0x00000000   Code   RO          725    x$fpl$usenofp       fz_ts.l(usenofp.o)
    0x8000414c   0x8000414c   0x00000011   Data   RO          408    .constdata          c_t.l(__printf_flags_ss_wp.o)
    0x8000415d   0x8000415d   0x00000003   PAD
    0x80004160   0x80004160   0x00000008   Data   RO          489    .constdata          c_t.l(_printf_wctomb.o)
    0x80004168   0x80004168   0x00000028   Data   RO          521    .constdata          c_t.l(_printf_hex_int_ll_ptr.o)
    0x80004190   0x80004190   0x00000026   Data   RO          588    .constdata          c_t.l(_printf_fp_hex.o)
    0x800041b6   0x800041b6   0x00000002   PAD
    0x800041b8   0x800041b8   0x00000094   Data   RO          676    .constdata          c_t.l(bigflt0.o)
    0x8000424c   0x8000424c   0x00000041   Data   RO          255    .conststring        main.o
    0x8000428d   0x8000428d   0x00000003   PAD
    0x80004290   0x80004290   0x00000020   Data   RO          792    Region$$Table       anon$$obj.o
    0x800042b0   0x800042b0   0x0000001c   Data   RO          700    locale$$data        c_t.l(lc_numeric_c.o)
    0x800042cc   0x800042cc   0x00000110   Data   RO          735    locale$$data        c_t.l(lc_ctype_c.o)


    Execution Region RW_IRAM1 (Exec base: 0xa0000000, Load base: 0x800043dc, Size: 0x000029b0, Max: 0x00004000, ABSOLUTE)

    Exec Addr    Load Addr    Size         Type   Attr      Idx    E Section Name        Object

    0xa0000000   0x800043dc   0x00000009   Data   RW           13    .data               inithw.o
    0xa0000009   0x800043e5   0x00000003   PAD
    0xa000000c   0x800043e8   0x00000004   Data   RW          114    .data               retarget.o
    0xa0000010        -       0x0000003a   Zero   RW           12    .bss                inithw.o
    0xa000004a   0x800043ec   0x00000002   PAD
    0xa000004c        -       0x00000060   Zero   RW          434    .bss                c_t.l(libspace.o)
    0xa00000ac   0x800043ec   0x00000004   PAD
    0xa00000b0        -       0x00002000   Zero   RW            2    HEAP                str73x.o
    0xa00020b0        -       0x00000900   Zero   RW            1    STACK               str73x.o


==============================================================================

Image component sizes


      Code (inc. data)   RO Data    RW Data    ZI Data      Debug   Object Name

       664          0          0          0          0       2146   73x_cfg.o
       836         24          0          0          0       2616   73x_cmu.o
       248          0          0          0          0       6499   73x_it.o
      1772         28          0          0          0       3539   73x_prccu.o
      1520         28          0          0          0       5202   73x_uart.o
       372         20          0          0          0        340   assembly.o
        40          0          0          0          0        617   bigfib.o
        32          0          0          0          0        236   dabt.o
        32          0          0          0          0        232   fiq.o
       224         16          0          9         58      23818   inithw.o
      1476          8          0          0          0        536   irq.o
       192         36         65          0          0        816   main.o
        32          0          0          0          0        236   pabt.o
        88          4          0          4          0       2808   retarget.o
       616        332          0          0      10496        612   str73x.o
        48          0          0          0          0        236   swi.o
        28          0          0          0          0        240   undef.o

    ----------------------------------------------------------------------
      8300        520        100         16      10556      50729   Object Totals
        80         24         32          0          0          0   (incl. Generated)
         0          0          3          3          2          0   (incl. Padding)

    ----------------------------------------------------------------------

      Code (inc. data)   RO Data    RW Data    ZI Data      Debug   Library Member Name

        36          6          0          0          0         84   __2printf.o
         8          0          0          0          0         68   __main.o
         2          0          0          0          0         60   __printf.o
       412          6         17          0          0         92   __printf_flags_ss_wp.o
        14          0          0          0          0         60   __printf_wp.o
         0          0          0          0          0          0   __rtentry.o
        44          4          0          0          0          0   __rtentry2.o
         8          0          0          0          0          0   __rtentry4.o
        60          8          0          0          0          0   __scatter.o
        40          0          0          0          0          0   __scatter_copy.o
        44          0          0          0          0          0   __scatter_zi.o
         8          0          0          0          0          0   _printf_a.o
         8          0          0          0          0          0   _printf_c.o
        58          0          0          0          0        112   _printf_char.o
        48          4          0          0          0         96   _printf_char_common.o
        44          6          0          0          0         88   _printf_char_file.o
        46          0          0          0          0         60   _printf_charcount.o
         8          0          0          0          0          0   _printf_d.o
       120         18          0          0          0         88   _printf_dec.o
         8          0          0          0          0          0   _printf_e.o
         8          0          0          0          0          0   _printf_f.o
      1056         12          0          0          0        188   _printf_fp_dec.o
       744          8         38          0          0        100   _printf_fp_hex.o
       144         16          0          0          0         88   _printf_fp_infnan.o
         8          0          0          0          0          0   _printf_g.o
       168          4         40          0          0        176   _printf_hex_int_ll_ptr.o
         8          0          0          0          0          0   _printf_i.o
       186          0          0          0          0         96   _printf_intcommon.o
        12          0          0          0          0          0   _printf_l.o
         8          0          0          0          0          0   _printf_lc.o
        12          0          0          0          0          0   _printf_ll.o
         8          0          0          0          0          0   _printf_lld.o
         8          0          0          0          0          0   _printf_lli.o
         8          0          0          0          0          0   _printf_llo.o
         8          0          0          0          0          0   _printf_llu.o
         8          0          0          0          0          0   _printf_llx.o
       124         18          0          0          0         88   _printf_longlong_dec.o
         8          0          0          0          0          0   _printf_ls.o
         8          0          0          0          0          0   _printf_n.o
         8          0          0          0          0          0   _printf_o.o
       128         10          0          0          0        136   _printf_oct_int_ll.o
         8          0          0          0          0          0   _printf_p.o
        86          0          0          0          0        116   _printf_pad.o
         4          0          0          0          0          0   _printf_percent.o
         8          0          0          0          0          0   _printf_percent_end.o
         8          0          0          0          0          0   _printf_s.o
        88          0          0          0          0         84   _printf_str.o
        44          0          0          0          0         76   _printf_truncate.o
         8          0          0          0          0          0   _printf_u.o
        58          0          0          0          0        112   _printf_wchar.o
       194          4          8          0          0        156   _printf_wctomb.o
         8          0          0          0          0          0   _printf_x.o
        72          0          0          0          0        148   _wcrtomb.o
       428          0          0          0          0        148   aeabi_sdiv.o
       220          6        148          0          0         96   bigflt0.o
      2072        128          0          0          0        700   btod.o
        20          0          0          0          0         80   exit.o
        22          0          0          0          0         84   fprintf.o
        92          0          0          0          0        100   h1_free.o
       232         72          0          0          0        216   h1_stats.o
         6          0          0          0          0        136   heapauxi.o
         4          0          0          0          0        120   hguard.o
        84          8        272          0          0         92   lc_ctype_c.o
        84          8         28          0          0         92   lc_numeric_c.o
        10          0          0          0          0          0   libinit.o
        40          0          0          0          0          0   libinit2.o
        12          0          0          0          0          0   libshutdown.o
         6          0          0          0          0          0   libshutdown2.o
        12          4          0          0         96         68   libspace.o
       164          0          0          0          0         96   lludiv10.o
        28          6          0          0          0         84   printf.o
        28          4          0          0          0         84   rt_ctype_table.o
        12          4          0          0          0         68   rt_errno_addr_intlibspace.o
        16          4          0          0          0         68   rt_heap_descriptor_intlibspace.o
        16          4          0          0          0         68   rt_locale_intlibspace.o
         8          0          0          0          0          0   rtexit.o
        12          0          0          0          0          0   rtexit2.o
        48          0          0          0          0         68   rtudiv10.o
        34          0          0          0          0         84   stats.o
       244          4          0          0          0         80   strcmp.o
        96          0          0          0          0         80   sys_stackheap_outer.o
         4          0          0          0          0         68   use_no_semi.o
        12          0          0          0          0         68   istatus.o
         4          0          0          0          0         68   printf1.o
         4          0          0          0          0         68   printf2.o
         0          0          0          0          0          0   usenofp.o
        52          0          0          0          0         68   fpclassify.o

    ----------------------------------------------------------------------
      8416        376        556          0        100       5424   Library Totals
        18          0          5          0          4          0   (incl. Padding)

    ----------------------------------------------------------------------

      Code (inc. data)   RO Data    RW Data    ZI Data      Debug   Library Name

      8326        376        551          0         96       5152   c_t.l
        20          0          0          0          0        204   fz_ts.l
        52          0          0          0          0         68   m_ts.l

    ----------------------------------------------------------------------
      8416        376        556          0        100       5424   Library Totals

    ----------------------------------------------------------------------

==============================================================================


      Code (inc. data)   RO Data    RW Data    ZI Data      Debug   

     16716        896        656         16      10656      52537   Grand Totals
     16716        896        656         16      10656      52537   ELF Image Totals
     16716        896        656         16          0          0   ROM Totals

==============================================================================

    Total RO  Size (Code + RO Data)                17372 (  16.96kB)
    Total RW  Size (RW Data + ZI Data)             10672 (  10.42kB)
    Total ROM Size (Code + RO Data + RW Data)      17388 (  16.98kB)

==============================================================================

