Component: ARM Compiler 5.06 update 6 (build 750) Tool: armlink [4d35ed]

==============================================================================

Section Cross References

    reset_handler.o(.aRESET) refers to reset_handler.o(myData) for prev


==============================================================================

Image Symbol Table

    Local Symbols

    Symbol Name                              Value     Ov Type        Size  Object(Section)

    .aRESET                                  0x00000000   Section      160  reset_handler.o(.aRESET)
    Reset_Handler.S                          0x00000000   Number         0  reset_handler.o ABSOLUTE
    myData                                   0x40000000   Section       32  reset_handler.o(myData)
    prev                                     0x40000000   Data          16  reset_handler.o(myData)
    curr                                     0x40000010   Data          16  reset_handler.o(myData)

    Global Symbols

    Symbol Name                              Value     Ov Type        Size  Object(Section)

    BuildAttributes$$ARM_ISAv4$S$PE$A:L22$X:L11$S22$IEEE1$~IW$USESV6$~STKCKD$USESV7$~SHL$OSPACE$EBA8$STANDARDLIB$PRES8$EABIv2 0x00000000   Number         0  anon$$obj.o ABSOLUTE
    overfl                                   0x00000048   ARM Code       4  reset_handler.o(.aRESET)
    done                                     0x0000004c   ARM Code       4  reset_handler.o(.aRESET)



==============================================================================

Memory Map of the image

  Image Entry point : 0x00000000

  Load Region LR_1 (Base: 0x00000000, Size: 0x000000c0, Max: 0xffffffff, ABSOLUTE)

    Execution Region ER_RO (Exec base: 0x00000000, Load base: 0x00000000, Size: 0x000000a0, Max: 0xffffffff, ABSOLUTE)

    Exec Addr    Load Addr    Size         Type   Attr      Idx    E Section Name        Object

    0x00000000   0x00000000   0x000000a0   Code   RO            1  * .aRESET             reset_handler.o


    Execution Region ER_RW (Exec base: 0x40000000, Load base: 0x000000a0, Size: 0x00000020, Max: 0xffffffff, ABSOLUTE)

    Exec Addr    Load Addr    Size         Type   Attr      Idx    E Section Name        Object

    0x40000000   0x000000a0   0x00000020   Data   RW            2    myData              reset_handler.o


    Execution Region ER_ZI (Exec base: 0x40000020, Load base: 0x000000c0, Size: 0x00000000, Max: 0xffffffff, ABSOLUTE)

    **** No section assigned to this execution region ****


==============================================================================

Image component sizes


      Code (inc. data)   RO Data    RW Data    ZI Data      Debug   Object Name

       160          8          0         32          0        316   reset_handler.o

    ----------------------------------------------------------------------
       160          8          0         32          0        316   Object Totals
         0          0          0          0          0          0   (incl. Generated)
         0          0          0          0          0          0   (incl. Padding)

    ----------------------------------------------------------------------
         0          0          0          0          0          0   Library Totals
         0          0          0          0          0          0   (incl. Padding)

    ----------------------------------------------------------------------

==============================================================================


      Code (inc. data)   RO Data    RW Data    ZI Data      Debug   

       160          8          0         32          0        316   Grand Totals
       160          8          0         32          0        316   ELF Image Totals
       160          8          0         32          0          0   ROM Totals

==============================================================================

    Total RO  Size (Code + RO Data)                  160 (   0.16kB)
    Total RW  Size (RW Data + ZI Data)                32 (   0.03kB)
    Total ROM Size (Code + RO Data + RW Data)        192 (   0.19kB)

==============================================================================

