Component: ARM Compiler 5.06 update 6 (build 750) Tool: armlink [4d35ed]

==============================================================================

Section Cross References

    str73x.o(STACK) refers (Special) to heapauxi.o(.text) for __use_two_region_memory
    str73x.o(HEAP) refers (Special) to heapauxi.o(.text) for __use_two_region_memory
    str73x.o(Reset) refers (Special) to heapauxi.o(.text) for __use_two_region_memory
    str73x.o(Reset) refers to fiq.o(FIQ) for FIQHandler
    str73x.o(Reset) refers to undef.o(Undef) for UndefHandler
    str73x.o(Reset) refers to swi.o(SWI) for SWIHandler
    str73x.o(Reset) refers to pabt.o(PAbt) for PAbtHandler
    str73x.o(Reset) refers to dabt.o(DAbt) for DAbtHandler
    str73x.o(Reset) refers to irq.o(IRQ) for IRQHandler
    str73x.o(Reset) refers to assembly.o(.text) for FIQ_Init
    str73x.o(Reset) refers to str73x.o(STACK) for Stack_Top
    str73x.o(Reset) refers to __main.o(!!!main) for __main
    str73x.o(.text) refers (Special) to heapauxi.o(.text) for __use_two_region_memory
    str73x.o(.text) refers to str73x.o(HEAP) for Heap_Mem
    str73x.o(.text) refers to str73x.o(STACK) for Stack_Mem
    inithw.o(.text) refers to 73x_cfg.o(.text) for CFG_PeripheralClockConfig
    inithw.o(.text) refers to 73x_cmu.o(.text) for CMU_DeInit
    inithw.o(.text) refers to 73x_prccu.o(.text) for PRCCU_DeInit
    inithw.o(.text) refers to 73x_uart.o(.text) for UART_StructInit
    inithw.o(.text) refers to inithw.o(.bss) for CMU_InitStruct
    inithw.o(.text) refers to inithw.o(.data) for PRCCU_InitStruct
    retarget.o(.text) refers (Special) to use_no_semi.o(.text) for __use_no_semihosting_swi
    retarget.o(.text) refers to 73x_uart.o(.text) for UART_ByteBufferSend
    retarget.o(.data) refers (Special) to use_no_semi.o(.text) for __use_no_semihosting_swi
    dabt.o(DAbt) refers to 73x_it.o(.text) for Abort_Handler
    fiq.o(FIQ) refers to assembly.o(.text) for FIQ_Handler
    irq.o(IRQ) refers to 73x_it.o(.text) for PRCCUCMU_IRQHandler
    pabt.o(PAbt) refers to 73x_it.o(.text) for Prefetch_Handler
    swi.o(SWI) refers to 73x_it.o(.text) for SWI_Handler
    undef.o(Undef) refers to 73x_it.o(.text) for Undefined_Handler
    73x_gpio.o(.text) refers to 73x_cfg.o(.text) for CFG_PeripheralClockConfig
    73x_uart.o(.text) refers to 73x_cfg.o(.text) for CFG_PeripheralClockConfig
    73x_uart.o(.text) refers to 73x_prccu.o(.text) for PRCCU_GetFrequencyValue
    73x_uart.o(.text) refers to aeabi_sdiv.o(.text_udiv) for __aeabi_uidivmod
    73x_prccu.o(.text) refers to aeabi_sdiv.o(.text) for __aeabi_idivmod
    73x_prccu.o(.text) refers to aeabi_sdiv.o(.text_udiv) for __aeabi_uidivmod
    73x_eic.o(.text) refers to 73x_cfg.o(.text) for CFG_PeripheralClockConfig
    73x_eic.o(.text) refers to f_i_bit.o(F_I_BIT) for ARMIRQ_Disable
    73x_eic.o(.text) refers to str73x.o(Reset) for PRCCUCMU_Addr
    73x_tim.o(.text) refers to 73x_cfg.o(.text) for CFG_PeripheralClockConfig
    main.o(.text) refers to _printf_percent.o(.ARM.Collect$$_printf_percent$$00000000) for _printf_percent
    main.o(.text) refers to _printf_d.o(.ARM.Collect$$_printf_percent$$00000009) for _printf_d
    main.o(.text) refers to _printf_u.o(.ARM.Collect$$_printf_percent$$0000000A) for _printf_u
    main.o(.text) refers to _printf_dec.o(.text) for _printf_int_dec
    main.o(.text) refers to stats.o(.text) for __heapstats
    main.o(.text) refers to bigfib.o(.text) for bigFib
    main.o(.text) refers to __2printf.o(.text) for __2printf
    main.o(.text) refers to h1_free.o(.text) for free
    main.o(.text) refers to inithw.o(.text) for InitHwC
    main.o(.text) refers to assembly.o(.text) for InitHwAssembly
    main.o(.text) refers to retarget.o(.data) for __stdout
    main.o(.text) refers to fprintf.o(.text) for fprintf
    assembly.o(.text) refers (Special) to printf.o(.text) for printf
    bigfib.o(.text) refers to rt_errno_addr_intlibspace.o(.text) for __aeabi_errno_addr
    bigfib.o(.text) refers to h1_alloc.o(.text) for malloc
    bigfib.o(.text) refers to h1_free.o(.text) for free
    bigfib.o(.text) refers to stats.o(.text) for __heapstats
    bigfib.o(.text) refers to bigadd.o(.text) for bigAdd
    bigfib.o(.text) refers to retarget.o(.data) for __stdout
    bigfib.o(.text) refers to fprintf.o(.text) for fprintf
    rt_errno_addr.o(.text) refers to rt_errno_addr.o(.bss) for __aeabi_errno_addr_data
    rt_errno_addr_intlibspace.o(.text) refers to libspace.o(.bss) for __libspace_start
    stats.o(.text) refers (Special) to hguard.o(.text) for __heap$guard
    stats.o(.text) refers to rt_heap_descriptor_intlibspace.o(.text) for __rt_heap_descriptor
    stats.o(.text) refers to h1_stats.o(.text) for __Heap_Stats
    malloc.o(.text) refers (Special) to hguard.o(.text) for __heap$guard
    malloc.o(.text) refers (Special) to init_alloc.o(.text) for _init_alloc
    malloc.o(.text) refers to rt_heap_descriptor_intlibspace.o(.text) for __rt_heap_descriptor
[...]
    .text                                    0x80000620   Section        0  73x_it.o(.text)
    .text                                    0x80000718   Section        0  retarget.o(.text)
    .text                                    0x80000770   Section        0  73x_cfg.o(.text)
    .text                                    0x80000a08   Section        0  73x_uart.o(.text)
    .text                                    0x80000ff8   Section        0  73x_prccu.o(.text)
    .text                                    0x800016e4   Section        0  73x_cmu.o(.text)
    .text                                    0x80001a28   Section      312  bigadd.o(.text)
    .text                                    0x80001b60   Section        0  main.o(.text)
    .text                                    0x80001c80   Section      376  assembly.o(.text)
    .text                                    0x80001df8   Section        0  bigfib.o(.text)
    .text                                    0x80001fa0   Section        4  use_no_semi.o(.text)
    .text                                    0x80001fa4   Section       12  rt_errno_addr_intlibspace.o(.text)
    .text                                    0x80001fb8   Section        0  stats.o(.text)
    .text                                    0x80001fdc   Section        0  h1_alloc.o(.text)
    .text                                    0x80002054   Section        0  h1_free.o(.text)
    .text                                    0x800020a8   Section        0  printf.o(.text)
    .text                                    0x800020c4   Section        0  fprintf.o(.text)
    .text                                    0x800020e4   Section        0  __2printf.o(.text)
    .text                                    0x80002108   Section        0  _printf_dec.o(.text)
    .text                                    0x80002178   Section        0  __printf_flags_ss_wp.o(.text)
    .text                                    0x80002318   Section      384  aeabi_sdiv.o(.text)
    __arm_div8                               0x80002344   ARM Code       0  aeabi_sdiv.o(.text)
    __arm_div5                               0x80002368   ARM Code       0  aeabi_sdiv.o(.text)
    __arm_div2                               0x8000238c   ARM Code       0  aeabi_sdiv.o(.text)
    __arm_div_large                          0x800023c8   ARM Code       0  aeabi_sdiv.o(.text)
    .text                                    0x80002498   Section        0  heapauxi.o(.text)
    .text                                    0x800024a0   Section       12  libspace.o(.text)
    .text                                    0x800024b0   Section       12  rt_heap_descriptor_intlibspace.o(.text)
    .text                                    0x800024bc   Section        0  hguard.o(.text)
    .text                                    0x800024c0   Section        0  init_alloc.o(.text)
    .text                                    0x80002554   Section        0  h1_init.o(.text)
    .text                                    0x80002564   Section        0  h1_stats.o(.text)
    .text                                    0x80002648   Section        0  _printf_pad.o(.text)
    .text                                    0x8000269e   Section        0  _printf_truncate.o(.text)
    .text                                    0x800026ca   Section        0  _printf_str.o(.text)
    .text                                    0x80002722   Section        0  _printf_intcommon.o(.text)
    .text                                    0x800027e4   Section        0  _printf_charcount.o(.text)
    .text                                    0x8000280c   Section        0  _printf_char_file.o(.text)
    .text                                    0x80002838   Section        0  _printf_wctomb.o(.text)
    .text                                    0x80002900   Section        0  _printf_longlong_dec.o(.text)
    .text                                    0x8000297c   Section        0  _printf_oct_int_ll.o(.text)
    _printf_longlong_oct_internal            0x8000297d   Thumb Code     0  _printf_oct_int_ll.o(.text)
    .text                                    0x800029fc   Section        0  _printf_hex_int_ll_ptr.o(.text)
    _printf_hex_common                       0x800029fd   Thumb Code     0  _printf_hex_int_ll_ptr.o(.text)
    .text                                    0x80002aa0   Section       44  rtudiv10.o(.text)
    .text                                    0x80002acc   Section        0  h1_extend.o(.text)
    .text                                    0x80002b08   Section      160  lludiv10.o(.text)
    .text                                    0x80002ba8   Section        0  _printf_fp_dec.o(.text)
    _fp_digits                               0x80002bab   Thumb Code   414  _printf_fp_dec.o(.text)
    .text                                    0x80002fd0   Section        0  _printf_fp_hex.o(.text)
    .text                                    0x800032b0   Section        0  _printf_char_common.o(.text)
    _printf_input_char                       0x800032b1   Thumb Code    10  _printf_char_common.o(.text)
    .text                                    0x800032e8   Section        0  _printf_char.o(.text)
    .text                                    0x80003324   Section        0  _printf_wchar.o(.text)
    .text                                    0x80003356   Section        0  _wcrtomb.o(.text)
    .text                                    0x8000339c   Section        0  defsig_rtmem_outer.o(.text)
    .text                                    0x800033ac   Section       96  sys_stackheap_outer.o(.text)
    .text                                    0x80003410   Section       24  rt_ctype_table.o(.text)
    .text                                    0x8000342c   Section       12  rt_locale_intlibspace.o(.text)
    .text                                    0x80003438   Section        0  _printf_fp_infnan.o(.text)
    .text                                    0x800034c8   Section        0  bigflt0.o(.text)
    .text                                    0x800035a4   Section        0  exit.o(.text)
    .text                                    0x800035b8   Section        0  defsig_exit.o(.text)
    .text                                    0x800035c8   Section        0  defsig_rtmem_inner.o(.text)
    .text                                    0x8000361c   Section        0  defsig_general.o(.text)
    .text                                    0x80003654   Section      244  strcmp.o(.text)
    .text_udiv                               0x8000374c   Section       36  aeabi_sdiv.o(.text_udiv)
    CL$$btod_d2e                             0x80003774   Section       56  btod.o(CL$$btod_d2e)
    CL$$btod_d2e_denorm_low                  0x800037ac   Section       84  btod.o(CL$$btod_d2e_denorm_low)
    CL$$btod_d2e_norm_op1                    0x80003800   Section      104  btod.o(CL$$btod_d2e_norm_op1)
    CL$$btod_div_common                      0x80003868   Section      844  btod.o(CL$$btod_div_common)
    CL$$btod_e2e                             0x80003bb4   Section      244  btod.o(CL$$btod_e2e)
    CL$$btod_ediv                            0x80003cac   Section       56  btod.o(CL$$btod_ediv)
    CL$$btod_emul                            0x80003ce8   Section       56  btod.o(CL$$btod_emul)
    CL$$btod_mult_common                     0x80003d20   Section      616  btod.o(CL$$btod_mult_common)
    DAbt                                     0x80003f88   Section       32  dabt.o(DAbt)
    FIQ                                      0x80003fa8   Section       32  fiq.o(FIQ)
    IRQ                                      0x80003fc8   Section     1476  irq.o(IRQ)
    ReturnAddress                            0x80003fe8   ARM Code       0  irq.o(IRQ)
    PAbt                                     0x8000458c   Section       32  pabt.o(PAbt)
    SWI                                      0x800045ac   Section       48  swi.o(SWI)
    Undef                                    0x800045dc   Section       28  undef.o(Undef)
    i.__ARM_common_call_via_r1               0x80004658   Section        0  __printf.o(i.__ARM_common_call_via_r1)
    i.__ARM_common_call_via_r2               0x8000465a   Section        0  _printf_wctomb.o(i.__ARM_common_call_via_r2)
    i.__ARM_common_call_via_r3               0x8000465c   Section        0  _wcrtomb.o(i.__ARM_common_call_via_r3)
    i.__ARM_common_call_via_r4               0x8000465e   Section        0  h1_stats.o(i.__ARM_common_call_via_r4)
    i.__ARM_common_call_via_r7               0x80004660   Section        0  h1_stats.o(i.__ARM_common_call_via_r7)
    i.__ARM_fpclassify                       0x80004668   Section        0  fpclassify.o(i.__ARM_fpclassify)
    i._is_digit                              0x80004698   Section        0  __printf_wp.o(i._is_digit)
    locale$$code                             0x800046ac   Section       80  lc_numeric_c.o(locale$$code)
    locale$$code                             0x80004700   Section       80  lc_ctype_c.o(locale$$code)
    x$fpl$ieeestatus                         0x80004754   Section        8  istatus.o(x$fpl$ieeestatus)
    x$fpl$printf1                            0x8000475c   Section        4  printf1.o(x$fpl$printf1)
    x$fpl$printf2                            0x80004760   Section        4  printf2.o(x$fpl$printf2)
    .constdata                               0x80004764   Section       17  __printf_flags_ss_wp.o(.constdata)
    x$fpl$usenofp                            0x80004764   Section        0  usenofp.o(x$fpl$usenofp)
    maptable                                 0x80004764   Data          17  __printf_flags_ss_wp.o(.constdata)
    .constdata                               0x80004778   Section        8  _printf_wctomb.o(.constdata)
    initial_mbstate                          0x80004778   Data           8  _printf_wctomb.o(.constdata)
    .constdata                               0x80004780   Section       40  _printf_hex_int_ll_ptr.o(.constdata)
    uc_hextab                                0x80004780   Data          20  _printf_hex_int_ll_ptr.o(.constdata)
    lc_hextab                                0x80004794   Data          20  _printf_hex_int_ll_ptr.o(.constdata)
    .constdata                               0x800047a8   Section       38  _printf_fp_hex.o(.constdata)
    lc_hextab                                0x800047a8   Data          19  _printf_fp_hex.o(.constdata)
    uc_hextab                                0x800047bb   Data          19  _printf_fp_hex.o(.constdata)
    .constdata                               0x800047d0   Section      148  bigflt0.o(.constdata)
    tenpwrs_x                                0x800047d0   Data          60  bigflt0.o(.constdata)
    tenpwrs_i                                0x8000480c   Data          64  bigflt0.o(.constdata)
    locale$$data                             0x80004884   Section       28  lc_numeric_c.o(locale$$data)
    __lcnum_c_name                           0x80004888   Data           2  lc_numeric_c.o(locale$$data)
    __lcnum_c_start                          0x80004890   Data           0  lc_numeric_c.o(locale$$data)
    __lcnum_c_point                          0x8000489c   Data           0  lc_numeric_c.o(locale$$data)
    __lcnum_c_thousands                      0x8000489e   Data           0  lc_numeric_c.o(locale$$data)
    __lcnum_c_grouping                       0x8000489f   Data           0  lc_numeric_c.o(locale$$data)
    locale$$data                             0x800048a0   Section      272  lc_ctype_c.o(locale$$data)
    __lcnum_c_end                            0x800048a0   Data           0  lc_numeric_c.o(locale$$data)
    __lcctype_c_name                         0x800048a4   Data           2  lc_ctype_c.o(locale$$data)
    __lcctype_c_start                        0x800048ac   Data           0  lc_ctype_c.o(locale$$data)
    __lcctype_c_end                          0x800049b0   Data           0  lc_ctype_c.o(locale$$data)
    .data                                    0xa0000000   Section        9  inithw.o(.data)
    .data                                    0xa000000c   Section        4  retarget.o(.data)
    .bss                                     0xa0000010   Section       58  inithw.o(.bss)
    .bss                                     0xa000004c   Section       96  libspace.o(.bss)
    HEAP                                     0xa00000b0   Section     8192  str73x.o(HEAP)
    Heap_Mem                                 0xa00000b0   Data        8192  str73x.o(HEAP)
    STACK                                    0xa00020b0   Section     2304  str73x.o(STACK)
    Stack_Mem                                0xa00020b0   Data        1024  str73x.o(STACK)
    Stack_Top                                0xa00029b0   Data           0  str73x.o(STACK)

    Global Symbols

    Symbol Name                              Value     Ov Type        Size  Object(Section)

    BuildAttributes$$THM_ISAv1$ARM_ISAv4$S$PE$A:L22$X:L11$S22$IEEE1$IW$USESV6$~STKCKD$USESV7$~SHL$OTIME$ROPI$IEEEJ$EBA8$UX$STANDARDLIB$REQ8$PRES8$EABIv2 0x00000000   Number         0  anon$$obj.o ABSOLUTE
    __ARM_use_no_argv                        0x00000000   Number         0  main.o ABSOLUTE
    _printf_flags                            0x00000000   Number         0  printf_stubs.o ABSOLUTE
    _printf_return_value                     0x00000000   Number         0  printf_stubs.o ABSOLUTE
    _printf_sizespec                         0x00000000   Number         0  printf_stubs.o ABSOLUTE
    _printf_widthprec                        0x00000000   Number         0  printf_stubs.o ABSOLUTE
    __ARM_exceptions_init                     - Undefined Weak Reference
    __alloca_initialize                       - Undefined Weak Reference
    __arm_preinit_                            - Undefined Weak Reference
    __cpp_initialize__aeabi_                  - Undefined Weak Reference
    __cxa_finalize                            - Undefined Weak Reference
    __sigvec_lookup                           - Undefined Weak Reference
    __user_heap_extent                        - Undefined Weak Reference
    _atexit_init                              - Undefined Weak Reference
    _call_atexit_fns                          - Undefined Weak Reference
    _clock_init                               - Undefined Weak Reference
    _fp_trap_init                             - Undefined Weak Reference
    _fp_trap_shutdown                         - Undefined Weak Reference
    _get_lc_collate                           - Undefined Weak Reference
    _get_lc_monetary                          - Undefined Weak Reference
    _get_lc_time                              - Undefined Weak Reference
    _getenv_init                              - Undefined Weak Reference
    _handle_redirection                       - Undefined Weak Reference
    _initio                                   - Undefined Weak Reference
    _mutex_acquire                            - Undefined Weak Reference
    _mutex_free                               - Undefined Weak Reference
    _mutex_release                            - Undefined Weak Reference
    _printf_mbtowc                            - Undefined Weak Reference
    _printf_wc                                - Undefined Weak Reference
    _rand_init                                - Undefined Weak Reference
    _signal_finish                            - Undefined Weak Reference
    _signal_init                              - Undefined Weak Reference
    _terminateio                              - Undefined Weak Reference
    Vectors                                  0x80000000   ARM Code       4  str73x.o(Reset)
    PRCCUCMU_Addr                            0x8000011c   Data           4  str73x.o(Reset)
    Reset_Handler                            0x8000021c   ARM Code       0  str73x.o(Reset)
    __main                                   0x80000328   ARM Code       8  __main.o(!!!main)
    __scatterload                            0x80000330   ARM Code       0  __scatter.o(!!!scatter)
    __scatterload_rt2                        0x80000330   ARM Code      52  __scatter.o(!!!scatter)
    __scatterload_null                       0x80000344   ARM Code       0  __scatter.o(!!!scatter)
    __scatterload_copy                       0x8000036c   ARM Code      40  __scatter_copy.o(!!handler_copy)
    __scatterload_zeroinit                   0x80000394   ARM Code      44  __scatter_zi.o(!!handler_zi)
    Inline Thumb to ARM Veneer to _printf_percent 0x800003c1   Thumb Code     4  _printf_percent.o(.ARM.Collect$$_printf_percent$$00000000)
    _printf_n                                0x800003c4   ARM Code       0  _printf_n.o(.ARM.Collect$$_printf_percent$$00000001)
    _printf_percent                          0x800003c4   ARM Code       0  _printf_percent.o(.ARM.Collect$$_printf_percent$$00000000)
    _printf_p                                0x800003cc   ARM Code       0  _printf_p.o(.ARM.Collect$$_printf_percent$$00000002)
    _printf_f                                0x800003d4   ARM Code       0  _printf_f.o(.ARM.Collect$$_printf_percent$$00000003)
    _printf_e                                0x800003dc   ARM Code       0  _printf_e.o(.ARM.Collect$$_printf_percent$$00000004)
    _printf_g                                0x800003e4   ARM Code       0  _printf_g.o(.ARM.Collect$$_printf_percent$$00000005)
    _printf_a                                0x800003ec   ARM Code       0  _printf_a.o(.ARM.Collect$$_printf_percent$$00000006)
    _printf_ll                               0x800003f4   ARM Code       0  _printf_ll.o(.ARM.Collect$$_printf_percent$$00000007)
    _printf_i                                0x80000400   ARM Code       0  _printf_i.o(.ARM.Collect$$_printf_percent$$00000008)
    _printf_d                                0x80000408   ARM Code       0  _printf_d.o(.ARM.Collect$$_printf_percent$$00000009)
    _printf_u                                0x80000410   ARM Code       0  _printf_u.o(.ARM.Collect$$_printf_percent$$0000000A)
    _printf_o                                0x80000418   ARM Code       0  _printf_o.o(.ARM.Collect$$_printf_percent$$0000000B)
    _printf_x                                0x80000420   ARM Code       0  _printf_x.o(.ARM.Collect$$_printf_percent$$0000000C)
    _printf_lli                              0x80000428   ARM Code       0  _printf_lli.o(.ARM.Collect$$_printf_percent$$0000000D)
    _printf_lld                              0x80000430   ARM Code       0  _printf_lld.o(.ARM.Collect$$_printf_percent$$0000000E)
    _printf_llu                              0x80000438   ARM Code       0  _printf_llu.o(.ARM.Collect$$_printf_percent$$0000000F)
    _printf_llo                              0x80000440   ARM Code       0  _printf_llo.o(.ARM.Collect$$_printf_percent$$00000010)
    _printf_llx                              0x80000448   ARM Code       0  _printf_llx.o(.ARM.Collect$$_printf_percent$$00000011)
    _printf_l                                0x80000450   ARM Code       0  _printf_l.o(.ARM.Collect$$_printf_percent$$00000012)
    _printf_c                                0x8000045c   ARM Code       0  _printf_c.o(.ARM.Collect$$_printf_percent$$00000013)
    _printf_s                                0x80000464   ARM Code       0  _printf_s.o(.ARM.Collect$$_printf_percent$$00000014)
    _printf_lc                               0x8000046c   ARM Code       0  _printf_lc.o(.ARM.Collect$$_printf_percent$$00000015)
    _printf_ls                               0x80000474   ARM Code       0  _printf_ls.o(.ARM.Collect$$_printf_percent$$00000016)
    _printf_percent_end                      0x8000047c   ARM Code       0  _printf_percent_end.o(.ARM.Collect$$_printf_percent$$00000017)
    Inline ARM to Thumb Veneer to __rt_lib_init 0x80000484   ARM Code       8  libinit.o(.ARM.Collect$$libinit$$00000000)
    __rt_lib_init                            0x8000048d   Thumb Code     0  libinit.o(.ARM.Collect$$libinit$$00000000)
    __rt_lib_init_fp_1                       0x8000048f   Thumb Code     0  libinit2.o(.ARM.Collect$$libinit$$00000002)
    __rt_lib_init_heap_2                     0x8000048f   Thumb Code     0  libinit2.o(.ARM.Collect$$libinit$$00000005)
    __rt_lib_init_preinit_1                  0x8000048f   Thumb Code     0  libinit2.o(.ARM.Collect$$libinit$$00000004)
    __rt_lib_init_heap_1                     0x80000497   Thumb Code     0  libinit2.o(.ARM.Collect$$libinit$$0000000A)
    __rt_lib_init_lc_common                  0x80000497   Thumb Code     0  libinit2.o(.ARM.Collect$$libinit$$0000000F)
    __rt_lib_init_rand_1                     0x80000497   Thumb Code     0  libinit2.o(.ARM.Collect$$libinit$$0000000E)
    __rt_lib_init_user_alloc_1               0x80000497   Thumb Code     0  libinit2.o(.ARM.Collect$$libinit$$0000000C)
    __rt_lib_init_lc_collate_1               0x8000049d   Thumb Code     0  libinit2.o(.ARM.Collect$$libinit$$00000011)
    __rt_lib_init_lc_ctype_2                 0x8000049d   Thumb Code     0  libinit2.o(.ARM.Collect$$libinit$$00000012)
    __rt_lib_init_lc_ctype_1                 0x800004a9   Thumb Code     0  libinit2.o(.ARM.Collect$$libinit$$00000013)
    __rt_lib_init_lc_monetary_1              0x800004a9   Thumb Code     0  libinit2.o(.ARM.Collect$$libinit$$00000015)
    __rt_lib_init_lc_numeric_2               0x800004a9   Thumb Code     0  libinit2.o(.ARM.Collect$$libinit$$00000016)
    __rt_lib_init_alloca_1                   0x800004b3   Thumb Code     0  libinit2.o(.ARM.Collect$$libinit$$0000002E)
    __rt_lib_init_argv_1                     0x800004b3   Thumb Code     0  libinit2.o(.ARM.Collect$$libinit$$0000002C)
    __rt_lib_init_atexit_1                   0x800004b3   Thumb Code     0  libinit2.o(.ARM.Collect$$libinit$$0000001B)
    __rt_lib_init_clock_1                    0x800004b3   Thumb Code     0  libinit2.o(.ARM.Collect$$libinit$$00000021)
    __rt_lib_init_cpp_1                      0x800004b3   Thumb Code     0  libinit2.o(.ARM.Collect$$libinit$$00000032)
    __rt_lib_init_exceptions_1               0x800004b3   Thumb Code     0  libinit2.o(.ARM.Collect$$libinit$$00000030)
    __rt_lib_init_fp_trap_1                  0x800004b3   Thumb Code     0  libinit2.o(.ARM.Collect$$libinit$$0000001F)
    __rt_lib_init_getenv_1                   0x800004b3   Thumb Code     0  libinit2.o(.ARM.Collect$$libinit$$00000023)
    __rt_lib_init_lc_numeric_1               0x800004b3   Thumb Code     0  libinit2.o(.ARM.Collect$$libinit$$00000017)
    __rt_lib_init_lc_time_1                  0x800004b3   Thumb Code     0  libinit2.o(.ARM.Collect$$libinit$$00000019)
    __rt_lib_init_return                     0x800004b3   Thumb Code     0  libinit2.o(.ARM.Collect$$libinit$$00000033)
    __rt_lib_init_signal_1                   0x800004b3   Thumb Code     0  libinit2.o(.ARM.Collect$$libinit$$0000001D)
    __rt_lib_init_stdio_1                    0x800004b3   Thumb Code     0  libinit2.o(.ARM.Collect$$libinit$$00000025)
    Inline ARM to Thumb Veneer to __rt_lib_shutdown 0x800004c0   ARM Code       8  libshutdown.o(.ARM.Collect$$libshutdown$$00000000)
    __rt_lib_shutdown                        0x800004c9   Thumb Code     0  libshutdown.o(.ARM.Collect$$libshutdown$$00000000)
    __rt_lib_shutdown_cpp_1                  0x800004cd   Thumb Code     0  libshutdown2.o(.ARM.Collect$$libshutdown$$00000002)
    __rt_lib_shutdown_fp_trap_1              0x800004cd   Thumb Code     0  libshutdown2.o(.ARM.Collect$$libshutdown$$00000007)
    __rt_lib_shutdown_heap_1                 0x800004cd   Thumb Code     0  libshutdown2.o(.ARM.Collect$$libshutdown$$0000000F)
    __rt_lib_shutdown_return                 0x800004cd   Thumb Code     0  libshutdown2.o(.ARM.Collect$$libshutdown$$00000010)
    __rt_lib_shutdown_signal_1               0x800004cd   Thumb Code     0  libshutdown2.o(.ARM.Collect$$libshutdown$$0000000A)
    __rt_lib_shutdown_stdio_1                0x800004cd   Thumb Code     0  libshutdown2.o(.ARM.Collect$$libshutdown$$00000004)
    __rt_lib_shutdown_user_alloc_1           0x800004cd   Thumb Code     0  libshutdown2.o(.ARM.Collect$$libshutdown$$0000000C)
    __rt_entry                               0x800004d4   ARM Code       0  __rtentry.o(.ARM.Collect$$rtentry$$00000000)
    __rt_entry_presh_1                       0x800004d4   ARM Code       0  __rtentry2.o(.ARM.Collect$$rtentry$$00000002)
    __rt_entry_sh                            0x800004d4   ARM Code       0  __rtentry4.o(.ARM.Collect$$rtentry$$00000004)
    __rt_entry_li                            0x800004dc   ARM Code       0  __rtentry2.o(.ARM.Collect$$rtentry$$0000000A)
    __rt_entry_postsh_1                      0x800004dc   ARM Code       0  __rtentry2.o(.ARM.Collect$$rtentry$$00000009)
    __rt_entry_main                          0x800004e0   ARM Code       0  __rtentry2.o(.ARM.Collect$$rtentry$$0000000D)
    __rt_entry_postli_1                      0x800004e0   ARM Code       0  __rtentry2.o(.ARM.Collect$$rtentry$$0000000C)
    Inline Thumb to ARM Veneer to __rt_exit  0x80000509   Thumb Code     4  rtexit.o(.ARM.Collect$$rtexit$$00000000)
    __rt_exit                                0x8000050c   ARM Code       0  rtexit.o(.ARM.Collect$$rtexit$$00000000)
    __rt_exit_ls                             0x80000510   ARM Code       0  rtexit2.o(.ARM.Collect$$rtexit$$00000003)
    __rt_exit_prels_1                        0x80000510   ARM Code       0  rtexit2.o(.ARM.Collect$$rtexit$$00000002)
    __rt_exit_exit                           0x80000514   ARM Code       0  rtexit2.o(.ARM.Collect$$rtexit$$00000004)
    __user_initial_stackheap                 0x8000051c   ARM Code       0  str73x.o(.text)
    _maybe_terminate_alloc                   0x8000051d   Thumb Code     0  maybetermalloc1.o(.emb_text)
    InitHwC                                  0x80000540   ARM Code     208  inithw.o(.text)
    Undefined_Handler                        0x80000620   ARM Code       4  73x_it.o(.text)
    SWI_Handler                              0x80000624   ARM Code       4  73x_it.o(.text)
    Prefetch_Handler                         0x80000628   ARM Code       4  73x_it.o(.text)
    Abort_Handler                            0x8000062c   ARM Code       4  73x_it.o(.text)
    PRCCUCMU_IRQHandler                      0x80000630   ARM Code       4  73x_it.o(.text)
    EXTIT01_IRQHandler                       0x80000634   ARM Code       4  73x_it.o(.text)
    EXTIT02_IRQHandler                       0x80000638   ARM Code       4  73x_it.o(.text)
    EXTIT03_IRQHandler                       0x8000063c   ARM Code       4  73x_it.o(.text)
    EXTIT04_IRQHandler                       0x80000640   ARM Code       4  73x_it.o(.text)
    EXTIT05_IRQHandler                       0x80000644   ARM Code       4  73x_it.o(.text)
    EXTIT06_IRQHandler                       0x80000648   ARM Code       4  73x_it.o(.text)
    EXTIT07_IRQHandler                       0x8000064c   ARM Code       4  73x_it.o(.text)
    EXTIT08_IRQHandler                       0x80000650   ARM Code       4  73x_it.o(.text)
    EXTIT09_IRQHandler                       0x80000654   ARM Code       4  73x_it.o(.text)
    EXTIT10_IRQHandler                       0x80000658   ARM Code       4  73x_it.o(.text)
    EXTIT11_IRQHandler                       0x8000065c   ARM Code       4  73x_it.o(.text)
    EXTIT12_IRQHandler                       0x80000660   ARM Code       4  73x_it.o(.text)
    EXTIT13_IRQHandler                       0x80000664   ARM Code       4  73x_it.o(.text)
    EXTIT14_IRQHandler                       0x80000668   ARM Code       4  73x_it.o(.text)
    EXTIT15_IRQHandler                       0x8000066c   ARM Code       4  73x_it.o(.text)
    DMATRERR_IRQHandler                      0x80000670   ARM Code       4  73x_it.o(.text)
    TIM1_IRQHandler                          0x80000674   ARM Code       4  73x_it.o(.text)
    TIM2_IRQHandler                          0x80000678   ARM Code       4  73x_it.o(.text)
    TIM3_IRQHandler                          0x8000067c   ARM Code       4  73x_it.o(.text)
    TIM4_IRQHandler                          0x80000680   ARM Code       4  73x_it.o(.text)
    TB0_IRQHandler                           0x80000684   ARM Code       4  73x_it.o(.text)
    TB1_IRQHandler                           0x80000688   ARM Code       4  73x_it.o(.text)
    TB2_IRQHandler                           0x8000068c   ARM Code       4  73x_it.o(.text)
    TIM5_IRQHandler                          0x80000690   ARM Code       4  73x_it.o(.text)
    TIM6_IRQHandler                          0x80000694   ARM Code       4  73x_it.o(.text)
    TIM7_IRQHandler                          0x80000698   ARM Code       4  73x_it.o(.text)
    TIM8_IRQHandler                          0x8000069c   ARM Code       4  73x_it.o(.text)
    TIM9_IRQHandler                          0x800006a0   ARM Code       4  73x_it.o(.text)
    UART2_IRQHandler                         0x800006a4   ARM Code       4  73x_it.o(.text)
    UART3_IRQHandler                         0x800006a8   ARM Code       4  73x_it.o(.text)
    FLASHEOP_IRQHandler                      0x800006ac   ARM Code       4  73x_it.o(.text)
    PWM0_IRQHandler                          0x800006b0   ARM Code       4  73x_it.o(.text)
    PWM1_IRQHandler                          0x800006b4   ARM Code       4  73x_it.o(.text)
    PWM2_IRQHandler                          0x800006b8   ARM Code       4  73x_it.o(.text)
    PWM3_IRQHandler                          0x800006bc   ARM Code       4  73x_it.o(.text)
    PWM4_IRQHandler                          0x800006c0   ARM Code       4  73x_it.o(.text)
    PWM5_IRQHandler                          0x800006c4   ARM Code       4  73x_it.o(.text)
    WIU_IRQHandler                           0x800006c8   ARM Code       4  73x_it.o(.text)
    WDGWUT_IRQHandler                        0x800006cc   ARM Code       4  73x_it.o(.text)
    BSPI0_IRQHandler                         0x800006d0   ARM Code       4  73x_it.o(.text)
    BSPI1_IRQHandler                         0x800006d4   ARM Code       4  73x_it.o(.text)
    BSPI2_IRQHandler                         0x800006d8   ARM Code       4  73x_it.o(.text)
    UART0_IRQHandler                         0x800006dc   ARM Code       4  73x_it.o(.text)
    UART1_IRQHandler                         0x800006e0   ARM Code       4  73x_it.o(.text)
    I2C0ITERR_IRQHandler                     0x800006e4   ARM Code       4  73x_it.o(.text)
    I2C1ITERR_IRQHandler                     0x800006e8   ARM Code       4  73x_it.o(.text)
    I2C0ITDDC_IRQHandler                     0x800006ec   ARM Code       4  73x_it.o(.text)
    I2C1ITDDC_IRQHandler                     0x800006f0   ARM Code       4  73x_it.o(.text)
    CAN0_IRQHandler                          0x800006f4   ARM Code       4  73x_it.o(.text)
    CAN1_IRQHandler                          0x800006f8   ARM Code       4  73x_it.o(.text)
    CAN2_IRQHandler                          0x800006fc   ARM Code       4  73x_it.o(.text)
    DMA0_IRQHandler                          0x80000700   ARM Code       4  73x_it.o(.text)
    DMA1_IRQHandler                          0x80000704   ARM Code       4  73x_it.o(.text)
    DMA2_IRQHandler                          0x80000708   ARM Code       4  73x_it.o(.text)
    DMA3_IRQHandler                          0x8000070c   ARM Code       4  73x_it.o(.text)
    ADC_IRQHandler                           0x80000710   ARM Code       4  73x_it.o(.text)
    RTC_IRQHandler                           0x80000714   ARM Code       4  73x_it.o(.text)
    fputc                                    0x80000718   ARM Code      36  retarget.o(.text)
    ferror                                   0x8000073c   ARM Code      12  retarget.o(.text)
    _ttywrch                                 0x80000748   ARM Code      28  retarget.o(.text)
    _sys_exit                                0x80000764   ARM Code       8  retarget.o(.text)
    CFG_PeripheralClockConfig                0x80000770   ARM Code     180  73x_cfg.o(.text)
    CFG_EmulationPeripheralClockConfig       0x80000824   ARM Code     180  73x_cfg.o(.text)
    CFG_RemapConfig                          0x800008d8   ARM Code      56  73x_cfg.o(.text)
    CFG_PeripheralClockStop                  0x80000910   ARM Code      68  73x_cfg.o(.text)
    CFG_PeripheralClockStart                 0x80000954   ARM Code      96  73x_cfg.o(.text)
    CFG_FlagStatus                           0x800009b4   ARM Code      40  73x_cfg.o(.text)
    CFG_DeviceID                             0x800009dc   ARM Code      12  73x_cfg.o(.text)
    CFG_FlashPowerOnDelay                    0x800009e8   ARM Code      32  73x_cfg.o(.text)
    UART_DeInit                              0x80000a08   ARM Code     156  73x_uart.o(.text)
    UART_StructInit                          0x80000aa4   ARM Code      40  73x_uart.o(.text)
    UART_Init                                0x80000acc   ARM Code     264  73x_uart.o(.text)
    UART_ByteBufferSend                      0x80000bd4   ARM Code     128  73x_uart.o(.text)
    UART_9BitByteBufferSend                  0x80000c54   ARM Code     128  73x_uart.o(.text)
    UART_StringSend                          0x80000cd4   ARM Code     168  73x_uart.o(.text)
    UART_ByteBufferReceive                   0x80000d7c   ARM Code     148  73x_uart.o(.text)
    UART_9BitBufferReceive                   0x80000e10   ARM Code     152  73x_uart.o(.text)
    UART_StringReceive                       0x80000ea8   ARM Code     100  73x_uart.o(.text)
    UART_SetTimeOutValue                     0x80000f0c   ARM Code       8  73x_uart.o(.text)
    UART_ByteReceive                         0x80000f14   ARM Code      16  73x_uart.o(.text)
    UART_9BitReceive                         0x80000f24   ARM Code      12  73x_uart.o(.text)
    UART_ByteSend                            0x80000f30   ARM Code       8  73x_uart.o(.text)
    UART_9BitSend                            0x80000f38   ARM Code       8  73x_uart.o(.text)
    UART_Cmd                                 0x80000f40   ARM Code      44  73x_uart.o(.text)
    UART_FifoReset                           0x80000f6c   ARM Code      36  73x_uart.o(.text)
    UART_ITConfig                            0x80000f90   ARM Code      40  73x_uart.o(.text)
    UART_FlagStatus                          0x80000fb8   ARM Code      36  73x_uart.o(.text)
    PRCCU_Init                               0x80000ff8   ARM Code     548  73x_prccu.o(.text)
    PRCCU_DeInit                             0x8000121c   ARM Code      56  73x_prccu.o(.text)
    PRCCU_StructInit                         0x80001254   ARM Code      40  73x_prccu.o(.text)
    PRCCU_GetFrequencyValue                  0x8000127c   ARM Code     340  73x_prccu.o(.text)
    PRCCU_SetExtClkDiv                       0x800013d0   ARM Code      40  73x_prccu.o(.text)
    PRCCU_EnterLPM                           0x800013f8   ARM Code     192  73x_prccu.o(.text)
    PRCCU_ITConfig                           0x800014b8   ARM Code      56  73x_prccu.o(.text)
    PRCCU_FlagStatus                         0x800014f0   ARM Code      84  73x_prccu.o(.text)
    PRCCU_FlagClear                          0x80001544   ARM Code      32  73x_prccu.o(.text)
    PRCCU_SwResetGenerate                    0x80001564   ARM Code      44  73x_prccu.o(.text)
    PRCCU_VRCmd                              0x80001590   ARM Code     176  73x_prccu.o(.text)
    PRCCU_LPVRCurrentConfig                  0x80001640   ARM Code     136  73x_prccu.o(.text)
    CMU_DeInit                               0x800016e4   ARM Code      72  73x_cmu.o(.text)
    CMU_StructInit                           0x8000172c   ARM Code      48  73x_cmu.o(.text)
    CMU_Lock                                 0x8000175c   ARM Code      48  73x_cmu.o(.text)
    CMU_Init                                 0x8000178c   ARM Code     188  73x_cmu.o(.text)
    CMU_GetOSCFrequency                      0x80001848   ARM Code      56  73x_cmu.o(.text)
    CMU_ModeOscConfig                        0x80001880   ARM Code     172  73x_cmu.o(.text)
    CMU_StopOscConfig                        0x8000192c   ARM Code      24  73x_cmu.o(.text)
    CMU_ResetConfig                          0x80001944   ARM Code      60  73x_cmu.o(.text)
    CMU_ITConfig                             0x80001980   ARM Code      56  73x_cmu.o(.text)
    CMU_FlagStatus                           0x800019b8   ARM Code      40  73x_cmu.o(.text)
    CMU_ITClear                              0x800019e0   ARM Code      24  73x_cmu.o(.text)
    CMU_FlagClear                            0x800019f8   ARM Code      24  73x_cmu.o(.text)
    bigAdd                                   0x80001a28   ARM Code       4  bigadd.o(.text)
    halt                                     0x80001b60   ARM Code       8  main.o(.text)
    FibCalc                                  0x80001b68   ARM Code     144  main.o(.text)
    main                                     0x80001bf8   ARM Code      40  main.o(.text)
    LoopFnc                                  0x80001c80   ARM Code       0  assembly.o(.text)
    InitHwAssembly                           0x80001c84   ARM Code       0  assembly.o(.text)
    FIQ_Init                                 0x80001dc8   ARM Code       0  assembly.o(.text)
    FIQ_Handler                              0x80001dd4   ARM Code       0  assembly.o(.text)
    bigFib                                   0x80001df8   ARM Code     416  bigfib.o(.text)
    __I$use$semihosting                      0x80001fa0   ARM Code       0  use_no_semi.o(.text)
    __use_no_semihosting_swi                 0x80001fa0   ARM Code       4  use_no_semi.o(.text)
    __aeabi_errno_addr                       0x80001fa4   ARM Code      12  rt_errno_addr_intlibspace.o(.text)
    __errno$intlibspace                      0x80001fa4   ARM Code       0  rt_errno_addr_intlibspace.o(.text)
    __rt_errno_addr$intlibspace              0x80001fa4   ARM Code       0  rt_errno_addr_intlibspace.o(.text)
    Inline ARM to Thumb Veneer to __heapstats 0x80001fb0   ARM Code       8  stats.o(.text)
    __heapstats                              0x80001fb9   Thumb Code    26  stats.o(.text)
    Inline ARM to Thumb Veneer to malloc     0x80001fd4   ARM Code       8  h1_alloc.o(.text)
    malloc                                   0x80001fdd   Thumb Code   110  h1_alloc.o(.text)
    Inline ARM to Thumb Veneer to free       0x8000204c   ARM Code       8  h1_free.o(.text)
    free                                     0x80002055   Thumb Code    84  h1_free.o(.text)
    printf                                   0x800020a9   Thumb Code    22  printf.o(.text)
    fprintf                                  0x800020c5   Thumb Code    22  fprintf.o(.text)
    Inline ARM to Thumb Veneer to __2printf  0x800020dc   ARM Code       8  __2printf.o(.text)
    __2printf                                0x800020e5   Thumb Code    22  __2printf.o(.text)
    Inline ARM to Thumb Veneer to _printf_int_dec 0x80002100   ARM Code       8  _printf_dec.o(.text)
    _printf_int_dec                          0x80002109   Thumb Code    94  _printf_dec.o(.text)
    __printf                                 0x80002179   Thumb Code   406  __printf_flags_ss_wp.o(.text)
    Inline Thumb to ARM Veneer to __aeabi_idivmod 0x80002315   Thumb Code     4  aeabi_sdiv.o(.text)
    __aeabi_idiv                             0x80002318   ARM Code       0  aeabi_sdiv.o(.text)
    __aeabi_idivmod                          0x80002318   ARM Code     384  aeabi_sdiv.o(.text)
    __use_two_region_memory                  0x80002499   Thumb Code     2  heapauxi.o(.text)
    __rt_heap_escrow                         0x8000249b   Thumb Code     2  heapauxi.o(.text)
    __rt_heap_expand                         0x8000249d   Thumb Code     2  heapauxi.o(.text)
    __user_libspace                          0x800024a0   ARM Code      12  libspace.o(.text)
    __user_perproc_libspace                  0x800024a0   ARM Code       0  libspace.o(.text)
    __user_perthread_libspace                0x800024a0   ARM Code       0  libspace.o(.text)
    Inline Thumb to ARM Veneer to __rt_heap_descriptor 0x800024ad   Thumb Code     4  rt_heap_descriptor_intlibspace.o(.text)
    __rt_heap_descriptor                     0x800024b0   ARM Code      12  rt_heap_descriptor_intlibspace.o(.text)
    __use_no_heap                            0x800024bd   Thumb Code     2  hguard.o(.text)
    __heap$guard                             0x800024bf   Thumb Code     2  hguard.o(.text)
    _terminate_user_alloc                    0x800024c1   Thumb Code     2  init_alloc.o(.text)
    _init_user_alloc                         0x800024c3   Thumb Code     2  init_alloc.o(.text)
    __Heap_Full                              0x800024c5   Thumb Code    36  init_alloc.o(.text)
    __Heap_Broken                            0x800024e9   Thumb Code    14  init_alloc.o(.text)
    _init_alloc                              0x800024f7   Thumb Code    94  init_alloc.o(.text)
    __Heap_Initialize                        0x80002555   Thumb Code    10  h1_init.o(.text)
    __Heap_DescSize                          0x8000255f   Thumb Code     4  h1_init.o(.text)
    __Heap_Stats                             0x80002565   Thumb Code   156  h1_stats.o(.text)
    _printf_pre_padding                      0x80002649   Thumb Code    50  _printf_pad.o(.text)
    _printf_post_padding                     0x8000267b   Thumb Code    36  _printf_pad.o(.text)
    _printf_truncate_signed                  0x8000269f   Thumb Code    22  _printf_truncate.o(.text)
    _printf_truncate_unsigned                0x800026b5   Thumb Code    22  _printf_truncate.o(.text)
    _printf_str                              0x800026cb   Thumb Code    88  _printf_str.o(.text)
    _printf_int_common                       0x80002723   Thumb Code   186  _printf_intcommon.o(.text)
    Inline ARM to Thumb Veneer to _printf_charcount 0x800027dc   ARM Code       8  _printf_charcount.o(.text)
    _printf_charcount                        0x800027e5   Thumb Code    38  _printf_charcount.o(.text)
    _printf_char_file                        0x8000280d   Thumb Code    38  _printf_char_file.o(.text)
    _printf_wctomb                           0x80002839   Thumb Code   188  _printf_wctomb.o(.text)
    Inline ARM to Thumb Veneer to _printf_longlong_dec 0x800028f8   ARM Code       8  _printf_longlong_dec.o(.text)
    _printf_longlong_dec                     0x80002901   Thumb Code    98  _printf_longlong_dec.o(.text)
    Inline ARM to Thumb Veneer to _printf_int_oct 0x80002974   ARM Code       8  _printf_oct_int_ll.o(.text)
    _printf_longlong_oct                     0x8000297d   Thumb Code    72  _printf_oct_int_ll.o(.text)
    _printf_int_oct                          0x800029c5   Thumb Code    28  _printf_oct_int_ll.o(.text)
    _printf_ll_oct                           0x800029e1   Thumb Code    10  _printf_oct_int_ll.o(.text)
    Inline ARM to Thumb Veneer to _printf_hex_ptr 0x800029f4   ARM Code       8  _printf_hex_int_ll_ptr.o(.text)
    _printf_longlong_hex                     0x800029fd   Thumb Code    92  _printf_hex_int_ll_ptr.o(.text)
    _printf_int_hex                          0x80002a59   Thumb Code    32  _printf_hex_int_ll_ptr.o(.text)
    _printf_ll_hex                           0x80002a79   Thumb Code    10  _printf_hex_int_ll_ptr.o(.text)
    _printf_hex_ptr                          0x80002a83   Thumb Code    22  _printf_hex_int_ll_ptr.o(.text)
    Inline Thumb to ARM Veneer to __rt_udiv10 0x80002a9d   Thumb Code     4  rtudiv10.o(.text)
    __rt_udiv10                              0x80002aa0   ARM Code      44  rtudiv10.o(.text)
    __Heap_ProvideMemory                     0x80002acd   Thumb Code    56  h1_extend.o(.text)
    Inline Thumb to ARM Veneer to _ll_udiv10 0x80002b05   Thumb Code     4  lludiv10.o(.text)
    _ll_udiv10                               0x80002b08   ARM Code     160  lludiv10.o(.text)
    __lib_sel_fp_printf                      0x80002ba9   Thumb Code     2  _printf_fp_dec.o(.text)
    _printf_fp_dec_real                      0x80002d49   Thumb Code   628  _printf_fp_dec.o(.text)
    Inline ARM to Thumb Veneer to _printf_fp_hex_real 0x80002fc8   ARM Code       8  _printf_fp_hex.o(.text)
    _printf_fp_hex_real                      0x80002fd1   Thumb Code   728  _printf_fp_hex.o(.text)
    _printf_char_common                      0x800032bb   Thumb Code    34  _printf_char_common.o(.text)
    Inline ARM to Thumb Veneer to _printf_char 0x800032e0   ARM Code       8  _printf_char.o(.text)
    _printf_cs_common                        0x800032e9   Thumb Code    26  _printf_char.o(.text)
    _printf_char                             0x80003303   Thumb Code    16  _printf_char.o(.text)
    _printf_string                           0x80003313   Thumb Code     8  _printf_char.o(.text)
    Inline ARM to Thumb Veneer to _printf_wchar 0x8000331c   ARM Code       8  _printf_wchar.o(.text)
    _printf_lcs_common                       0x80003325   Thumb Code    26  _printf_wchar.o(.text)
    _printf_wchar                            0x8000333f   Thumb Code    16  _printf_wchar.o(.text)
    _printf_wstring                          0x8000334f   Thumb Code     8  _printf_wchar.o(.text)
    _wcrtomb                                 0x80003357   Thumb Code    70  _wcrtomb.o(.text)
    __rt_SIGRTMEM                            0x8000339d   Thumb Code    16  defsig_rtmem_outer.o(.text)
    __user_setup_stackheap                   0x800033ac   ARM Code      96  sys_stackheap_outer.o(.text)
    Inline Thumb to ARM Veneer to __rt_ctype_table 0x8000340d   Thumb Code     4  rt_ctype_table.o(.text)
    __rt_ctype_table                         0x80003410   ARM Code      24  rt_ctype_table.o(.text)
    Inline Thumb to ARM Veneer to __rt_locale 0x80003429   Thumb Code     4  rt_locale_intlibspace.o(.text)
    __rt_locale                              0x8000342c   ARM Code      12  rt_locale_intlibspace.o(.text)
    _printf_fp_infnan                        0x80003439   Thumb Code   128  _printf_fp_infnan.o(.text)
    _btod_etento                             0x800034c9   Thumb Code   214  bigflt0.o(.text)
    exit                                     0x800035a5   Thumb Code    20  exit.o(.text)
    __sig_exit                               0x800035b9   Thumb Code    16  defsig_exit.o(.text)
    __rt_SIGRTMEM_inner                      0x800035c9   Thumb Code    26  defsig_rtmem_inner.o(.text)
    __default_signal_display                 0x8000361d   Thumb Code    56  defsig_general.o(.text)
    strcmp                                   0x80003654   ARM Code     240  strcmp.o(.text)
    Inline Thumb to ARM Veneer to __aeabi_uidivmod 0x80003749   Thumb Code     4  aeabi_sdiv.o(.text_udiv)
    __aeabi_uidiv                            0x8000374c   ARM Code       0  aeabi_sdiv.o(.text_udiv)
    __aeabi_uidivmod                         0x8000374c   ARM Code      36  aeabi_sdiv.o(.text_udiv)
    Inline Thumb to ARM Veneer to _btod_d2e  0x80003771   Thumb Code     4  btod.o(CL$$btod_d2e)
    _btod_d2e                                0x80003774   ARM Code      56  btod.o(CL$$btod_d2e)
    _d2e_denorm_low                          0x800037ac   ARM Code      84  btod.o(CL$$btod_d2e_denorm_low)
    _d2e_norm_op1                            0x80003800   ARM Code     104  btod.o(CL$$btod_d2e_norm_op1)
    __btod_div_common                        0x80003868   ARM Code     716  btod.o(CL$$btod_div_common)
    _e2e                                     0x80003bb4   ARM Code     244  btod.o(CL$$btod_e2e)
    Inline Thumb to ARM Veneer to _btod_ediv 0x80003ca9   Thumb Code     4  btod.o(CL$$btod_ediv)
    _btod_ediv                               0x80003cac   ARM Code      56  btod.o(CL$$btod_ediv)
    Inline Thumb to ARM Veneer to _btod_emul 0x80003ce5   Thumb Code     4  btod.o(CL$$btod_emul)
    _btod_emul                               0x80003ce8   ARM Code      56  btod.o(CL$$btod_emul)
    __btod_mult_common                       0x80003d20   ARM Code     616  btod.o(CL$$btod_mult_common)
    DAbtHandler                              0x80003f88   ARM Code       0  dabt.o(DAbt)
    FIQHandler                               0x80003fa8   ARM Code       0  fiq.o(FIQ)
    IRQHandler                               0x80003fc8   ARM Code       0  irq.o(IRQ)
    PRCCUCMUIRQHandler                       0x80004014   ARM Code       0  irq.o(IRQ)
    EXTIT01IRQHandler                        0x8000402c   ARM Code       0  irq.o(IRQ)
    EXTIT02IRQHandler                        0x80004044   ARM Code       0  irq.o(IRQ)
    EXTIT03IRQHandler                        0x8000405c   ARM Code       0  irq.o(IRQ)
    EXTIT04IRQHandler                        0x80004074   ARM Code       0  irq.o(IRQ)
    EXTIT05IRQHandler                        0x8000408c   ARM Code       0  irq.o(IRQ)
    EXTIT06IRQHandler                        0x800040a4   ARM Code       0  irq.o(IRQ)
    EXTIT07IRQHandler                        0x800040bc   ARM Code       0  irq.o(IRQ)
    EXTIT08IRQHandler                        0x800040d4   ARM Code       0  irq.o(IRQ)
    EXTIT09IRQHandler                        0x800040ec   ARM Code       0  irq.o(IRQ)
    EXTIT10IRQHandler                        0x80004104   ARM Code       0  irq.o(IRQ)
    EXTIT11IRQHandler                        0x8000411c   ARM Code       0  irq.o(IRQ)
    EXTIT12IRQHandler                        0x80004134   ARM Code       0  irq.o(IRQ)
    EXTIT13IRQHandler                        0x8000414c   ARM Code       0  irq.o(IRQ)
    EXTIT14IRQHandler                        0x80004164   ARM Code       0  irq.o(IRQ)
    EXTIT15IRQHandler                        0x8000417c   ARM Code       0  irq.o(IRQ)
    DMATRERRIRQHandler                       0x80004194   ARM Code       0  irq.o(IRQ)
    TIM1IRQHandler                           0x800041ac   ARM Code       0  irq.o(IRQ)
    TIM2IRQHandler                           0x800041c4   ARM Code       0  irq.o(IRQ)
    TIM3IRQHandler                           0x800041dc   ARM Code       0  irq.o(IRQ)
    TIM4IRQHandler                           0x800041f4   ARM Code       0  irq.o(IRQ)
    TB0IRQHandler                            0x8000420c   ARM Code       0  irq.o(IRQ)
    TB1IRQHandler                            0x80004224   ARM Code       0  irq.o(IRQ)
    TB2IRQHandler                            0x8000423c   ARM Code       0  irq.o(IRQ)
    TIM5IRQHandler                           0x80004254   ARM Code       0  irq.o(IRQ)
    TIM6IRQHandler                           0x8000426c   ARM Code       0  irq.o(IRQ)
    TIM7IRQHandler                           0x80004284   ARM Code       0  irq.o(IRQ)
    TIM8IRQHandler                           0x8000429c   ARM Code       0  irq.o(IRQ)
    TIM9IRQHandler                           0x800042b4   ARM Code       0  irq.o(IRQ)
    UART2IRQHandler                          0x800042cc   ARM Code       0  irq.o(IRQ)
    UART3IRQHandler                          0x800042e4   ARM Code       0  irq.o(IRQ)
    FLASHEOPIRQHandler                       0x800042fc   ARM Code       0  irq.o(IRQ)
    PWM0IRQHandler                           0x80004314   ARM Code       0  irq.o(IRQ)
    PWM1IRQHandler                           0x8000432c   ARM Code       0  irq.o(IRQ)
    PWM2IRQHandler                           0x80004344   ARM Code       0  irq.o(IRQ)
    PWM3IRQHandler                           0x8000435c   ARM Code       0  irq.o(IRQ)
    PWM4IRQHandler                           0x80004374   ARM Code       0  irq.o(IRQ)
    PWM5IRQHandler                           0x8000438c   ARM Code       0  irq.o(IRQ)
    WIUIRQHandler                            0x800043a4   ARM Code       0  irq.o(IRQ)
    WDGWUTIRQHandler                         0x800043bc   ARM Code       0  irq.o(IRQ)
    BSPI0IRQHandler                          0x800043d4   ARM Code       0  irq.o(IRQ)
    BSPI1IRQHandler                          0x800043ec   ARM Code       0  irq.o(IRQ)
    BSPI2IRQHandler                          0x80004404   ARM Code       0  irq.o(IRQ)
    UART0IRQHandler                          0x8000441c   ARM Code       0  irq.o(IRQ)
    UART1IRQHandler                          0x80004434   ARM Code       0  irq.o(IRQ)
    I2C0ITERRIRQHandler                      0x8000444c   ARM Code       0  irq.o(IRQ)
    I2C1ITERRIRQHandler                      0x80004464   ARM Code       0  irq.o(IRQ)
    I2C0ITDDCIRQHandler                      0x8000447c   ARM Code       0  irq.o(IRQ)
    I2C1ITDDCIRQHandler                      0x80004494   ARM Code       0  irq.o(IRQ)
    CAN0IRQHandler                           0x800044ac   ARM Code       0  irq.o(IRQ)
    CAN1IRQHandler                           0x800044c4   ARM Code       0  irq.o(IRQ)
    CAN2IRQHandler                           0x800044dc   ARM Code       0  irq.o(IRQ)
    DMA0IRQHandler                           0x800044f4   ARM Code       0  irq.o(IRQ)
    DMA1IRQHandler                           0x8000450c   ARM Code       0  irq.o(IRQ)
    DMA2IRQHandler                           0x80004524   ARM Code       0  irq.o(IRQ)
    DMA3IRQHandler                           0x8000453c   ARM Code       0  irq.o(IRQ)
    ADCIRQHandler                            0x80004554   ARM Code       0  irq.o(IRQ)
    RTCIRQHandler                            0x8000456c   ARM Code       0  irq.o(IRQ)
    PAbtHandler                              0x8000458c   ARM Code       0  pabt.o(PAbt)
    SWIHandler                               0x800045ac   ARM Code       0  swi.o(SWI)
    UndefHandler                             0x800045dc   ARM Code       0  undef.o(Undef)
    Long ARM to Thumb Veneer to _printf_int_hex 0x800045f8   ARM Code      12  anon$$obj.o(Veneer$$Code)
    Long ARM to Thumb Veneer to _printf_ll_oct 0x80004604   ARM Code      12  anon$$obj.o(Veneer$$Code)
    Long ARM to Thumb Veneer to _printf_ll_hex 0x80004610   ARM Code      12  anon$$obj.o(Veneer$$Code)
    Long ARM to Thumb Veneer to _printf_string 0x8000461c   ARM Code      12  anon$$obj.o(Veneer$$Code)
    Long ARM to Thumb Veneer to _printf_wstring 0x80004628   ARM Code      12  anon$$obj.o(Veneer$$Code)
    Short Thumb to ARM Veneer to ferror      0x80004635   Thumb Code     8  anon$$obj.o(Veneer$$Code)
    Short Thumb to ARM Veneer to _sys_exit   0x8000463d   Thumb Code     8  anon$$obj.o(Veneer$$Code)
    Short Thumb to ARM Veneer to _ttywrch    0x80004645   Thumb Code     8  anon$$obj.o(Veneer$$Code)
    Long ARM to Thumb Veneer to _printf_fp_dec_real 0x8000464c   ARM Code      12  anon$$obj.o(Veneer$$Code)
    __ARM_common_call_via_r1                 0x80004659   Thumb Code     2  __printf.o(i.__ARM_common_call_via_r1)
    __ARM_common_call_via_r2                 0x8000465b   Thumb Code     2  _printf_wctomb.o(i.__ARM_common_call_via_r2)
    __ARM_common_call_via_r3                 0x8000465d   Thumb Code     2  _wcrtomb.o(i.__ARM_common_call_via_r3)
    __ARM_common_call_via_r4                 0x8000465f   Thumb Code     2  h1_stats.o(i.__ARM_common_call_via_r4)
    __ARM_common_call_via_r7                 0x80004661   Thumb Code     2  h1_stats.o(i.__ARM_common_call_via_r7)
    Inline Thumb to ARM Veneer to __ARM_fpclassify 0x80004665   Thumb Code     4  fpclassify.o(i.__ARM_fpclassify)
    __ARM_fpclassify                         0x80004668   ARM Code      48  fpclassify.o(i.__ARM_fpclassify)
    _is_digit                                0x80004699   Thumb Code    14  __printf_wp.o(i._is_digit)
    Inline Thumb to ARM Veneer to _get_lc_numeric 0x800046a9   Thumb Code     4  lc_numeric_c.o(locale$$code)
    _get_lc_numeric                          0x800046ac   ARM Code      80  lc_numeric_c.o(locale$$code)
    Inline Thumb to ARM Veneer to _get_lc_ctype 0x800046fd   Thumb Code     4  lc_ctype_c.o(locale$$code)
    _get_lc_ctype                            0x80004700   ARM Code      80  lc_ctype_c.o(locale$$code)
    Inline Thumb to ARM Veneer to __ieee_status 0x80004751   Thumb Code     4  istatus.o(x$fpl$ieeestatus)
    __ieee_status                            0x80004754   ARM Code       8  istatus.o(x$fpl$ieeestatus)
    _printf_fp_dec                           0x8000475c   ARM Code       4  printf1.o(x$fpl$printf1)
    _printf_fp_hex                           0x80004760   ARM Code       4  printf2.o(x$fpl$printf2)
    __I$use$fp                               0x80004764   Number         0  usenofp.o(x$fpl$usenofp)
    Region$$Table$$Base                      0x80004864   Number         0  anon$$obj.o(Region$$Table)
    Region$$Table$$Limit                     0x80004884   Number         0  anon$$obj.o(Region$$Table)
    __ctype                                  0x800048ad   Data           0  lc_ctype_c.o(locale$$data)
    GPIO_InitStruct                          0xa0000000   Data           4  inithw.o(.data)
    PRCCU_InitStruct                         0xa0000004   Data           5  inithw.o(.data)
    __stdout                                 0xa000000c   Data           4  retarget.o(.data)
    UART_InitStruct                          0xa0000010   Data          16  inithw.o(.bss)
    TIM_InitStructure                        0xa0000020   Data          30  inithw.o(.bss)
    CMU_InitStruct                           0xa000003e   Data          12  inithw.o(.bss)
    __libspace_start                         0xa000004c   Data          96  libspace.o(.bss)
    __temporary_stack_top$libspace           0xa00000ac   Data           0  libspace.o(.bss)



==============================================================================

Memory Map of the image

  Image Entry point : 0x80000328

  Load Region LR_IROM1 (Base: 0x80000000, Size: 0x000049c0, Max: 0x00040000, ABSOLUTE)

    Execution Region ER_IROM1 (Exec base: 0x80000000, Load base: 0x80000000, Size: 0x000049b0, Max: 0x00040000, ABSOLUTE)

    Exec Addr    Load Addr    Size         Type   Attr      Idx    E Section Name        Object

    0x80000000   0x80000000   0x00000328   Code   RO            3    Reset               str73x.o
    0x80000328   0x80000328   0x00000008   Code   RO          436  * !!!main             c_t.l(__main.o)
    0x80000330   0x80000330   0x0000003c   Code   RO          792    !!!scatter          c_t.l(__scatter.o)
    0x8000036c   0x8000036c   0x00000028   Code   RO          794    !!handler_copy      c_t.l(__scatter_copy.o)
    0x80000394   0x80000394   0x0000002c   Code   RO          796    !!handler_zi        c_t.l(__scatter_zi.o)
    0x800003c0   0x800003c0   0x00000004   Ven    RO          417    .ARM.Collect$$_printf_percent$$00000000  c_t.l(_printf_percent.o)
    0x800003c4   0x800003c4   0x00000000   Code   RO          417    .ARM.Collect$$_printf_percent$$00000000  c_t.l(_printf_percent.o)
    0x800003c4   0x800003c4   0x00000008   Code   RO          528    .ARM.Collect$$_printf_percent$$00000001  c_t.l(_printf_n.o)
    0x800003cc   0x800003cc   0x00000008   Code   RO          530    .ARM.Collect$$_printf_percent$$00000002  c_t.l(_printf_p.o)
    0x800003d4   0x800003d4   0x00000008   Code   RO          533    .ARM.Collect$$_printf_percent$$00000003  c_t.l(_printf_f.o)
    0x800003dc   0x800003dc   0x00000008   Code   RO          534    .ARM.Collect$$_printf_percent$$00000004  c_t.l(_printf_e.o)
    0x800003e4   0x800003e4   0x00000008   Code   RO          535    .ARM.Collect$$_printf_percent$$00000005  c_t.l(_printf_g.o)
    0x800003ec   0x800003ec   0x00000008   Code   RO          536    .ARM.Collect$$_printf_percent$$00000006  c_t.l(_printf_a.o)
    0x800003f4   0x800003f4   0x0000000c   Code   RO          541    .ARM.Collect$$_printf_percent$$00000007  c_t.l(_printf_ll.o)
    0x80000400   0x80000400   0x00000008   Code   RO          532    .ARM.Collect$$_printf_percent$$00000008  c_t.l(_printf_i.o)
    0x80000408   0x80000408   0x00000008   Code   RO          415    .ARM.Collect$$_printf_percent$$00000009  c_t.l(_printf_d.o)
    0x80000410   0x80000410   0x00000008   Code   RO          416    .ARM.Collect$$_printf_percent$$0000000A  c_t.l(_printf_u.o)
    0x80000418   0x80000418   0x00000008   Code   RO          531    .ARM.Collect$$_printf_percent$$0000000B  c_t.l(_printf_o.o)
    0x80000420   0x80000420   0x00000008   Code   RO          529    .ARM.Collect$$_printf_percent$$0000000C  c_t.l(_printf_x.o)
    0x80000428   0x80000428   0x00000008   Code   RO          538    .ARM.Collect$$_printf_percent$$0000000D  c_t.l(_printf_lli.o)
    0x80000430   0x80000430   0x00000008   Code   RO          539    .ARM.Collect$$_printf_percent$$0000000E  c_t.l(_printf_lld.o)
    0x80000438   0x80000438   0x00000008   Code   RO          540    .ARM.Collect$$_printf_percent$$0000000F  c_t.l(_printf_llu.o)
    0x80000440   0x80000440   0x00000008   Code   RO          545    .ARM.Collect$$_printf_percent$$00000010  c_t.l(_printf_llo.o)
    0x80000448   0x80000448   0x00000008   Code   RO          546    .ARM.Collect$$_printf_percent$$00000011  c_t.l(_printf_llx.o)
    0x80000450   0x80000450   0x0000000c   Code   RO          542    .ARM.Collect$$_printf_percent$$00000012  c_t.l(_printf_l.o)
    0x8000045c   0x8000045c   0x00000008   Code   RO          526    .ARM.Collect$$_printf_percent$$00000013  c_t.l(_printf_c.o)
    0x80000464   0x80000464   0x00000008   Code   RO          527    .ARM.Collect$$_printf_percent$$00000014  c_t.l(_printf_s.o)
    0x8000046c   0x8000046c   0x00000008   Code   RO          543    .ARM.Collect$$_printf_percent$$00000015  c_t.l(_printf_lc.o)
    0x80000474   0x80000474   0x00000008   Code   RO          544    .ARM.Collect$$_printf_percent$$00000016  c_t.l(_printf_ls.o)
    0x8000047c   0x8000047c   0x00000008   Code   RO          537    .ARM.Collect$$_printf_percent$$00000017  c_t.l(_printf_percent_end.o)
    0x80000484   0x80000484   0x00000008   Ven    RO          726    .ARM.Collect$$libinit$$00000000  c_t.l(libinit.o)
    0x8000048c   0x8000048c   0x00000002   Code   RO          726    .ARM.Collect$$libinit$$00000000  c_t.l(libinit.o)
    0x8000048e   0x8000048e   0x00000000   Code   RO          554    .ARM.Collect$$libinit$$00000002  c_t.l(libinit2.o)
    0x8000048e   0x8000048e   0x00000000   Code   RO          556    .ARM.Collect$$libinit$$00000004  c_t.l(libinit2.o)
    0x8000048e   0x8000048e   0x00000008   Code   RO          557    .ARM.Collect$$libinit$$00000005  c_t.l(libinit2.o)
    0x80000496   0x80000496   0x00000000   Code   RO          559    .ARM.Collect$$libinit$$0000000A  c_t.l(libinit2.o)
    0x80000496   0x80000496   0x00000000   Code   RO          561    .ARM.Collect$$libinit$$0000000C  c_t.l(libinit2.o)
    0x80000496   0x80000496   0x00000000   Code   RO          563    .ARM.Collect$$libinit$$0000000E  c_t.l(libinit2.o)
    0x80000496   0x80000496   0x00000006   Code   RO          564    .ARM.Collect$$libinit$$0000000F  c_t.l(libinit2.o)
    0x8000049c   0x8000049c   0x00000000   Code   RO          566    .ARM.Collect$$libinit$$00000011  c_t.l(libinit2.o)
    0x8000049c   0x8000049c   0x0000000c   Code   RO          567    .ARM.Collect$$libinit$$00000012  c_t.l(libinit2.o)
    0x800004a8   0x800004a8   0x00000000   Code   RO          568    .ARM.Collect$$libinit$$00000013  c_t.l(libinit2.o)
    0x800004a8   0x800004a8   0x00000000   Code   RO          570    .ARM.Collect$$libinit$$00000015  c_t.l(libinit2.o)
    0x800004a8   0x800004a8   0x0000000a   Code   RO          571    .ARM.Collect$$libinit$$00000016  c_t.l(libinit2.o)
    0x800004b2   0x800004b2   0x00000000   Code   RO          572    .ARM.Collect$$libinit$$00000017  c_t.l(libinit2.o)
    0x800004b2   0x800004b2   0x00000000   Code   RO          574    .ARM.Collect$$libinit$$00000019  c_t.l(libinit2.o)
    0x800004b2   0x800004b2   0x00000000   Code   RO          576    .ARM.Collect$$libinit$$0000001B  c_t.l(libinit2.o)
    0x800004b2   0x800004b2   0x00000000   Code   RO          578    .ARM.Collect$$libinit$$0000001D  c_t.l(libinit2.o)
    0x800004b2   0x800004b2   0x00000000   Code   RO          580    .ARM.Collect$$libinit$$0000001F  c_t.l(libinit2.o)
    0x800004b2   0x800004b2   0x00000000   Code   RO          582    .ARM.Collect$$libinit$$00000021  c_t.l(libinit2.o)
    0x800004b2   0x800004b2   0x00000000   Code   RO          584    .ARM.Collect$$libinit$$00000023  c_t.l(libinit2.o)
    0x800004b2   0x800004b2   0x00000000   Code   RO          586    .ARM.Collect$$libinit$$00000025  c_t.l(libinit2.o)
    0x800004b2   0x800004b2   0x00000000   Code   RO          590    .ARM.Collect$$libinit$$0000002C  c_t.l(libinit2.o)
    0x800004b2   0x800004b2   0x00000000   Code   RO          592    .ARM.Collect$$libinit$$0000002E  c_t.l(libinit2.o)
    0x800004b2   0x800004b2   0x00000000   Code   RO          594    .ARM.Collect$$libinit$$00000030  c_t.l(libinit2.o)
    0x800004b2   0x800004b2   0x00000000   Code   RO          596    .ARM.Collect$$libinit$$00000032  c_t.l(libinit2.o)
    0x800004b2   0x800004b2   0x0000000c   Code   RO          597    .ARM.Collect$$libinit$$00000033  c_t.l(libinit2.o)
    0x800004be   0x800004be   0x00000002   PAD
    0x800004c0   0x800004c0   0x00000008   Ven    RO          790    .ARM.Collect$$libshutdown$$00000000  c_t.l(libshutdown.o)
    0x800004c8   0x800004c8   0x00000004   Code   RO          790    .ARM.Collect$$libshutdown$$00000000  c_t.l(libshutdown.o)
    0x800004cc   0x800004cc   0x00000000   Code   RO          750    .ARM.Collect$$libshutdown$$00000002  c_t.l(libshutdown2.o)
    0x800004cc   0x800004cc   0x00000000   Code   RO          752    .ARM.Collect$$libshutdown$$00000004  c_t.l(libshutdown2.o)
    0x800004cc   0x800004cc   0x00000000   Code   RO          755    .ARM.Collect$$libshutdown$$00000007  c_t.l(libshutdown2.o)
    0x800004cc   0x800004cc   0x00000000   Code   RO          758    .ARM.Collect$$libshutdown$$0000000A  c_t.l(libshutdown2.o)
    0x800004cc   0x800004cc   0x00000000   Code   RO          760    .ARM.Collect$$libshutdown$$0000000C  c_t.l(libshutdown2.o)
    0x800004cc   0x800004cc   0x00000000   Code   RO          763    .ARM.Collect$$libshutdown$$0000000F  c_t.l(libshutdown2.o)
    0x800004cc   0x800004cc   0x00000006   Code   RO          764    .ARM.Collect$$libshutdown$$00000010  c_t.l(libshutdown2.o)
    0x800004d2   0x800004d2   0x00000002   PAD
    0x800004d4   0x800004d4   0x00000000   Code   RO          443    .ARM.Collect$$rtentry$$00000000  c_t.l(__rtentry.o)
    0x800004d4   0x800004d4   0x00000000   Code   RO          609    .ARM.Collect$$rtentry$$00000002  c_t.l(__rtentry2.o)
    0x800004d4   0x800004d4   0x00000008   Code   RO          621    .ARM.Collect$$rtentry$$00000004  c_t.l(__rtentry4.o)
    0x800004dc   0x800004dc   0x00000000   Code   RO          611    .ARM.Collect$$rtentry$$00000009  c_t.l(__rtentry2.o)
    0x800004dc   0x800004dc   0x00000004   Code   RO          612    .ARM.Collect$$rtentry$$0000000A  c_t.l(__rtentry2.o)
    0x800004e0   0x800004e0   0x00000000   Code   RO          614    .ARM.Collect$$rtentry$$0000000C  c_t.l(__rtentry2.o)
    0x800004e0   0x800004e0   0x00000028   Code   RO          615    .ARM.Collect$$rtentry$$0000000D  c_t.l(__rtentry2.o)
    0x80000508   0x80000508   0x00000004   Ven    RO          732    .ARM.Collect$$rtexit$$00000000  c_t.l(rtexit.o)
    0x8000050c   0x8000050c   0x00000004   Code   RO          732    .ARM.Collect$$rtexit$$00000000  c_t.l(rtexit.o)
    0x80000510   0x80000510   0x00000000   Code   RO          766    .ARM.Collect$$rtexit$$00000002  c_t.l(rtexit2.o)
    0x80000510   0x80000510   0x00000004   Code   RO          767    .ARM.Collect$$rtexit$$00000003  c_t.l(rtexit2.o)
    0x80000514   0x80000514   0x00000008   Code   RO          768    .ARM.Collect$$rtexit$$00000004  c_t.l(rtexit2.o)
    0x8000051c   0x8000051c   0x00000000   Code   RO          627    .emb_text           c_t.l(maybetermalloc1.o)
    0x8000051c   0x8000051c   0x00000024   Code   RO            4    .text               str73x.o
    0x80000540   0x80000540   0x000000e0   Code   RO           11    .text               inithw.o
    0x80000620   0x80000620   0x000000f8   Code   RO           97    .text               73x_it.o
    0x80000718   0x80000718   0x00000058   Code   RO          113    .text               retarget.o
    0x80000770   0x80000770   0x00000298   Code   RO          166    .text               73x_cfg.o
    0x80000a08   0x80000a08   0x000005f0   Code   RO          190    .text               73x_uart.o
    0x80000ff8   0x80000ff8   0x000006ec   Code   RO          202    .text               73x_prccu.o
    0x800016e4   0x800016e4   0x00000344   Code   RO          239    .text               73x_cmu.o
    0x80001a28   0x80001a28   0x00000138   Code   RO          251    .text               bigadd.o
    0x80001b60   0x80001b60   0x00000120   Code   RO          254    .text               main.o
    0x80001c80   0x80001c80   0x00000178   Code   RO          277    .text               assembly.o
    0x80001df8   0x80001df8   0x000001a8   Code   RO          280    .text               bigfib.o
    0x80001fa0   0x80001fa0   0x00000004   Code   RO          304    .text               c_t.l(use_no_semi.o)
    0x80001fa4   0x80001fa4   0x0000000c   Code   RO          309    .text               c_t.l(rt_errno_addr_intlibspace.o)
    0x80001fb0   0x80001fb0   0x00000008   Ven    RO          311    .text               c_t.l(stats.o)
    0x80001fb8   0x80001fb8   0x0000001a   Code   RO          311    .text               c_t.l(stats.o)
    0x80001fd2   0x80001fd2   0x00000002   PAD
    0x80001fd4   0x80001fd4   0x00000008   Ven    RO          317    .text               c_t.l(h1_alloc.o)
    0x80001fdc   0x80001fdc   0x0000006e   Code   RO          317    .text               c_t.l(h1_alloc.o)
    0x8000204a   0x8000204a   0x00000002   PAD
    0x8000204c   0x8000204c   0x00000008   Ven    RO          319    .text               c_t.l(h1_free.o)
    0x80002054   0x80002054   0x00000054   Code   RO          319    .text               c_t.l(h1_free.o)
    0x800020a8   0x800020a8   0x0000001c   Code   RO          379    .text               c_t.l(printf.o)
    0x800020c4   0x800020c4   0x00000016   Code   RO          381    .text               c_t.l(fprintf.o)
    0x800020da   0x800020da   0x00000002   PAD
    0x800020dc   0x800020dc   0x00000008   Ven    RO          383    .text               c_t.l(__2printf.o)
    0x800020e4   0x800020e4   0x0000001c   Code   RO          383    .text               c_t.l(__2printf.o)
    0x80002100   0x80002100   0x00000008   Ven    RO          393    .text               c_t.l(_printf_dec.o)
    0x80002108   0x80002108   0x00000070   Code   RO          393    .text               c_t.l(_printf_dec.o)
    0x80002178   0x80002178   0x0000019c   Code   RO          412    .text               c_t.l(__printf_flags_ss_wp.o)
    0x80002314   0x80002314   0x00000004   Ven    RO          418    .text               c_t.l(aeabi_sdiv.o)
    0x80002318   0x80002318   0x00000180   Code   RO          418    .text               c_t.l(aeabi_sdiv.o)
    0x80002498   0x80002498   0x00000006   Code   RO          434    .text               c_t.l(heapauxi.o)
    0x8000249e   0x8000249e   0x00000002   PAD
    0x800024a0   0x800024a0   0x0000000c   Code   RO          438    .text               c_t.l(libspace.o)
    0x800024ac   0x800024ac   0x00000004   Ven    RO          451    .text               c_t.l(rt_heap_descriptor_intlibspace.o)
    0x800024b0   0x800024b0   0x0000000c   Code   RO          451    .text               c_t.l(rt_heap_descriptor_intlibspace.o)
    0x800024bc   0x800024bc   0x00000004   Code   RO          453    .text               c_t.l(hguard.o)
    0x800024c0   0x800024c0   0x00000094   Code   RO          455    .text               c_t.l(init_alloc.o)
    0x80002554   0x80002554   0x0000000e   Code   RO          459    .text               c_t.l(h1_init.o)
    0x80002562   0x80002562   0x00000002   PAD
    0x80002564   0x80002564   0x000000e4   Code   RO          463    .text               c_t.l(h1_stats.o)
    0x80002648   0x80002648   0x00000056   Code   RO          479    .text               c_t.l(_printf_pad.o)
    0x8000269e   0x8000269e   0x0000002c   Code   RO          481    .text               c_t.l(_printf_truncate.o)
    0x800026ca   0x800026ca   0x00000058   Code   RO          483    .text               c_t.l(_printf_str.o)
    0x80002722   0x80002722   0x000000ba   Code   RO          485    .text               c_t.l(_printf_intcommon.o)
    0x800027dc   0x800027dc   0x00000008   Ven    RO          487    .text               c_t.l(_printf_charcount.o)
    0x800027e4   0x800027e4   0x00000026   Code   RO          487    .text               c_t.l(_printf_charcount.o)
    0x8000280a   0x8000280a   0x00000002   PAD
    0x8000280c   0x8000280c   0x0000002c   Code   RO          489    .text               c_t.l(_printf_char_file.o)
    0x80002838   0x80002838   0x000000c0   Code   RO          491    .text               c_t.l(_printf_wctomb.o)
    0x800028f8   0x800028f8   0x00000008   Ven    RO          497    .text               c_t.l(_printf_longlong_dec.o)
    0x80002900   0x80002900   0x00000074   Code   RO          497    .text               c_t.l(_printf_longlong_dec.o)
    0x80002974   0x80002974   0x00000008   Ven    RO          503    .text               c_t.l(_printf_oct_int_ll.o)
    0x8000297c   0x8000297c   0x00000078   Code   RO          503    .text               c_t.l(_printf_oct_int_ll.o)
    0x800029f4   0x800029f4   0x00000008   Ven    RO          523    .text               c_t.l(_printf_hex_int_ll_ptr.o)
    0x800029fc   0x800029fc   0x000000a0   Code   RO          523    .text               c_t.l(_printf_hex_int_ll_ptr.o)
    0x80002a9c   0x80002a9c   0x00000004   Ven    RO          549    .text               c_t.l(rtudiv10.o)
    0x80002aa0   0x80002aa0   0x0000002c   Code   RO          549    .text               c_t.l(rtudiv10.o)
    0x80002acc   0x80002acc   0x00000038   Code   RO          629    .text               c_t.l(h1_extend.o)
    0x80002b04   0x80002b04   0x00000004   Ven    RO          633    .text               c_t.l(lludiv10.o)
    0x80002b08   0x80002b08   0x000000a0   Code   RO          633    .text               c_t.l(lludiv10.o)
    0x80002ba8   0x80002ba8   0x00000420   Code   RO          635    .text               c_t.l(_printf_fp_dec.o)
    0x80002fc8   0x80002fc8   0x00000008   Ven    RO          637    .text               c_t.l(_printf_fp_hex.o)
    0x80002fd0   0x80002fd0   0x000002e0   Code   RO          637    .text               c_t.l(_printf_fp_hex.o)
    0x800032b0   0x800032b0   0x00000030   Code   RO          640    .text               c_t.l(_printf_char_common.o)
    0x800032e0   0x800032e0   0x00000008   Ven    RO          642    .text               c_t.l(_printf_char.o)
    0x800032e8   0x800032e8   0x00000032   Code   RO          642    .text               c_t.l(_printf_char.o)
    0x8000331a   0x8000331a   0x00000002   PAD
    0x8000331c   0x8000331c   0x00000008   Ven    RO          644    .text               c_t.l(_printf_wchar.o)
    0x80003324   0x80003324   0x00000032   Code   RO          644    .text               c_t.l(_printf_wchar.o)
    0x80003356   0x80003356   0x00000046   Code   RO          646    .text               c_t.l(_wcrtomb.o)
    0x8000339c   0x8000339c   0x00000010   Code   RO          650    .text               c_t.l(defsig_rtmem_outer.o)
    0x800033ac   0x800033ac   0x00000060   Code   RO          662    .text               c_t.l(sys_stackheap_outer.o)
    0x8000340c   0x8000340c   0x00000004   Ven    RO          664    .text               c_t.l(rt_ctype_table.o)
    0x80003410   0x80003410   0x00000018   Code   RO          664    .text               c_t.l(rt_ctype_table.o)
    0x80003428   0x80003428   0x00000004   Ven    RO          671    .text               c_t.l(rt_locale_intlibspace.o)
    0x8000342c   0x8000342c   0x0000000c   Code   RO          671    .text               c_t.l(rt_locale_intlibspace.o)
    0x80003438   0x80003438   0x00000090   Code   RO          675    .text               c_t.l(_printf_fp_infnan.o)
    0x800034c8   0x800034c8   0x000000dc   Code   RO          679    .text               c_t.l(bigflt0.o)
    0x800035a4   0x800035a4   0x00000014   Code   RO          707    .text               c_t.l(exit.o)
    0x800035b8   0x800035b8   0x00000010   Code   RO          709    .text               c_t.l(defsig_exit.o)
    0x800035c8   0x800035c8   0x00000054   Code   RO          715    .text               c_t.l(defsig_rtmem_inner.o)
    0x8000361c   0x8000361c   0x00000038   Code   RO          743    .text               c_t.l(defsig_general.o)
    0x80003654   0x80003654   0x000000f4   Code   RO          747    .text               c_t.l(strcmp.o)
    0x80003748   0x80003748   0x00000004   Ven    RO          419    .text_udiv          c_t.l(aeabi_sdiv.o)
    0x8000374c   0x8000374c   0x00000024   Code   RO          419    .text_udiv          c_t.l(aeabi_sdiv.o)
    0x80003770   0x80003770   0x00000004   Ven    RO          682    CL$$btod_d2e        c_t.l(btod.o)
    0x80003774   0x80003774   0x00000038   Code   RO          682    CL$$btod_d2e        c_t.l(btod.o)
    0x800037ac   0x800037ac   0x00000054   Code   RO          684    CL$$btod_d2e_denorm_low  c_t.l(btod.o)
    0x80003800   0x80003800   0x00000068   Code   RO          683    CL$$btod_d2e_norm_op1  c_t.l(btod.o)
    0x80003868   0x80003868   0x0000034c   Code   RO          692    CL$$btod_div_common  c_t.l(btod.o)
    0x80003bb4   0x80003bb4   0x000000f4   Code   RO          689    CL$$btod_e2e        c_t.l(btod.o)
    0x80003ca8   0x80003ca8   0x00000004   Ven    RO          686    CL$$btod_ediv       c_t.l(btod.o)
    0x80003cac   0x80003cac   0x00000038   Code   RO          686    CL$$btod_ediv       c_t.l(btod.o)
    0x80003ce4   0x80003ce4   0x00000004   Ven    RO          685    CL$$btod_emul       c_t.l(btod.o)
    0x80003ce8   0x80003ce8   0x00000038   Code   RO          685    CL$$btod_emul       c_t.l(btod.o)
    0x80003d20   0x80003d20   0x00000268   Code   RO          691    CL$$btod_mult_common  c_t.l(btod.o)
    0x80003f88   0x80003f88   0x00000020   Code   RO          144    DAbt                dabt.o
    0x80003fa8   0x80003fa8   0x00000020   Code   RO          151    FIQ                 fiq.o
    0x80003fc8   0x80003fc8   0x000005c4   Code   RO          154    IRQ                 irq.o
    0x8000458c   0x8000458c   0x00000020   Code   RO          157    PAbt                pabt.o
    0x800045ac   0x800045ac   0x00000030   Code   RO          160    SWI                 swi.o
    0x800045dc   0x800045dc   0x0000001c   Code   RO          163    Undef               undef.o
    0x800045f8   0x800045f8   0x0000000c   Ven    RO          828    Veneer$$Code        anon$$obj.o
    0x80004604   0x80004604   0x0000000c   Ven    RO          829    Veneer$$Code        anon$$obj.o
    0x80004610   0x80004610   0x0000000c   Ven    RO          830    Veneer$$Code        anon$$obj.o
    0x8000461c   0x8000461c   0x0000000c   Ven    RO          831    Veneer$$Code        anon$$obj.o
    0x80004628   0x80004628   0x0000000c   Ven    RO          832    Veneer$$Code        anon$$obj.o
    0x80004634   0x80004634   0x00000008   Ven    RO          833    Veneer$$Code        anon$$obj.o
    0x8000463c   0x8000463c   0x00000008   Ven    RO          834    Veneer$$Code        anon$$obj.o
    0x80004644   0x80004644   0x00000008   Ven    RO          835    Veneer$$Code        anon$$obj.o
    0x8000464c   0x8000464c   0x0000000c   Ven    RO          836    Veneer$$Code        anon$$obj.o
    0x80004658   0x80004658   0x00000002   Code   RO          391    i.__ARM_common_call_via_r1  c_t.l(__printf.o)
    0x8000465a   0x8000465a   0x00000002   Code   RO          495    i.__ARM_common_call_via_r2  c_t.l(_printf_wctomb.o)
    0x8000465c   0x8000465c   0x00000002   Code   RO          648    i.__ARM_common_call_via_r3  c_t.l(_wcrtomb.o)
    0x8000465e   0x8000465e   0x00000002   Code   RO          467    i.__ARM_common_call_via_r4  c_t.l(h1_stats.o)
    0x80004660   0x80004660   0x00000002   Code   RO          465    i.__ARM_common_call_via_r7  c_t.l(h1_stats.o)
    0x80004662   0x80004662   0x00000002   PAD
    0x80004664   0x80004664   0x00000004   Ven    RO          730    i.__ARM_fpclassify  m_ts.l(fpclassify.o)
    0x80004668   0x80004668   0x00000030   Code   RO          730    i.__ARM_fpclassify  m_ts.l(fpclassify.o)
    0x80004698   0x80004698   0x0000000e   Code   RO          405    i._is_digit         c_t.l(__printf_wp.o)
    0x800046a6   0x800046a6   0x00000002   PAD
    0x800046a8   0x800046a8   0x00000004   Ven    RO          705    locale$$code        c_t.l(lc_numeric_c.o)
    0x800046ac   0x800046ac   0x00000050   Code   RO          705    locale$$code        c_t.l(lc_numeric_c.o)
    0x800046fc   0x800046fc   0x00000004   Ven    RO          739    locale$$code        c_t.l(lc_ctype_c.o)
    0x80004700   0x80004700   0x00000050   Code   RO          739    locale$$code        c_t.l(lc_ctype_c.o)
    0x80004750   0x80004750   0x00000004   Ven    RO          727    x$fpl$ieeestatus    fz_ts.l(istatus.o)
    0x80004754   0x80004754   0x00000008   Code   RO          727    x$fpl$ieeestatus    fz_ts.l(istatus.o)
    0x8000475c   0x8000475c   0x00000004   Code   RO          598    x$fpl$printf1       fz_ts.l(printf1.o)
    0x80004760   0x80004760   0x00000004   Code   RO          600    x$fpl$printf2       fz_ts.l(printf2.o)
    0x80004764   0x80004764   0x00000000   Code   RO          729    x$fpl$usenofp       fz_ts.l(usenofp.o)
    0x80004764   0x80004764   0x00000011   Data   RO          413    .constdata          c_t.l(__printf_flags_ss_wp.o)
    0x80004775   0x80004775   0x00000003   PAD
    0x80004778   0x80004778   0x00000008   Data   RO          492    .constdata          c_t.l(_printf_wctomb.o)
    0x80004780   0x80004780   0x00000028   Data   RO          524    .constdata          c_t.l(_printf_hex_int_ll_ptr.o)
    0x800047a8   0x800047a8   0x00000026   Data   RO          638    .constdata          c_t.l(_printf_fp_hex.o)
    0x800047ce   0x800047ce   0x00000002   PAD
    0x800047d0   0x800047d0   0x00000094   Data   RO          680    .constdata          c_t.l(bigflt0.o)
    0x80004864   0x80004864   0x00000020   Data   RO          791    Region$$Table       anon$$obj.o
    0x80004884   0x80004884   0x0000001c   Data   RO          704    locale$$data        c_t.l(lc_numeric_c.o)
    0x800048a0   0x800048a0   0x00000110   Data   RO          738    locale$$data        c_t.l(lc_ctype_c.o)


    Execution Region RW_IRAM1 (Exec base: 0xa0000000, Load base: 0x800049b0, Size: 0x000029b0, Max: 0x00004000, ABSOLUTE)

    Exec Addr    Load Addr    Size         Type   Attr      Idx    E Section Name        Object

    0xa0000000   0x800049b0   0x00000009   Data   RW           13    .data               inithw.o
    0xa0000009   0x800049b9   0x00000003   PAD
    0xa000000c   0x800049bc   0x00000004   Data   RW          114    .data               retarget.o
    0xa0000010        -       0x0000003a   Zero   RW           12    .bss                inithw.o
    0xa000004a   0x800049c0   0x00000002   PAD
    0xa000004c        -       0x00000060   Zero   RW          439    .bss                c_t.l(libspace.o)
    0xa00000ac   0x800049c0   0x00000004   PAD
    0xa00000b0        -       0x00002000   Zero   RW            2    HEAP                str73x.o
    0xa00020b0        -       0x00000900   Zero   RW            1    STACK               str73x.o


==============================================================================

Image component sizes


      Code (inc. data)   RO Data    RW Data    ZI Data      Debug   Object Name

       664          0          0          0          0       2134   73x_cfg.o
       836         24          0          0          0       2596   73x_cmu.o
       248          0          0          0          0       6491   73x_it.o
      1772         28          0          0          0       3519   73x_prccu.o
      1520         28          0          0          0       5182   73x_uart.o
       376         32          0          0          0        320   assembly.o
       312          0          0          0          0        304   bigadd.o
       424          8          0          0          0        925   bigfib.o
        32          0          0          0          0        228   dabt.o
        32          0          0          0          0        224   fiq.o
       224         16          0          9         58      23802   inithw.o
      1476          8          0          0          0        528   irq.o
       288         96          0          0          0        824   main.o
        32          0          0          0          0        228   pabt.o
        88          4          0          4          0       2784   retarget.o
       844        340          0          0      10496        648   str73x.o
        48          0          0          0          0        228   swi.o
        28          0          0          0          0        228   undef.o

    ----------------------------------------------------------------------
      9340        608         32         16      10556      51193   Object Totals
        96         24         32          0          0          0   (incl. Generated)
         0          0          0          3          2          0   (incl. Padding)

    ----------------------------------------------------------------------

      Code (inc. data)   RO Data    RW Data    ZI Data      Debug   Library Member Name

        36          6          0          0          0         84   __2printf.o
         8          0          0          0          0         68   __main.o
         2          0          0          0          0         60   __printf.o
       412          6         17          0          0         92   __printf_flags_ss_wp.o
        14          0          0          0          0         60   __printf_wp.o
         0          0          0          0          0          0   __rtentry.o
        44          4          0          0          0          0   __rtentry2.o
         8          0          0          0          0          0   __rtentry4.o
        60          8          0          0          0          0   __scatter.o
        40          0          0          0          0          0   __scatter_copy.o
        44          0          0          0          0          0   __scatter_zi.o
         8          0          0          0          0          0   _printf_a.o
         8          0          0          0          0          0   _printf_c.o
        58          0          0          0          0        112   _printf_char.o
        48          4          0          0          0         96   _printf_char_common.o
        44          6          0          0          0         88   _printf_char_file.o
        46          0          0          0          0         60   _printf_charcount.o
         8          0          0          0          0          0   _printf_d.o
       120         18          0          0          0         88   _printf_dec.o
         8          0          0          0          0          0   _printf_e.o
         8          0          0          0          0          0   _printf_f.o
      1056         12          0          0          0        188   _printf_fp_dec.o
       744          8         38          0          0        100   _printf_fp_hex.o
       144         16          0          0          0         88   _printf_fp_infnan.o
         8          0          0          0          0          0   _printf_g.o
       168          4         40          0          0        176   _printf_hex_int_ll_ptr.o
         8          0          0          0          0          0   _printf_i.o
       186          0          0          0          0         96   _printf_intcommon.o
        12          0          0          0          0          0   _printf_l.o
         8          0          0          0          0          0   _printf_lc.o
        12          0          0          0          0          0   _printf_ll.o
         8          0          0          0          0          0   _printf_lld.o
         8          0          0          0          0          0   _printf_lli.o
         8          0          0          0          0          0   _printf_llo.o
         8          0          0          0          0          0   _printf_llu.o
         8          0          0          0          0          0   _printf_llx.o
       124         18          0          0          0         88   _printf_longlong_dec.o
         8          0          0          0          0          0   _printf_ls.o
         8          0          0          0          0          0   _printf_n.o
         8          0          0          0          0          0   _printf_o.o
       128         10          0          0          0        136   _printf_oct_int_ll.o
         8          0          0          0          0          0   _printf_p.o
        86          0          0          0          0        116   _printf_pad.o
         4          0          0          0          0          0   _printf_percent.o
         8          0          0          0          0          0   _printf_percent_end.o
         8          0          0          0          0          0   _printf_s.o
        88          0          0          0          0         84   _printf_str.o
        44          0          0          0          0         76   _printf_truncate.o
         8          0          0          0          0          0   _printf_u.o
        58          0          0          0          0        112   _printf_wchar.o
       194          4          8          0          0        156   _printf_wctomb.o
         8          0          0          0          0          0   _printf_x.o
        72          0          0          0          0        148   _wcrtomb.o
       428          0          0          0          0        148   aeabi_sdiv.o
       220          6        148          0          0         96   bigflt0.o
      2072        128          0          0          0        700   btod.o
        16          0          0          0          0         80   defsig_exit.o
        56          0          0          0          0         84   defsig_general.o
        84         58          0          0          0         80   defsig_rtmem_inner.o
        16          0          0          0          0         80   defsig_rtmem_outer.o
        20          0          0          0          0         80   exit.o
        22          0          0          0          0         84   fprintf.o
       118          0          0          0          0        116   h1_alloc.o
        56          0          0          0          0         80   h1_extend.o
        92          0          0          0          0        100   h1_free.o
        14          0          0          0          0         76   h1_init.o
       232         72          0          0          0        216   h1_stats.o
         6          0          0          0          0        136   heapauxi.o
         4          0          0          0          0        120   hguard.o
       148          0          0          0          0        192   init_alloc.o
        84          8        272          0          0         92   lc_ctype_c.o
        84          8         28          0          0         92   lc_numeric_c.o
        10          0          0          0          0          0   libinit.o
        48          0          0          0          0          0   libinit2.o
        12          0          0          0          0          0   libshutdown.o
         6          0          0          0          0          0   libshutdown2.o
        12          4          0          0         96         68   libspace.o
       164          0          0          0          0         96   lludiv10.o
         0          0          0          0          0          0   maybetermalloc1.o
        28          6          0          0          0         84   printf.o
        28          4          0          0          0         84   rt_ctype_table.o
        12          4          0          0          0         68   rt_errno_addr_intlibspace.o
        16          4          0          0          0         68   rt_heap_descriptor_intlibspace.o
        16          4          0          0          0         68   rt_locale_intlibspace.o
         8          0          0          0          0          0   rtexit.o
        12          0          0          0          0          0   rtexit2.o
        48          0          0          0          0         68   rtudiv10.o
        34          0          0          0          0         84   stats.o
       244          4          0          0          0         80   strcmp.o
        96          0          0          0          0         80   sys_stackheap_outer.o
         4          0          0          0          0         68   use_no_semi.o
        12          0          0          0          0         68   istatus.o
         4          0          0          0          0         68   printf1.o
         4          0          0          0          0         68   printf2.o
         0          0          0          0          0          0   usenofp.o
        52          0          0          0          0         68   fpclassify.o

    ----------------------------------------------------------------------
      8936        434        556          0        100       6212   Library Totals
        22          0          5          0          4          0   (incl. Padding)

    ----------------------------------------------------------------------

      Code (inc. data)   RO Data    RW Data    ZI Data      Debug   Library Name

      8842        434        551          0         96       5940   c_t.l
        20          0          0          0          0        204   fz_ts.l
        52          0          0          0          0         68   m_ts.l

    ----------------------------------------------------------------------
      8936        434        556          0        100       6212   Library Totals

    ----------------------------------------------------------------------

==============================================================================


      Code (inc. data)   RO Data    RW Data    ZI Data      Debug   

     18276       1042        588         16      10656      53437   Grand Totals
     18276       1042        588         16      10656      53437   ELF Image Totals
     18276       1042        588         16          0          0   ROM Totals

==============================================================================

    Total RO  Size (Code + RO Data)                18864 (  18.42kB)
    Total RW  Size (RW Data + ZI Data)             10672 (  10.42kB)
    Total ROM Size (Code + RO Data + RW Data)      18880 (  18.44kB)

==============================================================================

