<html>
<body>
<pre>
<h1>µVision Build Log</h1>
<h2>Tool Versions:</h2>
IDE-Version: µVision V5.27.1.0
Copyright (C) 2019 ARM Ltd and ARM Germany GmbH. All rights reserved.
License Information: Anh Vo, SFU, LIC=----
 
Tool Versions:
Toolchain:       MDK-Lite  Version: 5.27.1.0
Toolchain Path:  C:\Keil_v5\ARM\ARMCC\Bin
C Compiler:      Armcc.exe V5.06 update 6 (build 750)
Assembler:       Armasm.exe V5.06 update 6 (build 750)
Linker/Locator:  ArmLink.exe V5.06 update 6 (build 750)
Library Manager: ArmAr.exe V5.06 update 6 (build 750)
Hex Converter:   FromElf.exe V5.06 update 6 (build 750)
CPU DLL:         SARM.DLL V5.27.1.0
Dialog DLL:      DARMST.DLL V1.17.0.0
Target DLL:      UL2ARM.DLL V1.74.10.0
Dialog DLL:      TARMST.DLL V1.16.0.0
 
<h2>Project:</h2>
C:\Users\anhqu\OneDrive\iPad\ENSC 254\HardwareLabs\HW8-EI\uVision.uvproj
Project File Date:  08/01/2021

<h2>Output:</h2>
*** Using Compiler 'V5.06 update 6 (build 750)', folder: 'C:\Keil_v5\ARM\ARMCC\Bin'
Rebuild target 'Simulator'
assembling FIQ.s...
assembling DAbt.s...
assembling F_I_Bit.s...
assembling STR73x.s...
FIQ.inc(130): warning:  #1-D: last line of file ends without a newline
FIQ.inc:   FIQ_Addr        DCD     FIQHandler		
FIQ.inc: STR73x.s: 1 warning, 0 errors
assembling IRQ.s...
compiling Retarget.c...
compiling InitHw.c...
compiling 73x_it.c...
assembling PAbt.s...
assembling SWI.s...
assembling Undef.s...
compiling 73x_cfg.c...
compiling 73x_gpio.c...
compiling 73x_uart.c...
compiling 73x_prccu.c...
compiling 73x_eic.c...
compiling 73x_cmu.c...
assembling bigAdd.s...
compiling 73x_tim.c...
assembling assembly.s...
compiling main.c...
compiling BigFib.c...
linking...
Program Size: Code=18276 RO-data=588 RW-data=16 ZI-data=10656  
".\Flash\Blinky.axf" - 0 Error(s), 1 Warning(s).
Build Time Elapsed:  00:00:02
</pre>
</body>
</html>
